Archive member included to satisfy reference by file (symbol)

C:/devkitPro/libctru/lib\libcitro3d.a(attribs.o)
                              main.o (AttrInfo_Init)
C:/devkitPro/libctru/lib\libcitro3d.a(base.o)
                              C:/devkitPro/libctru/lib\libcitro3d.a(attribs.o) (__C3D_Context)
C:/devkitPro/libctru/lib\libcitro3d.a(buffers.o)
                              main.o (BufInfo_Init)
C:/devkitPro/libctru/lib\libcitro3d.a(drawArrays.o)
                              main.o (C3D_DrawArrays)
C:/devkitPro/libctru/lib\libcitro3d.a(effect.o)
                              C:/devkitPro/libctru/lib\libcitro3d.a(base.o) (C3D_DepthMap)
C:/devkitPro/libctru/lib\libcitro3d.a(fog.o)
                              main.o (C3D_FogGasMode)
C:/devkitPro/libctru/lib\libcitro3d.a(framebuffer.o)
                              C:/devkitPro/libctru/lib\libcitro3d.a(base.o) (C3Di_FrameBufBind)
C:/devkitPro/libctru/lib\libcitro3d.a(gas.o)
                              main.o (GasLut_FromArray)
C:/devkitPro/libctru/lib\libcitro3d.a(immediate.o)
                              C:/devkitPro/libctru/lib\libcitro3d.a(base.o) (C3D_ImmSendAttrib)
C:/devkitPro/libctru/lib\libcitro3d.a(renderqueue.o)
                              C:/devkitPro/libctru/lib\libcitro3d.a(base.o) (C3Di_RenderQueueEnableVBlank)
C:/devkitPro/libctru/lib\libcitro3d.a(tex3ds.o)
                              main.o (Tex3DS_TextureImport)
C:/devkitPro/libctru/lib\libcitro3d.a(texenv.o)
                              main.o (C3D_GetTexEnv)
C:/devkitPro/libctru/lib\libcitro3d.a(texture.o)
                              C:/devkitPro/libctru/lib\libcitro3d.a(tex3ds.o) (C3D_TexInitWithParams)
C:/devkitPro/libctru/lib\libcitro3d.a(uniforms.o)
                              C:/devkitPro/libctru/lib\libcitro3d.a(base.o) (C3D_UpdateUniforms)
C:/devkitPro/libctru/lib\libcitro3d.a(mtx_lookat.o)
                              main.o (Mtx_LookAt)
C:/devkitPro/libctru/lib\libcitro3d.a(mtx_persptilt.o)
                              main.o (Mtx_PerspTilt)
C:/devkitPro/libctru/lib\libcitro3d.a(mtx_rotatex.o)
                              main.o (Mtx_RotateX)
C:/devkitPro/libctru/lib\libcitro3d.a(mtx_rotatey.o)
                              main.o (Mtx_RotateY)
C:/devkitPro/libctru/lib\libcitro3d.a(mtx_translate.o)
                              main.o (Mtx_Translate)
C:/devkitPro/libctru/lib\libctru.a(linear.o)
                              main.o (linearAlloc)
C:/devkitPro/libctru/lib\libctru.a(mem_pool.o)
                              C:/devkitPro/libctru/lib\libctru.a(linear.o) (MemPool::Allocate(MemChunk&, unsigned long, int))
C:/devkitPro/libctru/lib\libctru.a(vram.o)
                              C:/devkitPro/libctru/lib\libcitro3d.a(renderqueue.o) (vramAlloc)
C:/devkitPro/libctru/lib\libctru.a(console.o)
                              main.o (consoleInit)
C:/devkitPro/libctru/lib\libctru.a(gfx.o)
                              C:/devkitPro/libctru/lib\libctru.a(console.o) (gfxIsWide)
C:/devkitPro/libctru/lib\libctru.a(os.o)
                              C:/devkitPro/libctru/lib\libcitro3d.a(buffers.o) (osConvertVirtToPhys)
C:/devkitPro/libctru/lib\libctru.a(gpu.o)
                              C:/devkitPro/libctru/lib\libcitro3d.a(base.o) (gpuCmdBufOffset)
C:/devkitPro/libctru/lib\libctru.a(gx.o)
                              C:/devkitPro/libctru/lib\libcitro3d.a(renderqueue.o) (GX_BindQueue)
C:/devkitPro/libctru/lib\libctru.a(gxqueue.o)
                              C:/devkitPro/libctru/lib\libcitro3d.a(renderqueue.o) (gxCmdQueueClear)
C:/devkitPro/libctru/lib\libctru.a(shaderProgram.o)
                              main.o (shaderInstanceGetUniformLocation)
C:/devkitPro/libctru/lib\libctru.a(shbin.o)
                              main.o (DVLB_ParseFile)
C:/devkitPro/libctru/lib\libctru.a(apt.o)
                              C:/devkitPro/libctru/lib\libcitro3d.a(base.o) (aptHook)
C:/devkitPro/libctru/lib\libctru.a(gspgpu.o)
                              C:/devkitPro/libctru/lib\libctru.a(gfx.o) (gspInit)
C:/devkitPro/libctru/lib\libctru.a(hid.o)
                              main.o (hidScanInput)
C:/devkitPro/libctru/lib\libctru.a(irrst.o)
                              C:/devkitPro/libctru/lib\libctru.a(hid.o) (irrstInit)
C:/devkitPro/libctru/lib\libctru.a(ptmsysm.o)
                              C:/devkitPro/libctru/lib\libctru.a(os.o) (ptmSysmInit)
C:/devkitPro/libctru/lib\libctru.a(decompress.o)
                              C:/devkitPro/libctru/lib\libcitro3d.a(tex3ds.o) (decompressCallback_FD)
C:/devkitPro/libctru/lib\libctru.a(rbtree_find.o)
                              C:/devkitPro/libctru/lib\libctru.a(linear.o) (rbtree_find)
C:/devkitPro/libctru/lib\libctru.a(rbtree_init.o)
                              C:/devkitPro/libctru/lib\libctru.a(linear.o) (rbtree_init)
C:/devkitPro/libctru/lib\libctru.a(rbtree_insert.o)
[...]
Memory Configuration

Name             Origin             Length             Attributes
*default*        0x00000000         0xffffffff

Linker script and memory map

                0x00100000                        PROVIDE (__start__ = 0x100000)
                0x00100000                        . = __start__

.text           0x00100000    0x2029c
 *(.crt0)
 .crt0          0x00100000       0x94 C:/devkitPro/devkitARM/bin/../lib/gcc/arm-none-eabi/13.2.0/../../../../arm-none-eabi/lib/armv6k/fpu/3dsx_crt0.o
                0x00100000                _start
                0x00100008                __service_ptr
                0x0010000c                __apt_appid
                0x00100010                __heap_size
                0x00100014                __linear_heap_size
                0x00100018                __system_arglist
                0x0010001c                __system_runflags
 *(.init)
 .init          0x00100094        0xc C:/devkitPro/devkitARM/bin/../lib/gcc/arm-none-eabi/13.2.0/armv6k/fpu/crti.o
                0x00100094                _init
 .init          0x001000a0        0xc C:/devkitPro/devkitARM/bin/../lib/gcc/arm-none-eabi/13.2.0/armv6k/fpu/crtn.o
                0x001000ac                        . = ALIGN (0x4)
 *(.text)
 .text          0x001000ac      0x240 C:/devkitPro/devkitARM/bin/../lib/gcc/arm-none-eabi/13.2.0/armv6k/fpu\libgcc.a(_divsi3.o)
                0x001000ac                __divsi3
                0x001000ac                __aeabi_idiv
                0x001002cc                __aeabi_idivmod
 .text          0x001002ec        0x4 C:/devkitPro/devkitARM/bin/../lib/gcc/arm-none-eabi/13.2.0/armv6k/fpu\libgcc.a(_dvmd_tls.o)
                0x001002ec                __aeabi_idiv0
                0x001002ec                __aeabi_ldiv0
 .text          0x001002f0      0x3c0 C:/devkitPro/devkitARM/bin/../lib/gcc/arm-none-eabi/13.2.0/armv6k/fpu\libgcc.a(_arm_addsubdf3.o)
                0x001002f0                __aeabi_drsub
                0x001002f8                __aeabi_dsub
                0x001002f8                __subdf3
                0x001002fc                __aeabi_dadd
                0x001002fc                __adddf3
                0x001005a8                __floatunsidf
                0x001005a8                __aeabi_ui2d
                0x001005cc                __floatsidf
                0x001005cc                __aeabi_i2d
                0x001005f4                __aeabi_f2d
                0x001005f4                __extendsfdf2
                0x0010063c                __floatundidf
                0x0010063c                __aeabi_ul2d
                0x00100650                __floatdidf
                0x00100650                __aeabi_l2d
 .text          0x001006b0       0x3c C:/devkitPro/devkitARM/bin/../lib/gcc/arm-none-eabi/13.2.0/armv6k/fpu\libgcc.a(_aeabi_uldivmod.o)
                0x001006b0                __aeabi_uldivmod
 *fill*         0x001006ec       0x14 
 .text          0x00100700      0x390 C:/devkitPro/devkitARM/bin/../lib/gcc/arm-none-eabi/13.2.0/../../../../arm-none-eabi/lib/armv6k/fpu\libg.a(libc_a-strcmp.o)
                0x00100708                strcmp
 .text          0x00100a90      0x20c C:/devkitPro/devkitARM/bin/../lib/gcc/arm-none-eabi/13.2.0/armv6k/fpu\libgcc.a(_udivsi3.o)
                0x00100a90                __aeabi_uidiv
                0x00100a90                __udivsi3
                0x00100c7c                __aeabi_uidivmod
 *(.text.*)
 .text.__do_global_dtors_aux
                0x00100c9c       0x40 C:/devkitPro/devkitARM/bin/../lib/gcc/arm-none-eabi/13.2.0/armv6k/fpu/crtbegin.o
 .text.frame_dummy
                0x00100cdc       0x2c C:/devkitPro/devkitARM/bin/../lib/gcc/arm-none-eabi/13.2.0/armv6k/fpu/crtbegin.o
 .text.loadTextureFromMem.constprop.0
                0x00100d08       0x40 main.o
 .text.startup.main
                0x00100d48      0xa80 main.o
                0x00100d48                main
 .text.AttrInfo_Init
                0x001017c8       0x28 C:/devkitPro/libctru/lib\libcitro3d.a(attribs.o)
                0x001017c8                AttrInfo_Init
 .text.AttrInfo_AddLoader
                0x001017f0       0x94 C:/devkitPro/libctru/lib\libcitro3d.a(attribs.o)
                0x001017f0                AttrInfo_AddLoader
 .text.C3D_GetAttrInfo
                0x00101884       0x20 C:/devkitPro/libctru/lib\libcitro3d.a(attribs.o)
                0x00101884                C3D_GetAttrInfo
 .text.C3Di_AttrInfoBind
                0x001018a4       0x80 C:/devkitPro/libctru/lib\libcitro3d.a(attribs.o)
                0x001018a4                C3Di_AttrInfoBind
 .text.C3Di_LightEnvUpdate
                0x00101924        0x4 C:/devkitPro/libctru/lib\libcitro3d.a(base.o)
                0x00101924                C3Di_LightEnvUpdate
 .text.C3Di_LightEnvDirty
                0x00101928        0x4 C:/devkitPro/libctru/lib\libcitro3d.a(base.o)
                0x00101928                C3Di_LightEnvDirty
 .text.C3Di_ProcTexUpdate
                0x0010192c        0x4 C:/devkitPro/libctru/lib\libcitro3d.a(base.o)
                0x0010192c                C3Di_ProcTexUpdate
 .text.C3Di_ProcTexDirty
                0x00101930        0x4 C:/devkitPro/libctru/lib\libcitro3d.a(base.o)
                0x00101930                C3Di_ProcTexDirty
 .text.C3Di_AptEventHook
                0x00101934       0xb4 C:/devkitPro/libctru/lib\libcitro3d.a(base.o)
 .text.C3D_Init
                0x001019e8      0x1d0 C:/devkitPro/libctru/lib\libcitro3d.a(base.o)
                0x001019e8                C3D_Init
 .text.C3D_SetViewport
                0x00101bb8       0x98 C:/devkitPro/libctru/lib\libcitro3d.a(base.o)
                0x00101bb8                C3D_SetViewport
 .text.C3Di_UpdateContext
                0x00101c50      0x4e8 C:/devkitPro/libctru/lib\libcitro3d.a(base.o)
                0x00101c50                C3Di_UpdateContext
 .text.C3Di_SplitFrame
                0x00102138       0xe0 C:/devkitPro/libctru/lib\libcitro3d.a(base.o)
                0x00102138                C3Di_SplitFrame
 .text.C3D_Fini
                0x00102218       0x44 C:/devkitPro/libctru/lib\libcitro3d.a(base.o)
                0x00102218                C3D_Fini
 .text.C3D_BindProgram
                0x0010225c      0x194 C:/devkitPro/libctru/lib\libcitro3d.a(base.o)
                0x0010225c                C3D_BindProgram
 .text.BufInfo_Init
                0x001023f0       0x24 C:/devkitPro/libctru/lib\libcitro3d.a(buffers.o)
                0x001023f0                BufInfo_Init
 .text.BufInfo_Add
                0x00102414       0x80 C:/devkitPro/libctru/lib\libcitro3d.a(buffers.o)
                0x00102414                BufInfo_Add
 .text.C3D_GetBufInfo
                0x00102494       0x20 C:/devkitPro/libctru/lib\libcitro3d.a(buffers.o)
                0x00102494                C3D_GetBufInfo
 .text.C3Di_BufInfoBind
                0x001024b4       0x48 C:/devkitPro/libctru/lib\libcitro3d.a(buffers.o)
                0x001024b4                C3Di_BufInfoBind
 .text.C3D_DrawArrays
                0x001024fc      0x148 C:/devkitPro/libctru/lib\libcitro3d.a(drawArrays.o)
                0x001024fc                C3D_DrawArrays
 .text.C3D_DepthMap
                0x00102644       0x40 C:/devkitPro/libctru/lib\libcitro3d.a(effect.o)
                0x00102644                C3D_DepthMap
 .text.C3D_CullFace
                0x00102684       0x1c C:/devkitPro/libctru/lib\libcitro3d.a(effect.o)
                0x00102684                C3D_CullFace
 .text.C3D_StencilTest
                0x001026a0       0x40 C:/devkitPro/libctru/lib\libcitro3d.a(effect.o)
                0x001026a0                C3D_StencilTest
 .text.C3D_StencilOp
                0x001026e0       0x24 C:/devkitPro/libctru/lib\libcitro3d.a(effect.o)
                0x001026e0                C3D_StencilOp
 .text.C3D_BlendingColor
                0x00102704       0x1c C:/devkitPro/libctru/lib\libcitro3d.a(effect.o)
                0x00102704                C3D_BlendingColor
 .text.C3D_EarlyDepthTest
                0x00102720       0x24 C:/devkitPro/libctru/lib\libcitro3d.a(effect.o)
                0x00102720                C3D_EarlyDepthTest
 .text.C3D_DepthTest
                0x00102744       0x2c C:/devkitPro/libctru/lib\libcitro3d.a(effect.o)
                0x00102744                C3D_DepthTest
 .text.C3D_AlphaTest
                0x00102770       0x2c C:/devkitPro/libctru/lib\libcitro3d.a(effect.o)
                0x00102770                C3D_AlphaTest
 .text.C3D_AlphaBlend
                0x0010279c       0x50 C:/devkitPro/libctru/lib\libcitro3d.a(effect.o)
                0x0010279c                C3D_AlphaBlend
 .text.C3D_FragOpMode
                0x001027ec       0x30 C:/devkitPro/libctru/lib\libcitro3d.a(effect.o)
                0x001027ec                C3D_FragOpMode
 .text.C3D_FragOpShadow
                0x0010281c       0x44 C:/devkitPro/libctru/lib\libcitro3d.a(effect.o)
                0x0010281c                C3D_FragOpShadow
 .text.C3Di_EffectBind
                0x00102860      0x1ac C:/devkitPro/libctru/lib\libcitro3d.a(effect.o)
                0x00102860                C3Di_EffectBind
 .text.C3D_FogGasMode
                0x00102a0c       0x4c C:/devkitPro/libctru/lib\libcitro3d.a(fog.o)
                0x00102a0c                C3D_FogGasMode
 .text.C3D_CalcColorBufSize
                0x00102a58       0x1c C:/devkitPro/libctru/lib\libcitro3d.a(framebuffer.o)
                0x00102a58                C3D_CalcColorBufSize
 .text.C3D_CalcDepthBufSize
                0x00102a74       0x1c C:/devkitPro/libctru/lib\libcitro3d.a(framebuffer.o)
                0x00102a74                C3D_CalcDepthBufSize
 .text.C3D_SetFrameBuf
                0x00102a90       0x44 C:/devkitPro/libctru/lib\libcitro3d.a(framebuffer.o)
                0x00102a90                C3D_SetFrameBuf
 .text.C3Di_FrameBufBind
                0x00102ad4      0x16c C:/devkitPro/libctru/lib\libcitro3d.a(framebuffer.o)
                0x00102ad4                C3Di_FrameBufBind
 .text.C3D_FrameBufClear
                0x00102c40       0xc8 C:/devkitPro/libctru/lib\libcitro3d.a(framebuffer.o)
                0x00102c40                C3D_FrameBufClear
 .text.C3D_FrameBufTransfer
                0x00102d08       0x44 C:/devkitPro/libctru/lib\libcitro3d.a(framebuffer.o)
                0x00102d08                C3D_FrameBufTransfer
 .text.GasLut_FromArray
                0x00102d4c      0x144 C:/devkitPro/libctru/lib\libcitro3d.a(gas.o)
                0x00102d4c                GasLut_FromArray
 .text.C3D_GasLutBind
                0x00102e90       0x30 C:/devkitPro/libctru/lib\libcitro3d.a(gas.o)
                0x00102e90                C3D_GasLutBind
 .text.C3Di_GasUpdate
                0x00102ec0      0x198 C:/devkitPro/libctru/lib\libcitro3d.a(gas.o)
                0x00102ec0                C3Di_GasUpdate
 .text.C3D_ImmSendAttrib
                0x00103058       0xa8 C:/devkitPro/libctru/lib\libcitro3d.a(immediate.o)
                0x00103058                C3D_ImmSendAttrib
 .text.onVBlank0
                0x00103100       0x4c C:/devkitPro/libctru/lib\libcitro3d.a(renderqueue.o)
 .text.onVBlank1
                0x0010314c       0x4c C:/devkitPro/libctru/lib\libcitro3d.a(renderqueue.o)
 .text.C3Di_RenderTargetDestroy
                0x00103198       0x80 C:/devkitPro/libctru/lib\libcitro3d.a(renderqueue.o)
 .text.onQueueFinish
                0x00103218       0xf4 C:/devkitPro/libctru/lib\libcitro3d.a(renderqueue.o)
 .text.C3Di_RenderQueueEnableVBlank
                0x0010330c       0x38 C:/devkitPro/libctru/lib\libcitro3d.a(renderqueue.o)
                0x0010330c                C3Di_RenderQueueEnableVBlank
 .text.C3Di_RenderQueueDisableVBlank
                0x00103344       0x30 C:/devkitPro/libctru/lib\libcitro3d.a(renderqueue.o)
                0x00103344                C3Di_RenderQueueDisableVBlank
 .text.C3Di_RenderQueueInit
                0x00103374       0x60 C:/devkitPro/libctru/lib\libcitro3d.a(renderqueue.o)
                0x00103374                C3Di_RenderQueueInit
 .text.C3Di_RenderQueueExit
                0x001033d4       0xb4 C:/devkitPro/libctru/lib\libcitro3d.a(renderqueue.o)
                0x001033d4                C3Di_RenderQueueExit
 .text.C3Di_RenderQueueWaitDone
                0x00103488       0x34 C:/devkitPro/libctru/lib\libcitro3d.a(renderqueue.o)
                0x00103488                C3Di_RenderQueueWaitDone
 .text.C3D_FrameBegin
                0x001034bc       0xe8 C:/devkitPro/libctru/lib\libcitro3d.a(renderqueue.o)
                0x001034bc                C3D_FrameBegin
 .text.C3D_FrameDrawOn
                0x001035a4       0x48 C:/devkitPro/libctru/lib\libcitro3d.a(renderqueue.o)
                0x001035a4                C3D_FrameDrawOn
 .text.C3D_FrameEnd
                0x001035ec      0x1d0 C:/devkitPro/libctru/lib\libcitro3d.a(renderqueue.o)
                0x001035ec                C3D_FrameEnd
 .text.C3D_RenderTargetCreate
                0x001037bc      0x170 C:/devkitPro/libctru/lib\libcitro3d.a(renderqueue.o)
                0x001037bc                C3D_RenderTargetCreate
 .text.C3D_RenderTargetSetOutput
                0x0010392c       0xa8 C:/devkitPro/libctru/lib\libcitro3d.a(renderqueue.o)
                0x0010392c                C3D_RenderTargetSetOutput
 .text.C3D_SyncTextureCopy
                0x001039d4       0xfc C:/devkitPro/libctru/lib\libcitro3d.a(renderqueue.o)
                0x001039d4                C3D_SyncTextureCopy
 .text.Tex3DSi_ImportCommon
                0x00103ad0      0x3d8 C:/devkitPro/libctru/lib\libcitro3d.a(tex3ds.o)
 .text.Tex3DS_TextureImport
                0x00103ea8       0x34 C:/devkitPro/libctru/lib\libcitro3d.a(tex3ds.o)
                0x00103ea8                Tex3DS_TextureImport
 .text.Tex3DS_TextureFree
                0x00103edc        0x4 C:/devkitPro/libctru/lib\libcitro3d.a(tex3ds.o)
                0x00103edc                Tex3DS_TextureFree
 .text.C3D_GetTexEnv
                0x00103ee0       0x34 C:/devkitPro/libctru/lib\libcitro3d.a(texenv.o)
                0x00103ee0                C3D_GetTexEnv
 .text.C3Di_TexEnvBind
                0x00103f14       0x24 C:/devkitPro/libctru/lib\libcitro3d.a(texenv.o)
                0x00103f14                C3Di_TexEnvBind
 .text.C3D_TexInitWithParams
                0x00103f38      0x290 C:/devkitPro/libctru/lib\libcitro3d.a(texture.o)
                0x00103f38                C3D_TexInitWithParams
 .text.C3D_TexLoadImage
                0x001041c8       0xc8 C:/devkitPro/libctru/lib\libcitro3d.a(texture.o)
                0x001041c8                C3D_TexLoadImage
 .text.C3D_TexBind
                0x00104290       0x44 C:/devkitPro/libctru/lib\libcitro3d.a(texture.o)
                0x00104290                C3D_TexBind
 .text.C3D_TexDelete
                0x001042d4       0x74 C:/devkitPro/libctru/lib\libcitro3d.a(texture.o)
                0x001042d4                C3D_TexDelete
 .text.C3Di_SetTex
                0x00104348      0x14c C:/devkitPro/libctru/lib\libcitro3d.a(texture.o)
                0x00104348                C3Di_SetTex
 .text.C3D_UpdateUniforms
                0x00104494      0x290 C:/devkitPro/libctru/lib\libcitro3d.a(uniforms.o)
                0x00104494                C3D_UpdateUniforms
 .text.C3Di_DirtyUniforms
                0x00104724       0xc0 C:/devkitPro/libctru/lib\libcitro3d.a(uniforms.o)
                0x00104724                C3Di_DirtyUniforms
 .text.C3Di_LoadShaderUniforms
                0x001047e4       0xd8 C:/devkitPro/libctru/lib\libcitro3d.a(uniforms.o)
                0x001047e4                C3Di_LoadShaderUniforms
 .text.C3Di_ClearShaderUniforms
                0x001048bc       0x28 C:/devkitPro/libctru/lib\libcitro3d.a(uniforms.o)
                0x001048bc                C3Di_ClearShaderUniforms
 .text.Mtx_LookAt
                0x001048e4      0x12c C:/devkitPro/libctru/lib\libcitro3d.a(mtx_lookat.o)
                0x001048e4                Mtx_LookAt
 .text.Mtx_PerspTilt
                0x00104a10       0x94 C:/devkitPro/libctru/lib\libcitro3d.a(mtx_persptilt.o)
                0x00104a10                Mtx_PerspTilt
 .text.Mtx_RotateX
                0x00104aa4       0xa4 C:/devkitPro/libctru/lib\libcitro3d.a(mtx_rotatex.o)
                0x00104aa4                Mtx_RotateX
 .text.Mtx_RotateY
                0x00104b48       0xa0 C:/devkitPro/libctru/lib\libcitro3d.a(mtx_rotatey.o)
                0x00104b48                Mtx_RotateY
 .text.Mtx_Translate
                0x00104be8       0xa4 C:/devkitPro/libctru/lib\libcitro3d.a(mtx_translate.o)
                0x00104be8                Mtx_Translate
 .text._ZL21addrMapNodeComparatorPK11rbtree_nodeS1_
                0x00104c8c       0x24 C:/devkitPro/libctru/lib\libctru.a(linear.o)
 .text._ZL21addrMapNodeDestructorP11rbtree_node
                0x00104cb0        0x4 C:/devkitPro/libctru/lib\libctru.a(linear.o)
 .text.linearMemAlign
                0x00104cb4      0x120 C:/devkitPro/libctru/lib\libctru.a(linear.o)
                0x00104cb4                linearMemAlign
 .text.linearAlloc
                0x00104dd4        0x8 C:/devkitPro/libctru/lib\libctru.a(linear.o)
                0x00104dd4                linearAlloc
 .text.linearFree
                0x00104ddc       0x5c C:/devkitPro/libctru/lib\libctru.a(linear.o)
                0x00104ddc                linearFree
 .text._ZN7MemPool13CoalesceRightEP8MemBlock
                0x00104e38       0x80 C:/devkitPro/libctru/lib\libctru.a(mem_pool.o)
                0x00104e38                MemPool::CoalesceRight(MemBlock*)
 .text._ZN7MemPool8AllocateER8MemChunkmi
                0x00104eb8      0x16c C:/devkitPro/libctru/lib\libctru.a(mem_pool.o)
                0x00104eb8                MemPool::Allocate(MemChunk&, unsigned long, int)
 .text._ZN7MemPool10DeallocateERK8MemChunk
                0x00105024       0xfc C:/devkitPro/libctru/lib\libctru.a(mem_pool.o)
                0x00105024                MemPool::Deallocate(MemChunk const&)
 .text._ZN7MemPool12GetFreeSpaceEv
                0x00105120       0x30 C:/devkitPro/libctru/lib\libctru.a(mem_pool.o)
                0x00105120                MemPool::GetFreeSpace()
 .text._ZL21addrMapNodeComparatorPK11rbtree_nodeS1_
                0x00105150       0x24 C:/devkitPro/libctru/lib\libctru.a(vram.o)
 .text._ZL21addrMapNodeDestructorP11rbtree_node
                0x00105174        0x4 C:/devkitPro/libctru/lib\libctru.a(vram.o)
 .text.vramMemAlignAt
                0x00105178      0x24c C:/devkitPro/libctru/lib\libctru.a(vram.o)
                0x00105178                vramMemAlignAt
 .text.vramAlloc
                0x001053c4        0xc C:/devkitPro/libctru/lib\libctru.a(vram.o)
                0x001053c4                vramAlloc
 .text.vramAllocAt
                0x001053d0        0xc C:/devkitPro/libctru/lib\libctru.a(vram.o)
                0x001053d0                vramAllocAt
 .text.vramFree
                0x001053dc       0x90 C:/devkitPro/libctru/lib\libctru.a(vram.o)
                0x001053dc                vramFree
 .text.consoleHandleColorEsc
                0x0010546c      0x51c C:/devkitPro/libctru/lib\libctru.a(console.o)
 .text.consoleColorStateShift
                0x00105988       0xb8 C:/devkitPro/libctru/lib\libctru.a(console.o)
 .text.consoleDrawChar
                0x00105a40      0x1ac C:/devkitPro/libctru/lib\libctru.a(console.o)
                0x00105a40                consoleDrawChar
 .text.consolePrintChar
                0x00105bec      0x124 C:/devkitPro/libctru/lib\libctru.a(console.o)
                0x00105bec                consolePrintChar
 .text.con_write
                0x00105d10      0x6f4 C:/devkitPro/libctru/lib\libctru.a(console.o)
                0x00105d10                con_write
 .text.newRow   0x00106404       0xfc C:/devkitPro/libctru/lib\libctru.a(console.o)
 .text.consoleInit
                0x00106500      0x18c C:/devkitPro/libctru/lib\libctru.a(console.o)
                0x00106500                consoleInit
 .text.consoleClear
                0x0010668c       0xb8 C:/devkitPro/libctru/lib\libctru.a(console.o)
                0x0010668c                consoleClear
 .text.gfxPresentFramebuffer
                0x00106744       0xd0 C:/devkitPro/libctru/lib\libctru.a(gfx.o)
 .text.gfxIsWide
                0x00106814       0x1c C:/devkitPro/libctru/lib\libctru.a(gfx.o)
                0x00106814                gfxIsWide
 .text.gfxSetScreenFormat
                0x00106830       0xec C:/devkitPro/libctru/lib\libctru.a(gfx.o)
                0x00106830                gfxSetScreenFormat
 .text.gfxSetDoubleBuffering
                0x0010691c       0x10 C:/devkitPro/libctru/lib\libctru.a(gfx.o)
                0x0010691c                gfxSetDoubleBuffering
 .text.gfxInit  0x0010692c       0xe0 C:/devkitPro/libctru/lib\libctru.a(gfx.o)
                0x0010692c                gfxInit
 .text.gfxInitDefault
                0x00106a0c       0x10 C:/devkitPro/libctru/lib\libctru.a(gfx.o)
                0x00106a0c                gfxInitDefault
 .text.gfxExit  0x00106a1c       0xb4 C:/devkitPro/libctru/lib\libctru.a(gfx.o)
                0x00106a1c                gfxExit
 .text.gfxGetFramebuffer
                0x00106ad0       0xa0 C:/devkitPro/libctru/lib\libctru.a(gfx.o)
                0x00106ad0                gfxGetFramebuffer
 .text.gfxFlushBuffers
                0x00106b70      0x104 C:/devkitPro/libctru/lib\libctru.a(gfx.o)
                0x00106b70                gfxFlushBuffers
 .text.gfxScreenSwapBuffers
                0x00106c74       0x30 C:/devkitPro/libctru/lib\libctru.a(gfx.o)
                0x00106c74                gfxScreenSwapBuffers
 .text.gfxSwapBuffersGpu
                0x00106ca4       0x50 C:/devkitPro/libctru/lib\libctru.a(gfx.o)
                0x00106ca4                gfxSwapBuffersGpu
 .text.osConvertVirtToPhys
                0x00106cf4       0x74 C:/devkitPro/libctru/lib\libctru.a(os.o)
                0x00106cf4                osConvertVirtToPhys
 .text.__ctru_speedup_config
                0x00106d68       0x34 C:/devkitPro/libctru/lib\libctru.a(os.o)
                0x00106d68                __ctru_speedup_config
 .text.GPUCMD_Add
                0x00106d9c      0x13c C:/devkitPro/libctru/lib\libctru.a(gpu.o)
                0x00106d9c                GPUCMD_Add
 .text.GPUCMD_Split
                0x00106ed8       0xb0 C:/devkitPro/libctru/lib\libctru.a(gpu.o)
                0x00106ed8                GPUCMD_Split
 .text.f32tof16
                0x00106f88       0x34 C:/devkitPro/libctru/lib\libctru.a(gpu.o)
                0x00106f88                f32tof16
 .text.f32tof24
                0x00106fbc       0x34 C:/devkitPro/libctru/lib\libctru.a(gpu.o)
                0x00106fbc                f32tof24
 .text.f32tof31
                0x00106ff0       0x38 C:/devkitPro/libctru/lib\libctru.a(gpu.o)
                0x00106ff0                f32tof31
 .text.GX_BindQueue
                0x00107028       0x10 C:/devkitPro/libctru/lib\libctru.a(gx.o)
                0x00107028                GX_BindQueue
 .text.GX_ProcessCommandList
                0x00107038       0x78 C:/devkitPro/libctru/lib\libctru.a(gx.o)
                0x00107038                GX_ProcessCommandList
 .text.GX_MemoryFill
                0x001070b0       0x74 C:/devkitPro/libctru/lib\libctru.a(gx.o)
                0x001070b0                GX_MemoryFill
 .text.GX_DisplayTransfer
                0x00107124       0x70 C:/devkitPro/libctru/lib\libctru.a(gx.o)
                0x00107124                GX_DisplayTransfer
 .text.GX_TextureCopy
                0x00107194       0x74 C:/devkitPro/libctru/lib\libctru.a(gx.o)
                0x00107194                GX_TextureCopy
 .text.gxCmdQueueDoCommands.part.0
                0x00107208       0x68 C:/devkitPro/libctru/lib\libctru.a(gxqueue.o)
 .text.gxCmdQueueInterrupt
                0x00107270       0xc8 C:/devkitPro/libctru/lib\libctru.a(gxqueue.o)
                0x00107270                gxCmdQueueInterrupt
 .text.gxCmdQueueClear
                0x00107338       0x4c C:/devkitPro/libctru/lib\libctru.a(gxqueue.o)
                0x00107338                gxCmdQueueClear
 .text.gxCmdQueueAdd
                0x00107384       0xf8 C:/devkitPro/libctru/lib\libctru.a(gxqueue.o)
                0x00107384                gxCmdQueueAdd
 .text.gxCmdQueueRun
                0x0010747c       0x80 C:/devkitPro/libctru/lib\libctru.a(gxqueue.o)
                0x0010747c                gxCmdQueueRun
 .text.gxCmdQueueStop
                0x001074fc       0x60 C:/devkitPro/libctru/lib\libctru.a(gxqueue.o)
                0x001074fc                gxCmdQueueStop
 .text.gxCmdQueueWait
                0x0010755c       0x8c C:/devkitPro/libctru/lib\libctru.a(gxqueue.o)
                0x0010755c                gxCmdQueueWait
 .text.shaderInstanceInit
                0x001075e8      0x1d0 C:/devkitPro/libctru/lib\libctru.a(shaderProgram.o)
                0x001075e8                shaderInstanceInit
 .text.shaderInstanceGetUniformLocation
                0x001077b8       0x18 C:/devkitPro/libctru/lib\libctru.a(shaderProgram.o)
                0x001077b8                shaderInstanceGetUniformLocation
 .text.shaderProgramInit
                0x001077d0       0x1c C:/devkitPro/libctru/lib\libctru.a(shaderProgram.o)
                0x001077d0                shaderProgramInit
 .text.shaderProgramFree
                0x001077ec       0x64 C:/devkitPro/libctru/lib\libctru.a(shaderProgram.o)
                0x001077ec                shaderProgramFree
 .text.shaderProgramSetVsh
                0x00107850       0x80 C:/devkitPro/libctru/lib\libctru.a(shaderProgram.o)
                0x00107850                shaderProgramSetVsh
 .text.shaderProgramConfigure
                0x001078d0      0x8e0 C:/devkitPro/libctru/lib\libctru.a(shaderProgram.o)
                0x001078d0                shaderProgramConfigure
 .text.DVLE_GenerateOutmap.part.0
                0x001081b0      0x1cc C:/devkitPro/libctru/lib\libctru.a(shbin.o)
 .text.DVLB_ParseFile
                0x0010837c      0x1b4 C:/devkitPro/libctru/lib\libctru.a(shbin.o)
                0x0010837c                DVLB_ParseFile
 .text.DVLB_Free
                0x00108530       0x38 C:/devkitPro/libctru/lib\libctru.a(shbin.o)
                0x00108530                DVLB_Free
 .text.DVLE_GetUniformRegister
                0x00108568       0x74 C:/devkitPro/libctru/lib\libctru.a(shbin.o)
                0x00108568                DVLE_GetUniformRegister
 .text.aptConvertScreenForCapture
                0x001085dc      0x1ac C:/devkitPro/libctru/lib\libctru.a(apt.o)
 .text.aptDspSleep
                0x00108788        0x8 C:/devkitPro/libctru/lib\libctru.a(apt.o)
                0x00108788                aptDspSleep
 .text.aptDspWakeup
                0x00108790        0x4 C:/devkitPro/libctru/lib\libctru.a(apt.o)
                0x00108790                aptDspWakeup
 .text.aptDspCancel
                0x00108794        0x4 C:/devkitPro/libctru/lib\libctru.a(apt.o)
                0x00108794                aptDspCancel
 .text.aptSendCommand
                0x00108798      0x158 C:/devkitPro/libctru/lib\libctru.a(apt.o)
                0x00108798                aptSendCommand
 .text.aptExitProcess
                0x001088f0       0x44 C:/devkitPro/libctru/lib\libctru.a(apt.o)
 .text.aptExit  0x00108934      0x38c C:/devkitPro/libctru/lib\libctru.a(apt.o)
                0x00108934                aptExit
 .text.aptHandleSleep
                0x00108cc0       0xe0 C:/devkitPro/libctru/lib\libctru.a(apt.o)
                0x00108cc0                aptHandleSleep
 .text.aptHook  0x00108da0       0x30 C:/devkitPro/libctru/lib\libctru.a(apt.o)
                0x00108da0                aptHook
 .text.aptUnhook
                0x00108dd0       0x30 C:/devkitPro/libctru/lib\libctru.a(apt.o)
                0x00108dd0                aptUnhook
 .text.APT_SleepIfShellClosed
                0x00108e00       0x84 C:/devkitPro/libctru/lib\libctru.a(apt.o)
                0x00108e00                APT_SleepIfShellClosed
 .text.aptSetSleepAllowed
                0x00108e84       0x84 C:/devkitPro/libctru/lib\libctru.a(apt.o)
                0x00108e84                aptSetSleepAllowed
 .text.APT_UnlockTransition
                0x00108f08       0x84 C:/devkitPro/libctru/lib\libctru.a(apt.o)
                0x00108f08                APT_UnlockTransition
 *fill*         0x00108f8c        0x4 
 .text.aptEventHandler
                0x00108f90      0x4a4 C:/devkitPro/libctru/lib\libctru.a(apt.o)
 .text.APT_ReceiveParameter
                0x00109434       0xb0 C:/devkitPro/libctru/lib\libctru.a(apt.o)
                0x00109434                APT_ReceiveParameter
 .text.aptReceiveParameter.constprop.0
                0x001094e4       0xac C:/devkitPro/libctru/lib\libctru.a(apt.o)
 .text.aptScreenTransfer
                0x00109590      0x2ac C:/devkitPro/libctru/lib\libctru.a(apt.o)
 .text.aptWaitForWakeUp.isra.0
                0x0010983c      0x320 C:/devkitPro/libctru/lib\libctru.a(apt.o)
 .text.aptJumpToHomeMenu
                0x00109b5c       0xf8 C:/devkitPro/libctru/lib\libctru.a(apt.o)
                0x00109b5c                aptJumpToHomeMenu
 .text.aptMainLoop
                0x00109c54       0x48 C:/devkitPro/libctru/lib\libctru.a(apt.o)
                0x00109c54                aptMainLoop
 .text.aptInit  0x00109c9c      0x22c C:/devkitPro/libctru/lib\libctru.a(apt.o)
                0x00109c9c                aptInit
 .text.APT_CheckNew3DS
                0x00109ec8       0x7c C:/devkitPro/libctru/lib\libctru.a(apt.o)
                0x00109ec8                APT_CheckNew3DS
 .text.gspHardwareInit
                0x00109f44      0xc64 C:/devkitPro/libctru/lib\libctru.a(gspgpu.o)
 .text.gspInit  0x0010aba8      0x248 C:/devkitPro/libctru/lib\libctru.a(gspgpu.o)
                0x0010aba8                gspInit
 .text.gspExit  0x0010adf0       0xf0 C:/devkitPro/libctru/lib\libctru.a(gspgpu.o)
                0x0010adf0                gspExit
 .text.gspHasGpuRight
                0x0010aee0       0x10 C:/devkitPro/libctru/lib\libctru.a(gspgpu.o)
                0x0010aee0                gspHasGpuRight
 .text.gspPresentBuffer
                0x0010aef0       0xa0 C:/devkitPro/libctru/lib\libctru.a(gspgpu.o)
                0x0010aef0                gspPresentBuffer
 .text.gspSetEventCallback
                0x0010af90       0x30 C:/devkitPro/libctru/lib\libctru.a(gspgpu.o)
                0x0010af90                gspSetEventCallback
 .text.gspWaitForEvent
                0x0010afc0       0x44 C:/devkitPro/libctru/lib\libctru.a(gspgpu.o)
                0x0010afc0                gspWaitForEvent
 .text.gspWaitForAnyEvent
                0x0010b004       0x4c C:/devkitPro/libctru/lib\libctru.a(gspgpu.o)
                0x0010b004                gspWaitForAnyEvent
 .text.gspEventThreadMain
                0x0010b050      0x158 C:/devkitPro/libctru/lib\libctru.a(gspgpu.o)
 .text.gspSubmitGxCommand
                0x0010b1a8      0x130 C:/devkitPro/libctru/lib\libctru.a(gspgpu.o)
                0x0010b1a8                gspSubmitGxCommand
 .text.GSPGPU_FlushDataCache
                0x0010b2d8       0x50 C:/devkitPro/libctru/lib\libctru.a(gspgpu.o)
                0x0010b2d8                GSPGPU_FlushDataCache
 .text.GSPGPU_SetLcdForceBlack
                0x0010b328       0x34 C:/devkitPro/libctru/lib\libctru.a(gspgpu.o)
                0x0010b328                GSPGPU_SetLcdForceBlack
 .text.GSPGPU_AcquireRight
                0x0010b35c       0x68 C:/devkitPro/libctru/lib\libctru.a(gspgpu.o)
                0x0010b35c                GSPGPU_AcquireRight
 .text.GSPGPU_ReleaseRight
                0x0010b3c4       0x48 C:/devkitPro/libctru/lib\libctru.a(gspgpu.o)
                0x0010b3c4                GSPGPU_ReleaseRight
 .text.GSPGPU_ImportDisplayCaptureInfo
                0x0010b40c       0x7c C:/devkitPro/libctru/lib\libctru.a(gspgpu.o)
                0x0010b40c                GSPGPU_ImportDisplayCaptureInfo
 .text.GSPGPU_SaveVramSysArea
                0x0010b488       0x2c C:/devkitPro/libctru/lib\libctru.a(gspgpu.o)
                0x0010b488                GSPGPU_SaveVramSysArea
 .text.GSPGPU_RestoreVramSysArea
                0x0010b4b4       0x2c C:/devkitPro/libctru/lib\libctru.a(gspgpu.o)
                0x0010b4b4                GSPGPU_RestoreVramSysArea
 .text.hidShouldUseIrrst
                0x0010b4e0       0x24 C:/devkitPro/libctru/lib\libctru.a(hid.o)
                0x0010b4e0                hidShouldUseIrrst
 .text.hidInit  0x0010b504      0x18c C:/devkitPro/libctru/lib\libctru.a(hid.o)
                0x0010b504                hidInit
 .text.hidExit  0x0010b690       0xe8 C:/devkitPro/libctru/lib\libctru.a(hid.o)
                0x0010b690                hidExit
 .text.hidScanInput
                0x0010b778      0x2a4 C:/devkitPro/libctru/lib\libctru.a(hid.o)
                0x0010b778                hidScanInput
 .text.hidKeysHeld
                0x0010ba1c       0x10 C:/devkitPro/libctru/lib\libctru.a(hid.o)
                0x0010ba1c                hidKeysHeld
 .text.hidKeysDown
                0x0010ba2c       0x10 C:/devkitPro/libctru/lib\libctru.a(hid.o)
                0x0010ba2c                hidKeysDown
 .text.hidKeysUp
                0x0010ba3c       0x10 C:/devkitPro/libctru/lib\libctru.a(hid.o)
                0x0010ba3c                hidKeysUp
 .text.irrstInit
                0x0010ba4c      0x160 C:/devkitPro/libctru/lib\libctru.a(irrst.o)
                0x0010ba4c                irrstInit
 .text.irrstExit
                0x0010bbac       0xcc C:/devkitPro/libctru/lib\libctru.a(irrst.o)
                0x0010bbac                irrstExit
 .text.irrstScanInput
                0x0010bc78       0xb4 C:/devkitPro/libctru/lib\libctru.a(irrst.o)
                0x0010bc78                irrstScanInput
 .text.irrstKeysHeld
                0x0010bd2c       0x24 C:/devkitPro/libctru/lib\libctru.a(irrst.o)
                0x0010bd2c                irrstKeysHeld
 .text.ptmSysmInit
                0x0010bd50       0x74 C:/devkitPro/libctru/lib\libctru.a(ptmsysm.o)
                0x0010bd50                ptmSysmInit
 .text.ptmSysmExit
                0x0010bdc4       0x3c C:/devkitPro/libctru/lib\libctru.a(ptmsysm.o)
                0x0010bdc4                ptmSysmExit
 .text.PTMSYSM_ConfigureNew3DSCPU
                0x0010be00       0x34 C:/devkitPro/libctru/lib\libctru.a(ptmsysm.o)
                0x0010be00                PTMSYSM_ConfigureNew3DSCPU
 .text.buffer_read
                0x0010be34       0xc4 C:/devkitPro/libctru/lib\libctru.a(decompress.o)
 .text.iov_read
                0x0010bef8       0xcc C:/devkitPro/libctru/lib\libctru.a(decompress.o)
 .text.iov_memmove
                0x0010bfc4      0x148 C:/devkitPro/libctru/lib\libctru.a(decompress.o)
 .text.decompress_rle
                0x0010c10c      0x1dc C:/devkitPro/libctru/lib\libctru.a(decompress.o)
 .text.decompress_lzss
                0x0010c2e8      0x244 C:/devkitPro/libctru/lib\libctru.a(decompress.o)
 .text.decompress_lz11
                0x0010c52c      0x428 C:/devkitPro/libctru/lib\libctru.a(decompress.o)
 .text.decompress_huff
                0x0010c954      0x2d4 C:/devkitPro/libctru/lib\libctru.a(decompress.o)
 .text.decompressHeader
                0x0010cc28       0xdc C:/devkitPro/libctru/lib\libctru.a(decompress.o)
                0x0010cc28                decompressHeader
 .text.decompressV
                0x0010cd04      0x240 C:/devkitPro/libctru/lib\libctru.a(decompress.o)
                0x0010cd04                decompressV
 .text.rbtree_find
                0x0010cf44       0x74 C:/devkitPro/libctru/lib\libctru.a(rbtree_find.o)
                0x0010cf44                rbtree_find
 .text.rbtree_init
                0x0010cfb8       0x10 C:/devkitPro/libctru/lib\libctru.a(rbtree_init.o)
                0x0010cfb8                rbtree_init
 .text.do_insert
                0x0010cfc8      0x1b0 C:/devkitPro/libctru/lib\libctru.a(rbtree_insert.o)
 .text.rbtree_insert
                0x0010d178        0x8 C:/devkitPro/libctru/lib\libctru.a(rbtree_insert.o)
                0x0010d178                rbtree_insert
 .text.rbtree_remove
                0x0010d180      0x318 C:/devkitPro/libctru/lib\libctru.a(rbtree_remove.o)
                0x0010d180                rbtree_remove
 .text.rbtree_rotate
                0x0010d498       0x90 C:/devkitPro/libctru/lib\libctru.a(rbtree_rotate.o)
                0x0010d498                rbtree_rotate
 .text.__system_allocateHeaps
                0x0010d528      0x1e0 C:/devkitPro/libctru/lib\libctru.a(allocateHeaps.o)
                0x0010d528                __system_allocateHeaps
 .text.__libctru_init
                0x0010d708       0x38 C:/devkitPro/libctru/lib\libctru.a(ctru_init.o)
                0x0010d708                __libctru_init
 .text.__system_initArgv
                0x0010d740      0x170 C:/devkitPro/libctru/lib\libctru.a(initArgv.o)
                0x0010d740                __system_initArgv
 .text.__syscall_getreent
                0x0010d8b0       0x30 C:/devkitPro/libctru/lib\libctru.a(syscalls.o)
                0x0010d8b0                __syscall_getreent
 .text.__syscall_lock_acquire
                0x0010d8e0        0x4 C:/devkitPro/libctru/lib\libctru.a(syscalls.o)
                0x0010d8e0                __syscall_lock_acquire
 .text.__syscall_lock_release
                0x0010d8e4        0x4 C:/devkitPro/libctru/lib\libctru.a(syscalls.o)
                0x0010d8e4                __syscall_lock_release
 .text.__syscall_lock_acquire_recursive
                0x0010d8e8        0x4 C:/devkitPro/libctru/lib\libctru.a(syscalls.o)
                0x0010d8e8                __syscall_lock_acquire_recursive
 .text.__syscall_lock_release_recursive
                0x0010d8ec        0x4 C:/devkitPro/libctru/lib\libctru.a(syscalls.o)
                0x0010d8ec                __syscall_lock_release_recursive
 .text.__syscall_exit
                0x0010d8f0        0x4 C:/devkitPro/libctru/lib\libctru.a(syscalls.o)
                0x0010d8f0                __syscall_exit
 .text.initThreadVars
                0x0010d8f4       0x50 C:/devkitPro/libctru/lib\libctru.a(syscalls.o)
                0x0010d8f4                initThreadVars
 .text.__system_initSyscalls
                0x0010d944       0x80 C:/devkitPro/libctru/lib\libctru.a(syscalls.o)
                0x0010d944                __system_initSyscalls
 .text.svcControlMemory
                0x0010d9c4       0x20 C:/devkitPro/libctru/lib\libctru.a(svc.o)
                0x0010d9c4                svcControlMemory
 .text.svcQueryMemory
                0x0010d9e4       0x30 C:/devkitPro/libctru/lib\libctru.a(svc.o)
                0x0010d9e4                svcQueryMemory
 .text.svcExitProcess
                0x0010da14        0x8 C:/devkitPro/libctru/lib\libctru.a(svc.o)
                0x0010da14                svcExitProcess
 .text.svcCreateThread
                0x0010da1c       0x20 C:/devkitPro/libctru/lib\libctru.a(svc.o)
                0x0010da1c                svcCreateThread
 .text.svcExitThread
                0x0010da3c        0x8 C:/devkitPro/libctru/lib\libctru.a(svc.o)
                0x0010da3c                svcExitThread
 .text.svcSleepThread
                0x0010da44        0x8 C:/devkitPro/libctru/lib\libctru.a(svc.o)
                0x0010da44                svcSleepThread
 .text.svcReleaseMutex
                0x0010da4c        0x8 C:/devkitPro/libctru/lib\libctru.a(svc.o)
                0x0010da4c                svcReleaseMutex
 .text.svcCreateEvent
                0x0010da54       0x14 C:/devkitPro/libctru/lib\libctru.a(svc.o)
                0x0010da54                svcCreateEvent
 .text.svcSignalEvent
                0x0010da68        0x8 C:/devkitPro/libctru/lib\libctru.a(svc.o)
                0x0010da68                svcSignalEvent
 .text.svcClearEvent
                0x0010da70        0x8 C:/devkitPro/libctru/lib\libctru.a(svc.o)
                0x0010da70                svcClearEvent
 .text.svcMapMemoryBlock
                0x0010da78        0x8 C:/devkitPro/libctru/lib\libctru.a(svc.o)
                0x0010da78                svcMapMemoryBlock
 .text.svcUnmapMemoryBlock
                0x0010da80        0x8 C:/devkitPro/libctru/lib\libctru.a(svc.o)
                0x0010da80                svcUnmapMemoryBlock
 .text.svcCreateAddressArbiter
                0x0010da88       0x14 C:/devkitPro/libctru/lib\libctru.a(svc.o)
                0x0010da88                svcCreateAddressArbiter
 .text.svcArbitrateAddressNoTimeout
                0x0010da9c        0x8 C:/devkitPro/libctru/lib\libctru.a(svc.o)
                0x0010da9c                svcArbitrateAddressNoTimeout
 .text.svcCloseHandle
                0x0010daa4        0x8 C:/devkitPro/libctru/lib\libctru.a(svc.o)
                0x0010daa4                svcCloseHandle
 .text.svcWaitSynchronization
                0x0010daac        0x8 C:/devkitPro/libctru/lib\libctru.a(svc.o)
                0x0010daac                svcWaitSynchronization
 .text.svcWaitSynchronizationN
                0x0010dab4       0x28 C:/devkitPro/libctru/lib\libctru.a(svc.o)
                0x0010dab4                svcWaitSynchronizationN
 .text.svcDuplicateHandle
                0x0010dadc       0x14 C:/devkitPro/libctru/lib\libctru.a(svc.o)
                0x0010dadc                svcDuplicateHandle
 .text.svcGetSystemTick
                0x0010daf0        0x8 C:/devkitPro/libctru/lib\libctru.a(svc.o)
                0x0010daf0                svcGetSystemTick
 .text.svcConnectToPort
                0x0010daf8       0x14 C:/devkitPro/libctru/lib\libctru.a(svc.o)
                0x0010daf8                svcConnectToPort
 .text.svcSendSyncRequest
                0x0010db0c        0x8 C:/devkitPro/libctru/lib\libctru.a(svc.o)
                0x0010db0c                svcSendSyncRequest
 .text.svcGetResourceLimit
                0x0010db14       0x14 C:/devkitPro/libctru/lib\libctru.a(svc.o)
                0x0010db14                svcGetResourceLimit
 .text.svcGetResourceLimitLimitValues
                0x0010db28        0x8 C:/devkitPro/libctru/lib\libctru.a(svc.o)
                0x0010db28                svcGetResourceLimitLimitValues
 .text.svcGetResourceLimitCurrentValues
                0x0010db30        0x8 C:/devkitPro/libctru/lib\libctru.a(svc.o)
                0x0010db30                svcGetResourceLimitCurrentValues
 .text.svcBreak
                0x0010db38        0x8 C:/devkitPro/libctru/lib\libctru.a(svc.o)
                0x0010db38                svcBreak
 .text.initSystem
                0x0010db40       0x50 C:/devkitPro/libctru/lib\libctru.a(stack_adjust.o)
                0x0010db40                initSystem
 .text.__ctru_exit
                0x0010db90       0x14 C:/devkitPro/libctru/lib\libctru.a(stack_adjust.o)
                0x0010db90                __ctru_exit
 .text.envGetHandle
                0x0010dba4       0x84 C:/devkitPro/libctru/lib\libctru.a(env.o)
                0x0010dba4                envGetHandle
 .text.envDestroyHandles
                0x0010dc28       0x50 C:/devkitPro/libctru/lib\libctru.a(env.o)
                0x0010dc28                envDestroyHandles
 .text.srvInit  0x0010dc78      0x12c C:/devkitPro/libctru/lib\libctru.a(srv.o)
                0x0010dc78                srvInit
 .text.srvExit  0x0010dda4       0x58 C:/devkitPro/libctru/lib\libctru.a(srv.o)
                0x0010dda4                srvExit
 .text.srvEnableNotification
                0x0010ddfc       0x60 C:/devkitPro/libctru/lib\libctru.a(srv.o)
                0x0010ddfc                srvEnableNotification
 .text.srvGetServiceHandleDirect
                0x0010de5c       0xa0 C:/devkitPro/libctru/lib\libctru.a(srv.o)
                0x0010de5c                srvGetServiceHandleDirect
 .text.srvGetServiceHandle
                0x0010defc       0x38 C:/devkitPro/libctru/lib\libctru.a(srv.o)
                0x0010defc                srvGetServiceHandle
 .text.srvSubscribe
                0x0010df34       0x34 C:/devkitPro/libctru/lib\libctru.a(srv.o)
                0x0010df34                srvSubscribe
 .text.srvReceiveNotification
                0x0010df68       0x60 C:/devkitPro/libctru/lib\libctru.a(srv.o)
                0x0010df68                srvReceiveNotification
 .text.srvPublishToSubscriber
                0x0010dfc8       0x38 C:/devkitPro/libctru/lib\libctru.a(srv.o)
                0x0010dfc8                srvPublishToSubscriber
 .text.__sync_init
                0x0010e000        0xc C:/devkitPro/libctru/lib\libctru.a(synchronization.o)
                0x0010e000                __sync_init
 .text.__sync_fini
                0x0010e00c       0x18 C:/devkitPro/libctru/lib\libctru.a(synchronization.o)
                0x0010e00c                __sync_fini
 .text.syncArbitrateAddress
                0x0010e024       0x2c C:/devkitPro/libctru/lib\libctru.a(synchronization.o)
                0x0010e024                syncArbitrateAddress
 .text.LightLock_Lock
                0x0010e050       0xac C:/devkitPro/libctru/lib\libctru.a(synchronization.o)
                0x0010e050                LightLock_Lock
 .text.LightLock_Unlock
                0x0010e0fc       0x40 C:/devkitPro/libctru/lib\libctru.a(synchronization.o)
                0x0010e0fc                LightLock_Unlock
 .text.RecursiveLock_Lock
                0x0010e13c       0x30 C:/devkitPro/libctru/lib\libctru.a(synchronization.o)
                0x0010e13c                RecursiveLock_Lock
 .text.RecursiveLock_Unlock
                0x0010e16c       0x54 C:/devkitPro/libctru/lib\libctru.a(synchronization.o)
                0x0010e16c                RecursiveLock_Unlock
 .text.LightEvent_Init
                0x0010e1c0       0x40 C:/devkitPro/libctru/lib\libctru.a(synchronization.o)
                0x0010e1c0                LightEvent_Init
 .text.LightEvent_Clear
                0x0010e200       0xa4 C:/devkitPro/libctru/lib\libctru.a(synchronization.o)
                0x0010e200                LightEvent_Clear
 .text.LightEvent_Signal
                0x0010e2a4       0xc8 C:/devkitPro/libctru/lib\libctru.a(synchronization.o)
                0x0010e2a4                LightEvent_Signal
 .text.LightEvent_TryWait
                0x0010e36c       0x50 C:/devkitPro/libctru/lib\libctru.a(synchronization.o)
                0x0010e36c                LightEvent_TryWait
 .text.LightEvent_Wait
                0x0010e3bc       0xa0 C:/devkitPro/libctru/lib\libctru.a(synchronization.o)
                0x0010e3bc                LightEvent_Wait
 .text.threadCreate
                0x0010e45c      0x1d8 C:/devkitPro/libctru/lib\libctru.a(thread.o)
                0x0010e45c                threadCreate
 .text.threadFree
                0x0010e634       0x2c C:/devkitPro/libctru/lib\libctru.a(thread.o)
                0x0010e634                threadFree
 .text.threadJoin
                0x0010e660       0x24 C:/devkitPro/libctru/lib\libctru.a(thread.o)
                0x0010e660                threadJoin
 .text.threadGetCurrent
                0x0010e684       0x30 C:/devkitPro/libctru/lib\libctru.a(thread.o)
                0x0010e684                threadGetCurrent
 .text.threadExit
                0x0010e6b4       0x40 C:/devkitPro/libctru/lib\libctru.a(thread.o)
                0x0010e6b4                threadExit
 .text._thread_begin
                0x0010e6f4       0x20 C:/devkitPro/libctru/lib\libctru.a(thread.o)
 .text.mappableFindAddressWithin
                0x0010e714       0xb4 C:/devkitPro/libctru/lib\libctru.a(mappable.o)
 .text.mappableInit
                0x0010e7c8       0x28 C:/devkitPro/libctru/lib\libctru.a(mappable.o)
                0x0010e7c8                mappableInit
 .text.mappableAlloc
                0x0010e7f0       0x80 C:/devkitPro/libctru/lib\libctru.a(mappable.o)
                0x0010e7f0                mappableAlloc
 .text.mappableFree
                0x0010e870        0x4 C:/devkitPro/libctru/lib\libctru.a(mappable.o)
                0x0010e870                mappableFree
 .text.srvPmGetSessionHandle
                0x0010e874        0xc C:/devkitPro/libctru/lib\libctru.a(srvpm.o)
                0x0010e874                srvPmGetSessionHandle
 .text.rbtree_node_next
                0x0010e880       0x5c C:/devkitPro/libctru/lib\libctru.a(rbtree_iterator.o)
                0x0010e880                rbtree_node_next
 .text.__appExit
                0x0010e8dc       0x30 C:/devkitPro/libctru/lib\libctru.a(appExit.o)
                0x0010e8dc                __appExit
 .text.__appInit
                0x0010e90c       0x30 C:/devkitPro/libctru/lib\libctru.a(appInit.o)
                0x0010e90c                __appInit
 .text.__libctru_exit
                0x0010e93c       0x90 C:/devkitPro/libctru/lib\libctru.a(ctru_exit.o)
                0x0010e93c                __libctru_exit
 .text.archive_link
                0x0010e9cc       0x14 C:/devkitPro/libctru/lib\libctru.a(archive_dev.o)
 .text.archive_dirreset
                0x0010e9e0       0x14 C:/devkitPro/libctru/lib\libctru.a(archive_dev.o)
 .text.archive_chmod
                0x0010e9f4       0x14 C:/devkitPro/libctru/lib\libctru.a(archive_dev.o)
 .text.error_cmp
                0x0010ea08       0x24 C:/devkitPro/libctru/lib\libctru.a(archive_dev.o)
 .text.archive_translate_error
                0x0010ea2c       0x50 C:/devkitPro/libctru/lib\libctru.a(archive_dev.o)
 .text.archive_seek
                0x0010ea7c       0xc8 C:/devkitPro/libctru/lib\libctru.a(archive_dev.o)
 .text._archiveInit.part.0
                0x0010eb44       0x7c C:/devkitPro/libctru/lib\libctru.a(archive_dev.o)
 .text.archiveFindDevice.part.0
                0x0010ebc0       0xc4 C:/devkitPro/libctru/lib\libctru.a(archive_dev.o)
 .text.archive_utf16path
                0x0010ec84      0x280 C:/devkitPro/libctru/lib\libctru.a(archive_dev.o)
 .text._archiveUnmountDeviceStruct.part.0
                0x0010ef04       0x9c C:/devkitPro/libctru/lib\libctru.a(archive_dev.o)
 .text.archive_fchmod
                0x0010efa0       0x14 C:/devkitPro/libctru/lib\libctru.a(archive_dev.o)
 .text.archive_statvfs
                0x0010efb4       0x14 C:/devkitPro/libctru/lib\libctru.a(archive_dev.o)
 .text._archiveMountDevice
                0x0010efc8      0x164 C:/devkitPro/libctru/lib\libctru.a(archive_dev.o)
 .text.archive_diropen
                0x0010f12c       0xe8 C:/devkitPro/libctru/lib\libctru.a(archive_dev.o)
 .text.archive_fstat
                0x0010f214       0xa4 C:/devkitPro/libctru/lib\libctru.a(archive_dev.o)
 .text.archive_fsync
                0x0010f2b8       0x6c C:/devkitPro/libctru/lib\libctru.a(archive_dev.o)
 .text.archive_close
                0x0010f324       0x6c C:/devkitPro/libctru/lib\libctru.a(archive_dev.o)
 .text.archive_dirclose
                0x0010f390       0x70 C:/devkitPro/libctru/lib\libctru.a(archive_dev.o)
 .text.sdmc_statvfs
                0x0010f400       0xe8 C:/devkitPro/libctru/lib\libctru.a(archive_dev.o)
 .text.archive_chdir
                0x0010f4e8       0xec C:/devkitPro/libctru/lib\libctru.a(archive_dev.o)
 .text.archive_ftruncate
                0x0010f5d4       0x7c C:/devkitPro/libctru/lib\libctru.a(archive_dev.o)
 .text.archive_read
                0x0010f650       0xac C:/devkitPro/libctru/lib\libctru.a(archive_dev.o)
 .text.archive_unlink
                0x0010f6fc       0xa4 C:/devkitPro/libctru/lib\libctru.a(archive_dev.o)
 .text.archive_rmdir
                0x0010f7a0       0xbc C:/devkitPro/libctru/lib\libctru.a(archive_dev.o)
 .text.archive_mkdir
                0x0010f85c       0xdc C:/devkitPro/libctru/lib\libctru.a(archive_dev.o)
 .text.archive_stat
                0x0010f938      0x194 C:/devkitPro/libctru/lib\libctru.a(archive_dev.o)
 .text.archive_dirnext
                0x0010facc      0x160 C:/devkitPro/libctru/lib\libctru.a(archive_dev.o)
 .text.archive_write
                0x0010fc2c      0x124 C:/devkitPro/libctru/lib\libctru.a(archive_dev.o)
 .text.archive_open
                0x0010fd50      0x20c C:/devkitPro/libctru/lib\libctru.a(archive_dev.o)
 .text.archive_rename
                0x0010ff5c      0x278 C:/devkitPro/libctru/lib\libctru.a(archive_dev.o)
 .text.archiveMountSdmc
                0x001101d4      0x19c C:/devkitPro/libctru/lib\libctru.a(archive_dev.o)
                0x001101d4                archiveMountSdmc
 .text.archiveUnmountAll
                0x00110370       0x54 C:/devkitPro/libctru/lib\libctru.a(archive_dev.o)
                0x00110370                archiveUnmountAll
 .text.fsInit   0x001103c4       0xcc C:/devkitPro/libctru/lib\libctru.a(fs.o)
                0x001103c4                fsInit
 .text.fsExit   0x00110490       0x3c C:/devkitPro/libctru/lib\libctru.a(fs.o)
                0x00110490                fsExit
 .text.fsExemptFromSession
                0x001104cc       0x60 C:/devkitPro/libctru/lib\libctru.a(fs.o)
                0x001104cc                fsExemptFromSession
 .text.fsUnexemptFromSession
                0x0011052c       0x50 C:/devkitPro/libctru/lib\libctru.a(fs.o)
                0x0011052c                fsUnexemptFromSession
 .text.FSUSER_OpenFile
                0x0011057c       0xcc C:/devkitPro/libctru/lib\libctru.a(fs.o)
                0x0011057c                FSUSER_OpenFile
 .text.FSUSER_DeleteFile
                0x00110648       0xbc C:/devkitPro/libctru/lib\libctru.a(fs.o)
                0x00110648                FSUSER_DeleteFile
 .text.FSUSER_RenameFile
                0x00110704       0xf8 C:/devkitPro/libctru/lib\libctru.a(fs.o)
                0x00110704                FSUSER_RenameFile
 .text.FSUSER_DeleteDirectory
                0x001107fc       0xbc C:/devkitPro/libctru/lib\libctru.a(fs.o)
                0x001107fc                FSUSER_DeleteDirectory
 .text.FSUSER_CreateFile
                0x001108b8       0xd4 C:/devkitPro/libctru/lib\libctru.a(fs.o)
                0x001108b8                FSUSER_CreateFile
 .text.FSUSER_CreateDirectory
                0x0011098c       0xc4 C:/devkitPro/libctru/lib\libctru.a(fs.o)
                0x0011098c                FSUSER_CreateDirectory
 .text.FSUSER_RenameDirectory
                0x00110a50       0xf8 C:/devkitPro/libctru/lib\libctru.a(fs.o)
                0x00110a50                FSUSER_RenameDirectory
 .text.FSUSER_OpenDirectory
                0x00110b48       0xb4 C:/devkitPro/libctru/lib\libctru.a(fs.o)
                0x00110b48                FSUSER_OpenDirectory
 .text.FSUSER_OpenArchive
                0x00110bfc       0x94 C:/devkitPro/libctru/lib\libctru.a(fs.o)
                0x00110bfc                FSUSER_OpenArchive
 .text.FSUSER_CloseArchive
                0x00110c90       0x8c C:/devkitPro/libctru/lib\libctru.a(fs.o)
                0x00110c90                FSUSER_CloseArchive
 .text.FSUSER_GetSdmcArchiveResource
                0x00110d1c       0x74 C:/devkitPro/libctru/lib\libctru.a(fs.o)
                0x00110d1c                FSUSER_GetSdmcArchiveResource
 .text.FSUSER_IsSdmcWritable
                0x00110d90       0x64 C:/devkitPro/libctru/lib\libctru.a(fs.o)
                0x00110d90                FSUSER_IsSdmcWritable
 .text.FSFILE_Read
                0x00110df4       0x58 C:/devkitPro/libctru/lib\libctru.a(fs.o)
                0x00110df4                FSFILE_Read
 .text.FSFILE_Write
                0x00110e4c       0x60 C:/devkitPro/libctru/lib\libctru.a(fs.o)
                0x00110e4c                FSFILE_Write
 .text.FSFILE_GetSize
                0x00110eac       0x38 C:/devkitPro/libctru/lib\libctru.a(fs.o)
                0x00110eac                FSFILE_GetSize
 .text.FSFILE_SetSize
                0x00110ee4       0x28 C:/devkitPro/libctru/lib\libctru.a(fs.o)
                0x00110ee4                FSFILE_SetSize
 .text.FSFILE_Close
                0x00110f0c       0x3c C:/devkitPro/libctru/lib\libctru.a(fs.o)
                0x00110f0c                FSFILE_Close
 .text.FSFILE_Flush
                0x00110f48       0x24 C:/devkitPro/libctru/lib\libctru.a(fs.o)
                0x00110f48                FSFILE_Flush
 .text.FSDIR_Read
                0x00110f6c       0x50 C:/devkitPro/libctru/lib\libctru.a(fs.o)
                0x00110f6c                FSDIR_Read
 .text.FSDIR_Close
                0x00110fbc       0x3c C:/devkitPro/libctru/lib\libctru.a(fs.o)
                0x00110fbc                FSDIR_Close
 .text.decode_utf8
                0x00110ff8      0x13c C:/devkitPro/libctru/lib\libctru.a(decode_utf8.o)
                0x00110ff8                decode_utf8
 .text.utf16_to_utf8
                0x00111134       0xe8 C:/devkitPro/libctru/lib\libctru.a(utf16_to_utf8.o)
                0x00111134                utf16_to_utf8
 .text.utf8_to_utf16
                0x0011121c       0xc0 C:/devkitPro/libctru/lib\libctru.a(utf8_to_utf16.o)
                0x0011121c                utf8_to_utf16
 .text.__aeabi_read_tp
                0x001112dc        0xc C:/devkitPro/libctru/lib\libctru.a(readtp.o)
                0x001112dc                __aeabi_read_tp
 .text.decode_utf16
                0x001112e8       0x64 C:/devkitPro/libctru/lib\libctru.a(decode_utf16.o)
                0x001112e8                decode_utf16
 .text.encode_utf16
                0x0011134c       0x54 C:/devkitPro/libctru/lib\libctru.a(encode_utf16.o)
                0x0011134c                encode_utf16
 .text.encode_utf8
                0x001113a0       0xe0 C:/devkitPro/libctru/lib\libctru.a(encode_utf8.o)
                0x001113a0                encode_utf8
 .text.tanf     0x00111480       0x70 C:/devkitPro/devkitARM/bin/../lib/gcc/arm-none-eabi/13.2.0/../../../../arm-none-eabi/lib/armv6k/fpu\libm.a(libm_a-sf_tan.o)
                0x00111480                tanf
 .text.sinf     0x001114f0      0x244 C:/devkitPro/devkitARM/bin/../lib/gcc/arm-none-eabi/13.2.0/../../../../arm-none-eabi/lib/armv6k/fpu\libm.a(libm_a-sinf.o)
                0x001114f0                sinf
 *fill*         0x00111734        0x4 
 .text.cosf     0x00111738      0x22c C:/devkitPro/devkitARM/bin/../lib/gcc/arm-none-eabi/13.2.0/../../../../arm-none-eabi/lib/armv6k/fpu\libm.a(libm_a-cosf.o)
                0x00111738                cosf
 .text.with_errnof
                0x00111964       0x24 C:/devkitPro/devkitARM/bin/../lib/gcc/arm-none-eabi/13.2.0/../../../../arm-none-eabi/lib/armv6k/fpu\libm.a(libm_a-math_errf.o)
 .text.__math_invalidf
                0x00111988       0x1c C:/devkitPro/devkitARM/bin/../lib/gcc/arm-none-eabi/13.2.0/../../../../arm-none-eabi/lib/armv6k/fpu\libm.a(libm_a-math_errf.o)
                0x00111988                __math_invalidf
 *fill*         0x001119a4        0x4 
 .text.sin      0x001119a8       0xc8 C:/devkitPro/devkitARM/bin/../lib/gcc/arm-none-eabi/13.2.0/../../../../arm-none-eabi/lib/armv6k/fpu\libm.a(libm_a-s_sin.o)
                0x001119a8                sin
 .text.cos      0x00111a70       0xc0 C:/devkitPro/devkitARM/bin/../lib/gcc/arm-none-eabi/13.2.0/../../../../arm-none-eabi/lib/armv6k/fpu\libm.a(libm_a-s_cos.o)
                0x00111a70                cos
 .text.__kernel_tanf
                0x00111b30      0x208 C:/devkitPro/devkitARM/bin/../lib/gcc/arm-none-eabi/13.2.0/../../../../arm-none-eabi/lib/armv6k/fpu\libm.a(libm_a-kf_tan.o)
                0x00111b30                __kernel_tanf
 .text.__ieee754_rem_pio2f
                0x00111d38      0x2c8 C:/devkitPro/devkitARM/bin/../lib/gcc/arm-none-eabi/13.2.0/../../../../arm-none-eabi/lib/armv6k/fpu\libm.a(libm_a-ef_rem_pio2.o)
                0x00111d38                __ieee754_rem_pio2f
 .text.__kernel_cos
                0x00112000      0x158 C:/devkitPro/devkitARM/bin/../lib/gcc/arm-none-eabi/13.2.0/../../../../arm-none-eabi/lib/armv6k/fpu\libm.a(libm_a-k_cos.o)
                0x00112000                __kernel_cos
 .text.__kernel_sin
                0x00112158       0xc0 C:/devkitPro/devkitARM/bin/../lib/gcc/arm-none-eabi/13.2.0/../../../../arm-none-eabi/lib/armv6k/fpu\libm.a(libm_a-k_sin.o)
                0x00112158                __kernel_sin
 .text.fabsf    0x00112218       0x10 C:/devkitPro/devkitARM/bin/../lib/gcc/arm-none-eabi/13.2.0/../../../../arm-none-eabi/lib/armv6k/fpu\libm.a(libm_a-sf_fabs.o)
                0x00112218                fabsf
 .text.__ieee754_rem_pio2
                0x00112228      0x308 C:/devkitPro/devkitARM/bin/../lib/gcc/arm-none-eabi/13.2.0/../../../../arm-none-eabi/lib/armv6k/fpu\libm.a(libm_a-e_rem_pio2.o)
                0x00112228                __ieee754_rem_pio2
 .text.fabs     0x00112530       0x14 C:/devkitPro/devkitARM/bin/../lib/gcc/arm-none-eabi/13.2.0/../../../../arm-none-eabi/lib/armv6k/fpu\libm.a(libm_a-s_fabs.o)
                0x00112530                fabs
 .text.__kernel_rem_pio2f
                0x00112544      0x844 C:/devkitPro/devkitARM/bin/../lib/gcc/arm-none-eabi/13.2.0/../../../../arm-none-eabi/lib/armv6k/fpu\libm.a(libm_a-kf_rem_pio2.o)
                0x00112544                __kernel_rem_pio2f
 .text.floorf   0x00112d88       0xc0 C:/devkitPro/devkitARM/bin/../lib/gcc/arm-none-eabi/13.2.0/../../../../arm-none-eabi/lib/armv6k/fpu\libm.a(libm_a-sf_floor.o)
                0x00112d88                floorf
 .text.__kernel_rem_pio2
                0x00112e48      0x870 C:/devkitPro/devkitARM/bin/../lib/gcc/arm-none-eabi/13.2.0/../../../../arm-none-eabi/lib/armv6k/fpu\libm.a(libm_a-k_rem_pio2.o)
                0x00112e48                __kernel_rem_pio2
 .text.scalbn   0x001136b8      0x140 C:/devkitPro/devkitARM/bin/../lib/gcc/arm-none-eabi/13.2.0/../../../../arm-none-eabi/lib/armv6k/fpu\libm.a(libm_a-s_scalbn.o)
                0x001136b8                scalbn
 .text.scalbnf  0x001137f8      0x12c C:/devkitPro/devkitARM/bin/../lib/gcc/arm-none-eabi/13.2.0/../../../../arm-none-eabi/lib/armv6k/fpu\libm.a(libm_a-sf_scalbn.o)
                0x001137f8                scalbnf
 *fill*         0x00113924        0x4 
 .text.floor    0x00113928      0x144 C:/devkitPro/devkitARM/bin/../lib/gcc/arm-none-eabi/13.2.0/../../../../arm-none-eabi/lib/armv6k/fpu\libm.a(libm_a-s_floor.o)
                0x00113928                floor
 .text.__udivmoddi4
                0x00113a6c      0x120 C:/devkitPro/devkitARM/bin/../lib/gcc/arm-none-eabi/13.2.0/armv6k/fpu\libgcc.a(_udivmoddi4.o)
                0x00113a6c                __udivmoddi4
 .text.printf   0x00113b8c       0x34 C:/devkitPro/devkitARM/bin/../lib/gcc/arm-none-eabi/13.2.0/../../../../arm-none-eabi/lib/armv6k/fpu\libg.a(libc_a-printf.o)
                0x00113b8c                printf
 .text.memalign
                0x00113bc0       0x20 C:/devkitPro/devkitARM/bin/../lib/gcc/arm-none-eabi/13.2.0/../../../../arm-none-eabi/lib/armv6k/fpu\libg.a(libc_a-malign.o)
                0x00113bc0                memalign
 .text._memalign_r
                0x00113be0      0x14c C:/devkitPro/devkitARM/bin/../lib/gcc/arm-none-eabi/13.2.0/../../../../arm-none-eabi/lib/armv6k/fpu\libg.a(libc_a-malignr.o)
                0x00113be0                _memalign_r
 .text.bsearch  0x00113d2c       0x78 C:/devkitPro/devkitARM/bin/../lib/gcc/arm-none-eabi/13.2.0/../../../../arm-none-eabi/lib/armv6k/fpu\libg.a(libc_a-bsearch.o)
                0x00113d2c                bsearch
 .text.calloc   0x00113da4       0x20 C:/devkitPro/devkitARM/bin/../lib/gcc/arm-none-eabi/13.2.0/../../../../arm-none-eabi/lib/armv6k/fpu\libg.a(libc_a-calloc.o)
                0x00113da4                calloc
 .text._calloc_r
                0x00113dc4       0xc0 C:/devkitPro/devkitARM/bin/../lib/gcc/arm-none-eabi/13.2.0/../../../../arm-none-eabi/lib/armv6k/fpu\libg.a(libc_a-callocr.o)
                0x00113dc4                _calloc_r
 .text.setvbuf  0x00113e84      0x25c C:/devkitPro/devkitARM/bin/../lib/gcc/arm-none-eabi/13.2.0/../../../../arm-none-eabi/lib/armv6k/fpu\libg.a(libc_a-setvbuf.o)
                0x00113e84                setvbuf
 .text.__call_exitprocs
                0x001140e0        0x4 C:/devkitPro/devkitARM/bin/../lib/gcc/arm-none-eabi/13.2.0/../../../../arm-none-eabi/lib/armv6k/fpu\libg.a(libc_a-exit.o)
                0x001140e0                __call_exitprocs
 .text.exit     0x001140e4       0x30 C:/devkitPro/devkitARM/bin/../lib/gcc/arm-none-eabi/13.2.0/../../../../arm-none-eabi/lib/armv6k/fpu\libg.a(libc_a-exit.o)
                0x001140e4                exit
 .text._malloc_trim_r
                0x00114114       0xf8 C:/devkitPro/devkitARM/bin/../lib/gcc/arm-none-eabi/13.2.0/../../../../arm-none-eabi/lib/armv6k/fpu\libg.a(libc_a-freer.o)
                0x00114114                _malloc_trim_r
 .text._free_r  0x0011420c      0x2e8 C:/devkitPro/devkitARM/bin/../lib/gcc/arm-none-eabi/13.2.0/../../../../arm-none-eabi/lib/armv6k/fpu\libg.a(libc_a-freer.o)
                0x0011420c                _free_r
 .text.malloc   0x001144f4       0x18 C:/devkitPro/devkitARM/bin/../lib/gcc/arm-none-eabi/13.2.0/../../../../arm-none-eabi/lib/armv6k/fpu\libg.a(libc_a-malloc.o)
                0x001144f4                malloc
 .text.free     0x0011450c       0x18 C:/devkitPro/devkitARM/bin/../lib/gcc/arm-none-eabi/13.2.0/../../../../arm-none-eabi/lib/armv6k/fpu\libg.a(libc_a-malloc.o)
                0x0011450c                free
 .text._malloc_r
                0x00114524      0x79c C:/devkitPro/devkitARM/bin/../lib/gcc/arm-none-eabi/13.2.0/../../../../arm-none-eabi/lib/armv6k/fpu\libg.a(libc_a-mallocr.o)
                0x00114524                _malloc_r
 .text.memset   0x00114cc0       0xf4 C:/devkitPro/devkitARM/bin/../lib/gcc/arm-none-eabi/13.2.0/../../../../arm-none-eabi/lib/armv6k/fpu\libg.a(libc_a-memset.o)
                0x00114cc0                memset
 .text.__malloc_lock
                0x00114db4        0xc C:/devkitPro/devkitARM/bin/../lib/gcc/arm-none-eabi/13.2.0/../../../../arm-none-eabi/lib/armv6k/fpu\libg.a(libc_a-mlock.o)
                0x00114db4                __malloc_lock
 .text.__malloc_unlock
                0x00114dc0        0xc C:/devkitPro/devkitARM/bin/../lib/gcc/arm-none-eabi/13.2.0/../../../../arm-none-eabi/lib/armv6k/fpu\libg.a(libc_a-mlock.o)
                0x00114dc0                __malloc_unlock
 .text.get_arg  0x00114dcc      0x64c C:/devkitPro/devkitARM/bin/../lib/gcc/arm-none-eabi/13.2.0/../../../../arm-none-eabi/lib/armv6k/fpu\libg.a(libc_a-vfprintf.o)
 .text._vfprintf_r
                0x00115418     0x3378 C:/devkitPro/devkitARM/bin/../lib/gcc/arm-none-eabi/13.2.0/../../../../arm-none-eabi/lib/armv6k/fpu\libg.a(libc_a-vfprintf.o)
                0x00115418                _vfprintf_r
 .text.__sbprintf
                0x00118790       0xb8 C:/devkitPro/devkitARM/bin/../lib/gcc/arm-none-eabi/13.2.0/../../../../arm-none-eabi/lib/armv6k/fpu\libg.a(libc_a-vfprintf.o)
 .text.strlen   0x00118848       0x90 C:/devkitPro/devkitARM/bin/../lib/gcc/arm-none-eabi/13.2.0/../../../../arm-none-eabi/lib/armv6k/fpu\libg.a(libc_a-strlen.o)
                0x00118848                strlen
 .text.__sflush_r
                0x001188d8      0x22c C:/devkitPro/devkitARM/bin/../lib/gcc/arm-none-eabi/13.2.0/../../../../arm-none-eabi/lib/armv6k/fpu\libg.a(libc_a-fflush.o)
                0x001188d8                __sflush_r
 .text._fflush_r
                0x00118b04       0x94 C:/devkitPro/devkitARM/bin/../lib/gcc/arm-none-eabi/13.2.0/../../../../arm-none-eabi/lib/armv6k/fpu\libg.a(libc_a-fflush.o)
                0x00118b04                _fflush_r
 .text.strncat  0x00118b98       0xe4 C:/devkitPro/devkitARM/bin/../lib/gcc/arm-none-eabi/13.2.0/../../../../arm-none-eabi/lib/armv6k/fpu\libg.a(libc_a-strncat.o)
                0x00118b98                strncat
 .text.strncmp  0x00118c7c       0xe4 C:/devkitPro/devkitARM/bin/../lib/gcc/arm-none-eabi/13.2.0/../../../../arm-none-eabi/lib/armv6k/fpu\libg.a(libc_a-strncmp.o)
                0x00118c7c                strncmp
 .text._fwalk_sglue
                0x00118d60       0x70 C:/devkitPro/devkitARM/bin/../lib/gcc/arm-none-eabi/13.2.0/../../../../arm-none-eabi/lib/armv6k/fpu\libg.a(libc_a-fwalk.o)
                0x00118d60                _fwalk_sglue
 .text.strncpy  0x00118dd0       0xc4 C:/devkitPro/devkitARM/bin/../lib/gcc/arm-none-eabi/13.2.0/../../../../arm-none-eabi/lib/armv6k/fpu\libg.a(libc_a-strncpy.o)
                0x00118dd0                strncpy
 .text.stdio_exit_handler
                0x00118e94       0x1c C:/devkitPro/devkitARM/bin/../lib/gcc/arm-none-eabi/13.2.0/../../../../arm-none-eabi/lib/armv6k/fpu\libg.a(libc_a-findfp.o)
 .text.cleanup_stdio
                0x00118eb0       0x5c C:/devkitPro/devkitARM/bin/../lib/gcc/arm-none-eabi/13.2.0/../../../../arm-none-eabi/lib/armv6k/fpu\libg.a(libc_a-findfp.o)
 .text.global_stdio_init.part.0
                0x00118f0c      0x154 C:/devkitPro/devkitARM/bin/../lib/gcc/arm-none-eabi/13.2.0/../../../../arm-none-eabi/lib/armv6k/fpu\libg.a(libc_a-findfp.o)
 .text.__sinit  0x00119060       0x5c C:/devkitPro/devkitARM/bin/../lib/gcc/arm-none-eabi/13.2.0/../../../../arm-none-eabi/lib/armv6k/fpu\libg.a(libc_a-findfp.o)
                0x00119060                __sinit
 .text.__sfp_lock_acquire
                0x001190bc        0xc C:/devkitPro/devkitARM/bin/../lib/gcc/arm-none-eabi/13.2.0/../../../../arm-none-eabi/lib/armv6k/fpu\libg.a(libc_a-findfp.o)
                0x001190bc                __sfp_lock_acquire
 .text.__sfp_lock_release
                0x001190c8        0xc C:/devkitPro/devkitARM/bin/../lib/gcc/arm-none-eabi/13.2.0/../../../../arm-none-eabi/lib/armv6k/fpu\libg.a(libc_a-findfp.o)
                0x001190c8                __sfp_lock_release
 .text.strnlen  0x001190d4       0x48 C:/devkitPro/devkitARM/bin/../lib/gcc/arm-none-eabi/13.2.0/../../../../arm-none-eabi/lib/armv6k/fpu\libg.a(libc_a-strnlen.o)
                0x001190d4                strnlen
 .text._strtoul_l.isra.0
                0x0011911c      0x1d8 C:/devkitPro/devkitARM/bin/../lib/gcc/arm-none-eabi/13.2.0/../../../../arm-none-eabi/lib/armv6k/fpu\libg.a(libc_a-strtoul.o)
 .text.strtoul  0x001192f4       0x34 C:/devkitPro/devkitARM/bin/../lib/gcc/arm-none-eabi/13.2.0/../../../../arm-none-eabi/lib/armv6k/fpu\libg.a(libc_a-strtoul.o)
                0x001192f4                strtoul
 .text.__locale_mb_cur_max
                0x00119328       0x24 C:/devkitPro/devkitARM/bin/../lib/gcc/arm-none-eabi/13.2.0/../../../../arm-none-eabi/lib/armv6k/fpu\libg.a(libc_a-locale.o)
                0x00119328                __locale_mb_cur_max
 .text._localeconv_r
                0x0011934c       0x24 C:/devkitPro/devkitARM/bin/../lib/gcc/arm-none-eabi/13.2.0/../../../../arm-none-eabi/lib/armv6k/fpu\libg.a(libc_a-localeconv.o)
                0x0011934c                _localeconv_r
 .text.memchr   0x00119370       0xe0 C:/devkitPro/devkitARM/bin/../lib/gcc/arm-none-eabi/13.2.0/../../../../arm-none-eabi/lib/armv6k/fpu\libg.a(libc_a-memchr-stub.o)
                0x00119370                memchr
 .text.__utf8_wctomb
                0x00119450       0xf0 C:/devkitPro/devkitARM/bin/../lib/gcc/arm-none-eabi/13.2.0/../../../../arm-none-eabi/lib/armv6k/fpu\libg.a(libc_a-wctomb_r.o)
                0x00119450                __utf8_wctomb
 .text.memcpy   0x00119540      0x11c C:/devkitPro/devkitARM/bin/../lib/gcc/arm-none-eabi/13.2.0/../../../../arm-none-eabi/lib/armv6k/fpu\libg.a(libc_a-memcpy-stub.o)
                0x00119540                memcpy
 .text.__libc_init_array
                0x0011965c       0x84 C:/devkitPro/devkitARM/bin/../lib/gcc/arm-none-eabi/13.2.0/../../../../arm-none-eabi/lib/armv6k/fpu\libg.a(libc_a-init.o)
                0x0011965c                __libc_init_array
 .text.__libc_fini_array
                0x001196e0       0x3c C:/devkitPro/devkitARM/bin/../lib/gcc/arm-none-eabi/13.2.0/../../../../arm-none-eabi/lib/armv6k/fpu\libg.a(libc_a-fini.o)
                0x001196e0                __libc_fini_array
 .text.__errno  0x0011971c        0xc C:/devkitPro/devkitARM/bin/../lib/gcc/arm-none-eabi/13.2.0/../../../../arm-none-eabi/lib/armv6k/fpu\libg.a(libc_a-errno.o)
                0x0011971c                __errno
 .text.frexp    0x00119728       0x88 C:/devkitPro/devkitARM/bin/../lib/gcc/arm-none-eabi/13.2.0/../../../../arm-none-eabi/lib/armv6k/fpu\libg.a(libm_a-s_frexp.o)
                0x00119728                frexp
 .text.__smakebuf_r
                0x001197b0      0x12c C:/devkitPro/devkitARM/bin/../lib/gcc/arm-none-eabi/13.2.0/../../../../arm-none-eabi/lib/armv6k/fpu\libg.a(libc_a-makebuf.o)
                0x001197b0                __smakebuf_r
 .text.__swhatbuf_r
                0x001198dc       0x8c C:/devkitPro/devkitARM/bin/../lib/gcc/arm-none-eabi/13.2.0/../../../../arm-none-eabi/lib/armv6k/fpu\libg.a(libc_a-makebuf.o)
                0x001198dc                __swhatbuf_r
 .text._wcrtomb_r
                0x00119968       0xa0 C:/devkitPro/devkitARM/bin/../lib/gcc/arm-none-eabi/13.2.0/../../../../arm-none-eabi/lib/armv6k/fpu\libg.a(libc_a-wcrtomb.o)
                0x00119968                _wcrtomb_r
 .text._wcsrtombs_r
                0x00119a08       0x28 C:/devkitPro/devkitARM/bin/../lib/gcc/arm-none-eabi/13.2.0/../../../../arm-none-eabi/lib/armv6k/fpu\libg.a(libc_a-wcsrtombs.o)
                0x00119a08                _wcsrtombs_r
 .text.__sread  0x00119a30       0x44 C:/devkitPro/devkitARM/bin/../lib/gcc/arm-none-eabi/13.2.0/../../../../arm-none-eabi/lib/armv6k/fpu\libg.a(libc_a-stdio.o)
                0x00119a30                __sread
 .text.__swrite
                0x00119a74       0x68 C:/devkitPro/devkitARM/bin/../lib/gcc/arm-none-eabi/13.2.0/../../../../arm-none-eabi/lib/armv6k/fpu\libg.a(libc_a-stdio.o)
                0x00119a74                __swrite
 .text.__sseek  0x00119adc       0x44 C:/devkitPro/devkitARM/bin/../lib/gcc/arm-none-eabi/13.2.0/../../../../arm-none-eabi/lib/armv6k/fpu\libg.a(libc_a-stdio.o)
                0x00119adc                __sseek
 .text.__sclose
                0x00119b20        0x8 C:/devkitPro/devkitARM/bin/../lib/gcc/arm-none-eabi/13.2.0/../../../../arm-none-eabi/lib/armv6k/fpu\libg.a(libc_a-stdio.o)
                0x00119b20                __sclose
 .text.get_arg  0x00119b28      0x64c C:/devkitPro/devkitARM/bin/../lib/gcc/arm-none-eabi/13.2.0/../../../../arm-none-eabi/lib/armv6k/fpu\libg.a(libc_a-vfiprintf.o)
 .text.__sprint_r
                0x0011a174       0x30 C:/devkitPro/devkitARM/bin/../lib/gcc/arm-none-eabi/13.2.0/../../../../arm-none-eabi/lib/armv6k/fpu\libg.a(libc_a-vfiprintf.o)
                0x0011a174                __sprint_r
 .text._vfiprintf_r
                0x0011a1a4     0x2304 C:/devkitPro/devkitARM/bin/../lib/gcc/arm-none-eabi/13.2.0/../../../../arm-none-eabi/lib/armv6k/fpu\libg.a(libc_a-vfiprintf.o)
                0x0011a1a4                _vfiprintf_r
 .text.__sbprintf
                0x0011c4a8       0xb8 C:/devkitPro/devkitARM/bin/../lib/gcc/arm-none-eabi/13.2.0/../../../../arm-none-eabi/lib/armv6k/fpu\libg.a(libc_a-vfiprintf.o)
 .text.__swsetup_r
                0x0011c560      0x138 C:/devkitPro/devkitARM/bin/../lib/gcc/arm-none-eabi/13.2.0/../../../../arm-none-eabi/lib/armv6k/fpu\libg.a(libc_a-wsetup.o)
                0x0011c560                __swsetup_r
 .text.quorem   0x0011c698      0x1b4 C:/devkitPro/devkitARM/bin/../lib/gcc/arm-none-eabi/13.2.0/../../../../arm-none-eabi/lib/armv6k/fpu\libg.a(libc_a-dtoa.o)
 *fill*         0x0011c84c        0x4 
 .text._dtoa_r  0x0011c850     0x1218 C:/devkitPro/devkitARM/bin/../lib/gcc/arm-none-eabi/13.2.0/../../../../arm-none-eabi/lib/armv6k/fpu\libg.a(libc_a-dtoa.o)
                0x0011c850                _dtoa_r
 .text.strchr   0x0011da68      0x130 C:/devkitPro/devkitARM/bin/../lib/gcc/arm-none-eabi/13.2.0/../../../../arm-none-eabi/lib/armv6k/fpu\libg.a(libc_a-strchr.o)
                0x0011da68                strchr
 .text._fclose_r
                0x0011db98      0x148 C:/devkitPro/devkitARM/bin/../lib/gcc/arm-none-eabi/13.2.0/../../../../arm-none-eabi/lib/armv6k/fpu\libg.a(libc_a-fclose.o)
                0x0011db98                _fclose_r
 .text.memmove  0x0011dce0      0x150 C:/devkitPro/devkitARM/bin/../lib/gcc/arm-none-eabi/13.2.0/../../../../arm-none-eabi/lib/armv6k/fpu\libg.a(libc_a-memmove.o)
                0x0011dce0                memmove
 .text._Balloc  0x0011de30       0x88 C:/devkitPro/devkitARM/bin/../lib/gcc/arm-none-eabi/13.2.0/../../../../arm-none-eabi/lib/armv6k/fpu\libg.a(libc_a-mprec.o)
                0x0011de30                _Balloc
 .text._Bfree   0x0011deb8       0x1c C:/devkitPro/devkitARM/bin/../lib/gcc/arm-none-eabi/13.2.0/../../../../arm-none-eabi/lib/armv6k/fpu\libg.a(libc_a-mprec.o)
                0x0011deb8                _Bfree
 .text.__multadd
                0x0011ded4       0xf4 C:/devkitPro/devkitARM/bin/../lib/gcc/arm-none-eabi/13.2.0/../../../../arm-none-eabi/lib/armv6k/fpu\libg.a(libc_a-mprec.o)
                0x0011ded4                __multadd
 .text.__hi0bits
                0x0011dfc8       0x60 C:/devkitPro/devkitARM/bin/../lib/gcc/arm-none-eabi/13.2.0/../../../../arm-none-eabi/lib/armv6k/fpu\libg.a(libc_a-mprec.o)
                0x0011dfc8                __hi0bits
 .text.__lo0bits
                0x0011e028       0x9c C:/devkitPro/devkitARM/bin/../lib/gcc/arm-none-eabi/13.2.0/../../../../arm-none-eabi/lib/armv6k/fpu\libg.a(libc_a-mprec.o)
                0x0011e028                __lo0bits
 .text.__i2b    0x0011e0c4       0xa4 C:/devkitPro/devkitARM/bin/../lib/gcc/arm-none-eabi/13.2.0/../../../../arm-none-eabi/lib/armv6k/fpu\libg.a(libc_a-mprec.o)
                0x0011e0c4                __i2b
 .text.__multiply
                0x0011e168      0x204 C:/devkitPro/devkitARM/bin/../lib/gcc/arm-none-eabi/13.2.0/../../../../arm-none-eabi/lib/armv6k/fpu\libg.a(libc_a-mprec.o)
                0x0011e168                __multiply
 .text.__pow5mult
                0x0011e36c      0x128 C:/devkitPro/devkitARM/bin/../lib/gcc/arm-none-eabi/13.2.0/../../../../arm-none-eabi/lib/armv6k/fpu\libg.a(libc_a-mprec.o)
                0x0011e36c                __pow5mult
 .text.__lshift
                0x0011e494      0x140 C:/devkitPro/devkitARM/bin/../lib/gcc/arm-none-eabi/13.2.0/../../../../arm-none-eabi/lib/armv6k/fpu\libg.a(libc_a-mprec.o)
                0x0011e494                __lshift
 .text.__mcmp   0x0011e5d4       0x58 C:/devkitPro/devkitARM/bin/../lib/gcc/arm-none-eabi/13.2.0/../../../../arm-none-eabi/lib/armv6k/fpu\libg.a(libc_a-mprec.o)
                0x0011e5d4                __mcmp
 .text.__mdiff  0x0011e62c      0x1fc C:/devkitPro/devkitARM/bin/../lib/gcc/arm-none-eabi/13.2.0/../../../../arm-none-eabi/lib/armv6k/fpu\libg.a(libc_a-mprec.o)
                0x0011e62c                __mdiff
 .text.__d2b    0x0011e828      0x124 C:/devkitPro/devkitARM/bin/../lib/gcc/arm-none-eabi/13.2.0/../../../../arm-none-eabi/lib/armv6k/fpu\libg.a(libc_a-mprec.o)
                0x0011e828                __d2b
 .text.__sfvwrite_r
                0x0011e94c      0x4b4 C:/devkitPro/devkitARM/bin/../lib/gcc/arm-none-eabi/13.2.0/../../../../arm-none-eabi/lib/armv6k/fpu\libg.a(libc_a-fvwrite.o)
                0x0011e94c                __sfvwrite_r
 .text._realloc_r
                0x0011ee00      0x4a0 C:/devkitPro/devkitARM/bin/../lib/gcc/arm-none-eabi/13.2.0/../../../../arm-none-eabi/lib/armv6k/fpu\libg.a(libc_a-reallocr.o)
                0x0011ee00                _realloc_r
 .text.__utf8_mbtowc
                0x0011f2a0      0x2f8 C:/devkitPro/devkitARM/bin/../lib/gcc/arm-none-eabi/13.2.0/../../../../arm-none-eabi/lib/armv6k/fpu\libg.a(libc_a-mbtowc_r.o)
                0x0011f2a0                __utf8_mbtowc
 .text._wcsnrtombs_l
                0x0011f598      0x188 C:/devkitPro/devkitARM/bin/../lib/gcc/arm-none-eabi/13.2.0/../../../../arm-none-eabi/lib/armv6k/fpu\libg.a(libc_a-wcsnrtombs.o)
                0x0011f598                _wcsnrtombs_l
 .text._wcsnrtombs_r
                0x0011f720       0x64 C:/devkitPro/devkitARM/bin/../lib/gcc/arm-none-eabi/13.2.0/../../../../arm-none-eabi/lib/armv6k/fpu\libg.a(libc_a-wcsnrtombs.o)
                0x0011f720                _wcsnrtombs_r
 .text.__assert_func
                0x0011f784       0x5c C:/devkitPro/devkitARM/bin/../lib/gcc/arm-none-eabi/13.2.0/../../../../arm-none-eabi/lib/armv6k/fpu\libg.a(libc_a-assert.o)
                0x0011f784                __assert_func
 .text.fiprintf
                0x0011f7e0       0x3c C:/devkitPro/devkitARM/bin/../lib/gcc/arm-none-eabi/13.2.0/../../../../arm-none-eabi/lib/armv6k/fpu\libg.a(libc_a-fiprintf.o)
                0x0011f7e0                fiprintf
 .text.abort    0x0011f81c       0x14 C:/devkitPro/devkitARM/bin/../lib/gcc/arm-none-eabi/13.2.0/../../../../arm-none-eabi/lib/armv6k/fpu\libg.a(libc_a-abort.o)
                0x0011f81c                abort
 .text._raise_r
                0x0011f830       0x90 C:/devkitPro/devkitARM/bin/../lib/gcc/arm-none-eabi/13.2.0/../../../../arm-none-eabi/lib/armv6k/fpu\libg.a(libc_a-signal.o)
                0x0011f830                _raise_r
 .text.raise    0x0011f8c0       0x18 C:/devkitPro/devkitARM/bin/../lib/gcc/arm-none-eabi/13.2.0/../../../../arm-none-eabi/lib/armv6k/fpu\libg.a(libc_a-signal.o)
                0x0011f8c0                raise
 .text._exit    0x0011f8d8       0x20 C:/devkitPro/devkitARM/bin/../lib/gcc/arm-none-eabi/13.2.0/../../../../arm-none-eabi/lib/armv6k/fpu\libsysbase.a(libsysbase_libsysbase_a-_exit.o)
                0x0011f8d8                _exit
 .text.chdir    0x0011f8f8      0x13c C:/devkitPro/devkitARM/bin/../lib/gcc/arm-none-eabi/13.2.0/../../../../arm-none-eabi/lib/armv6k/fpu\libsysbase.a(libsysbase_libsysbase_a-chdir.o)
                0x0011f8f8                chdir
 .text._concatenate_path
                0x0011fa34      0x1cc C:/devkitPro/devkitARM/bin/../lib/gcc/arm-none-eabi/13.2.0/../../../../arm-none-eabi/lib/armv6k/fpu\libsysbase.a(libsysbase_libsysbase_a-concatenate.o)
                0x0011fa34                _concatenate_path
 .text._fstat_r
                0x0011fc00       0x78 C:/devkitPro/devkitARM/bin/../lib/gcc/arm-none-eabi/13.2.0/../../../../arm-none-eabi/lib/armv6k/fpu\libsysbase.a(libsysbase_libsysbase_a-fstat.o)
                0x0011fc00                _fstat_r
 .text._getpid_r
                0x0011fc78       0x14 C:/devkitPro/devkitARM/bin/../lib/gcc/arm-none-eabi/13.2.0/../../../../arm-none-eabi/lib/armv6k/fpu\libsysbase.a(libsysbase_libsysbase_a-getpid.o)
                0x0011fc78                _getpid_r
 .text.__getreent
                0x0011fc8c       0x2c C:/devkitPro/devkitARM/bin/../lib/gcc/arm-none-eabi/13.2.0/../../../../arm-none-eabi/lib/armv6k/fpu\libsysbase.a(libsysbase_libsysbase_a-getreent.o)
                0x0011fc8c                __getreent
 .text.__get_handle
                0x0011fcb8       0x3c C:/devkitPro/devkitARM/bin/../lib/gcc/arm-none-eabi/13.2.0/../../../../arm-none-eabi/lib/armv6k/fpu\libsysbase.a(libsysbase_libsysbase_a-handle_manager.o)
                0x0011fcb8                __get_handle
 .text._close_r
                0x0011fcf4       0xf4 C:/devkitPro/devkitARM/bin/../lib/gcc/arm-none-eabi/13.2.0/../../../../arm-none-eabi/lib/armv6k/fpu\libsysbase.a(libsysbase_libsysbase_a-handle_manager.o)
                0x0011fcf4                _close_r
 .text.null_write
                0x0011fde8        0x8 C:/devkitPro/devkitARM/bin/../lib/gcc/arm-none-eabi/13.2.0/../../../../arm-none-eabi/lib/armv6k/fpu\libsysbase.a(libsysbase_libsysbase_a-iosupport.o)
 .text.setDefaultDevice
                0x0011fdf0       0x18 C:/devkitPro/devkitARM/bin/../lib/gcc/arm-none-eabi/13.2.0/../../../../arm-none-eabi/lib/armv6k/fpu\libsysbase.a(libsysbase_libsysbase_a-iosupport.o)
                0x0011fdf0                setDefaultDevice
 .text.FindDevice
                0x0011fe08       0xc8 C:/devkitPro/devkitARM/bin/../lib/gcc/arm-none-eabi/13.2.0/../../../../arm-none-eabi/lib/armv6k/fpu\libsysbase.a(libsysbase_libsysbase_a-iosupport.o)
                0x0011fe08                FindDevice
 .text.RemoveDevice
                0x0011fed0       0x28 C:/devkitPro/devkitARM/bin/../lib/gcc/arm-none-eabi/13.2.0/../../../../arm-none-eabi/lib/armv6k/fpu\libsysbase.a(libsysbase_libsysbase_a-iosupport.o)
                0x0011fed0                RemoveDevice
 .text.AddDevice
                0x0011fef8       0x9c C:/devkitPro/devkitARM/bin/../lib/gcc/arm-none-eabi/13.2.0/../../../../arm-none-eabi/lib/armv6k/fpu\libsysbase.a(libsysbase_libsysbase_a-iosupport.o)
                0x0011fef8                AddDevice
 .text.GetDeviceOpTab
                0x0011ff94       0x20 C:/devkitPro/devkitARM/bin/../lib/gcc/arm-none-eabi/13.2.0/../../../../arm-none-eabi/lib/armv6k/fpu\libsysbase.a(libsysbase_libsysbase_a-iosupport.o)
                0x0011ff94                GetDeviceOpTab
 .text._isatty_r
                0x0011ffb4        0x8 C:/devkitPro/devkitARM/bin/../lib/gcc/arm-none-eabi/13.2.0/../../../../arm-none-eabi/lib/armv6k/fpu\libsysbase.a(libsysbase_libsysbase_a-isatty.o)
                0x0011ffb4                _isatty_r
 .text._kill_r  0x0011ffbc       0x14 C:/devkitPro/devkitARM/bin/../lib/gcc/arm-none-eabi/13.2.0/../../../../arm-none-eabi/lib/armv6k/fpu\libsysbase.a(libsysbase_libsysbase_a-kill.o)
                0x0011ffbc                _kill_r
 .text._lseek_r
                0x0011ffd0       0x84 C:/devkitPro/devkitARM/bin/../lib/gcc/arm-none-eabi/13.2.0/../../../../arm-none-eabi/lib/armv6k/fpu\libsysbase.a(libsysbase_libsysbase_a-lseek.o)
                0x0011ffd0                _lseek_r
 .text._read_r  0x00120054       0x80 C:/devkitPro/devkitARM/bin/../lib/gcc/arm-none-eabi/13.2.0/../../../../arm-none-eabi/lib/armv6k/fpu\libsysbase.a(libsysbase_libsysbase_a-read.o)
                0x00120054                _read_r
 .text._sbrk_r  0x001200d4       0x78 C:/devkitPro/devkitARM/bin/../lib/gcc/arm-none-eabi/13.2.0/../../../../arm-none-eabi/lib/armv6k/fpu\libsysbase.a(libsysbase_libsysbase_a-sbrk.o)
                0x001200d4                _sbrk_r
 .text.__libc_lock_acquire
                0x0012014c       0x1c C:/devkitPro/devkitARM/bin/../lib/gcc/arm-none-eabi/13.2.0/../../../../arm-none-eabi/lib/armv6k/fpu\libsysbase.a(libsysbase_libsysbase_a-syscall_support.o)
                0x0012014c                __libc_lock_acquire
 .text.__libc_lock_release
                0x00120168       0x1c C:/devkitPro/devkitARM/bin/../lib/gcc/arm-none-eabi/13.2.0/../../../../arm-none-eabi/lib/armv6k/fpu\libsysbase.a(libsysbase_libsysbase_a-syscall_support.o)
                0x00120168                __libc_lock_release
 .text.__libc_lock_acquire_recursive
                0x00120184       0x1c C:/devkitPro/devkitARM/bin/../lib/gcc/arm-none-eabi/13.2.0/../../../../arm-none-eabi/lib/armv6k/fpu\libsysbase.a(libsysbase_libsysbase_a-syscall_support.o)
                0x00120184                __libc_lock_acquire_recursive
 .text.__libc_lock_release_recursive
                0x001201a0       0x1c C:/devkitPro/devkitARM/bin/../lib/gcc/arm-none-eabi/13.2.0/../../../../arm-none-eabi/lib/armv6k/fpu\libsysbase.a(libsysbase_libsysbase_a-syscall_support.o)
                0x001201a0                __libc_lock_release_recursive
 .text._write_r
                0x001201bc       0x80 C:/devkitPro/devkitARM/bin/../lib/gcc/arm-none-eabi/13.2.0/../../../../arm-none-eabi/lib/armv6k/fpu\libsysbase.a(libsysbase_libsysbase_a-write.o)
                0x001201bc                _write_r
 .text.strrchr  0x0012023c       0x48 C:/devkitPro/devkitARM/bin/../lib/gcc/arm-none-eabi/13.2.0/../../../../arm-none-eabi/lib/armv6k/fpu\libg.a(libc_a-strrchr.o)
                0x0012023c                strrchr
 *(.glue_7)
 .glue_7        0x00120284        0x0 linker stubs
 *(.glue_7t)
 .glue_7t       0x00120284        0x0 linker stubs
 *(.stub)
 *(.gnu.warning)
 *(.gnu.linkonce.t*)
                0x00120284                        . = ALIGN (0x4)
 *(.fini)
 .fini          0x00120284        0xc C:/devkitPro/devkitARM/bin/../lib/gcc/arm-none-eabi/13.2.0/armv6k/fpu/crti.o
                0x00120284                _fini
 .fini          0x00120290        0xc C:/devkitPro/devkitARM/bin/../lib/gcc/arm-none-eabi/13.2.0/armv6k/fpu/crtn.o
                0x0012029c                        . = ALIGN (0x4)

.vfp11_veneer   0x0012029c        0x0
 .vfp11_veneer  0x0012029c        0x0 linker stubs

.v4_bx          0x0012029c        0x0
 .v4_bx         0x0012029c        0x0 linker stubs

.iplt           0x0012029c        0x0
 .iplt          0x0012029c        0x0 C:/devkitPro/devkitARM/bin/../lib/gcc/arm-none-eabi/13.2.0/../../../../arm-none-eabi/lib/armv6k/fpu/3dsx_crt0.o
                0x00121000                        . = ALIGN (0x1000)

.rodata         0x00121000   0x9dffcc
 *(.rodata)
 .rodata        0x00121000   0x9401a4 main.o
                0x00121000                gasData
 .rodata        0x00a611a4        0xc C:/devkitPro/libctru/lib\libctru.a(archive_dev.o)
 *(.roda)
 *(.rodata.*)
 .rodata.vshader_shbin
                0x00a611b0      0x20c vshader.shbin.o
                0x00a611b0                vshader_shbin
                0x00a613b8                vshader_shbin_size
                0x00a613b8                vshader_shbin_end
 .rodata.people_t3x
                0x00a613bc    0x106a9 people.t3x.o
                0x00a613bc                people_t3x
                0x00a71a65                people_t3x_end
 *fill*         0x00a71a65        0x3 
 .rodata.road_t3x
                0x00a71a68    0x1b8dd road.t3x.o
                0x00a71a68                road_t3x
                0x00a8d345                road_t3x_end
 *fill*         0x00a8d345        0x3 
 .rodata.stop_t3x
                0x00a8d348    0x4e82d stop.t3x.o
                0x00a8d348                stop_t3x
                0x00adbb75                stop_t3x_end
 *fill*         0x00adbb75        0x3 
 .rodata.tunnel1_t3x
                0x00adbb78    0x23c55 tunnel1.t3x.o
                0x00adbb78                tunnel1_t3x
                0x00aff7cd                tunnel1_t3x_end
 *fill*         0x00aff7cd        0x3 
 .rodata.str1.4
                0x00aff7d0      0x25b main.o
                                 0x88 (size before relaxing)
 *fill*         0x00affa2b        0x1 
 .rodata.depthFmtSizes
                0x00affa2c        0x4 C:/devkitPro/libctru/lib\libcitro3d.a(framebuffer.o)
 .rodata.colorFmtSizes
                0x00affa30        0x5 C:/devkitPro/libctru/lib\libcitro3d.a(framebuffer.o)
 *fill*         0x00affa35        0x3 
 .rodata.CSWTCH.19
                0x00affa38       0x38 C:/devkitPro/libctru/lib\libcitro3d.a(texture.o)
 .rodata.str1.4
                0x00affa70       0x10 C:/devkitPro/libctru/lib\libctru.a(console.o)
 .rodata.dotab_stdout
                0x00affa70       0x80 C:/devkitPro/libctru/lib\libctru.a(console.o)
 .rodata.grayScale
                0x00affaf0       0x18 C:/devkitPro/libctru/lib\libctru.a(console.o)
 .rodata.colorCube
                0x00affb08        0x6 C:/devkitPro/libctru/lib\libctru.a(console.o)
 *fill*         0x00affb0e        0x2 
 .rodata.colorTable
                0x00affb10       0x30 C:/devkitPro/libctru/lib\libctru.a(console.o)
 .rodata.aptSendCommand.str1.4
                0x00affb40       0x16 C:/devkitPro/libctru/lib\libctru.a(apt.o)
 .rodata.morton_y.2
                0x00affb40        0x8 C:/devkitPro/libctru/lib\libctru.a(apt.o)
 .rodata.morton_x.3
                0x00affb48        0x8 C:/devkitPro/libctru/lib\libctru.a(apt.o)
 .rodata.s_sleepWakeEvents.4
                0x00affb50        0x8 C:/devkitPro/libctru/lib\libctru.a(apt.o)
 .rodata.gspInit.str1.4
                0x00affb58        0x9 C:/devkitPro/libctru/lib\libctru.a(gspgpu.o)
 .rodata.hidInit.str1.4
                0x00affb58       0x15 C:/devkitPro/libctru/lib\libctru.a(hid.o)
 .rodata.irrstInit.str1.4
                0x00affb58        0x7 C:/devkitPro/libctru/lib\libctru.a(irrst.o)
 .rodata.ptmSysmInit.str1.4
                0x00affb58        0x9 C:/devkitPro/libctru/lib\libctru.a(ptmsysm.o)
 .rodata.__system_initArgv.str1.4
                0x00affb58        0xa C:/devkitPro/libctru/lib\libctru.a(initArgv.o)
 .rodata.default_font_bin
                0x00affb58      0x800 C:/devkitPro/libctru/lib\libctru.a(default_font.bin.o)
                0x00affb58                default_font_bin
                0x00b00358                default_font_bin_end
 .rodata.srvInit.str1.4
                0x00b00358        0x5 C:/devkitPro/libctru/lib\libctru.a(srv.o)
 .rodata.archive_utf16path.str1.4
                0x00b00358        0x2 C:/devkitPro/libctru/lib\libctru.a(archive_dev.o)
 .rodata._archiveUnmountDeviceStruct.part.0.str1.4
                0x00b00358        0x2 C:/devkitPro/libctru/lib\libctru.a(archive_dev.o)
 .rodata._archiveMountDevice.str1.4
                0x00b00358        0xc C:/devkitPro/libctru/lib\libctru.a(archive_dev.o)
 .rodata.archiveMountSdmc.str1.4
                0x00b00358        0x5 C:/devkitPro/libctru/lib\libctru.a(archive_dev.o)
 .rodata.error_table
                0x00b00358       0x30 C:/devkitPro/libctru/lib\libctru.a(archive_dev.o)
 .rodata.str1.4
                0x00b00388        0x8 C:/devkitPro/libctru/lib\libctru.a(archive_dev.o)
 .rodata.archive_devoptab