Archive member included to satisfy reference by file (symbol)

C:/devkitPro/libctru/lib\libcitro3d.a(attribs.o)
                              main.o (AttrInfo_Init)
C:/devkitPro/libctru/lib\libcitro3d.a(base.o)
                              C:/devkitPro/libctru/lib\libcitro3d.a(attribs.o) (__C3D_Context)
C:/devkitPro/libctru/lib\libcitro3d.a(buffers.o)
                              main.o (BufInfo_Init)
C:/devkitPro/libctru/lib\libcitro3d.a(drawArrays.o)
                              main.o (C3D_DrawArrays)
C:/devkitPro/libctru/lib\libcitro3d.a(effect.o)
                              C:/devkitPro/libctru/lib\libcitro3d.a(base.o) (C3D_DepthMap)
C:/devkitPro/libctru/lib\libcitro3d.a(framebuffer.o)
                              C:/devkitPro/libctru/lib\libcitro3d.a(base.o) (C3Di_FrameBufBind)
C:/devkitPro/libctru/lib\libcitro3d.a(immediate.o)
                              C:/devkitPro/libctru/lib\libcitro3d.a(base.o) (C3D_ImmSendAttrib)
C:/devkitPro/libctru/lib\libcitro3d.a(renderqueue.o)
                              C:/devkitPro/libctru/lib\libcitro3d.a(base.o) (C3Di_RenderQueueEnableVBlank)
C:/devkitPro/libctru/lib\libcitro3d.a(tex3ds.o)
                              main.o (Tex3DS_TextureImport)
C:/devkitPro/libctru/lib\libcitro3d.a(texenv.o)
                              main.o (C3D_GetTexEnv)
C:/devkitPro/libctru/lib\libcitro3d.a(texture.o)
                              C:/devkitPro/libctru/lib\libcitro3d.a(tex3ds.o) (C3D_TexInitWithParams)
C:/devkitPro/libctru/lib\libcitro3d.a(uniforms.o)
                              C:/devkitPro/libctru/lib\libcitro3d.a(base.o) (C3D_UpdateUniforms)
C:/devkitPro/libctru/lib\libcitro3d.a(mtx_lookat.o)
                              main.o (Mtx_LookAt)
C:/devkitPro/libctru/lib\libcitro3d.a(mtx_persptilt.o)
                              main.o (Mtx_PerspTilt)
C:/devkitPro/libctru/lib\libcitro3d.a(mtx_rotatex.o)
                              main.o (Mtx_RotateX)
C:/devkitPro/libctru/lib\libcitro3d.a(mtx_rotatey.o)
                              main.o (Mtx_RotateY)
C:/devkitPro/libctru/lib\libcitro3d.a(mtx_translate.o)
                              main.o (Mtx_Translate)
C:/devkitPro/libctru/lib\libctru.a(linear.o)
                              main.o (linearAlloc)
C:/devkitPro/libctru/lib\libctru.a(mem_pool.o)
                              C:/devkitPro/libctru/lib\libctru.a(linear.o) (MemPool::Allocate(MemChunk&, unsigned long, int))
C:/devkitPro/libctru/lib\libctru.a(vram.o)
                              C:/devkitPro/libctru/lib\libcitro3d.a(renderqueue.o) (vramAlloc)
C:/devkitPro/libctru/lib\libctru.a(console.o)
                              main.o (consoleInit)
C:/devkitPro/libctru/lib\libctru.a(gfx.o)
                              C:/devkitPro/libctru/lib\libctru.a(console.o) (gfxIsWide)
C:/devkitPro/libctru/lib\libctru.a(os.o)
                              C:/devkitPro/libctru/lib\libcitro3d.a(buffers.o) (osConvertVirtToPhys)
C:/devkitPro/libctru/lib\libctru.a(gpu.o)
                              C:/devkitPro/libctru/lib\libcitro3d.a(base.o) (gpuCmdBufOffset)
C:/devkitPro/libctru/lib\libctru.a(gx.o)
                              C:/devkitPro/libctru/lib\libcitro3d.a(renderqueue.o) (GX_BindQueue)
C:/devkitPro/libctru/lib\libctru.a(gxqueue.o)
                              C:/devkitPro/libctru/lib\libcitro3d.a(renderqueue.o) (gxCmdQueueClear)
C:/devkitPro/libctru/lib\libctru.a(shaderProgram.o)
                              main.o (shaderInstanceGetUniformLocation)
C:/devkitPro/libctru/lib\libctru.a(shbin.o)
                              main.o (DVLB_ParseFile)
C:/devkitPro/libctru/lib\libctru.a(apt.o)
                              C:/devkitPro/libctru/lib\libcitro3d.a(base.o) (aptHook)
C:/devkitPro/libctru/lib\libctru.a(gspgpu.o)
                              C:/devkitPro/libctru/lib\libctru.a(gfx.o) (gspInit)
C:/devkitPro/libctru/lib\libctru.a(hid.o)
                              main.o (hidScanInput)
C:/devkitPro/libctru/lib\libctru.a(irrst.o)
                              C:/devkitPro/libctru/lib\libctru.a(hid.o) (irrstInit)
C:/devkitPro/libctru/lib\libctru.a(ptmsysm.o)
                              C:/devkitPro/libctru/lib\libctru.a(os.o) (ptmSysmInit)
C:/devkitPro/libctru/lib\libctru.a(decompress.o)
                              C:/devkitPro/libctru/lib\libcitro3d.a(tex3ds.o) (decompressCallback_FD)
C:/devkitPro/libctru/lib\libctru.a(rbtree_find.o)
                              C:/devkitPro/libctru/lib\libctru.a(linear.o) (rbtree_find)
C:/devkitPro/libctru/lib\libctru.a(rbtree_init.o)
                              C:/devkitPro/libctru/lib\libctru.a(linear.o) (rbtree_init)
C:/devkitPro/libctru/lib\libctru.a(rbtree_insert.o)
                              C:/devkitPro/libctru/lib\libctru.a(linear.o) (rbtree_insert)
C:/devkitPro/libctru/lib\libctru.a(rbtree_remove.o)
                              C:/devkitPro/libctru/lib\libctru.a(linear.o) (rbtree_remove)
[...]
Memory Configuration

Name             Origin             Length             Attributes
*default*        0x00000000         0xffffffff

Linker script and memory map

                0x00100000                        PROVIDE (__start__ = 0x100000)
                0x00100000                        . = __start__

.text           0x00100000    0x201dc
 *(.crt0)
 .crt0          0x00100000       0x94 C:/devkitPro/devkitARM/bin/../lib/gcc/arm-none-eabi/13.2.0/../../../../arm-none-eabi/lib/armv6k/fpu/3dsx_crt0.o
                0x00100000                _start
                0x00100008                __service_ptr
                0x0010000c                __apt_appid
                0x00100010                __heap_size
                0x00100014                __linear_heap_size
                0x00100018                __system_arglist
                0x0010001c                __system_runflags
 *(.init)
 .init          0x00100094        0xc C:/devkitPro/devkitARM/bin/../lib/gcc/arm-none-eabi/13.2.0/armv6k/fpu/crti.o
                0x00100094                _init
 .init          0x001000a0        0xc C:/devkitPro/devkitARM/bin/../lib/gcc/arm-none-eabi/13.2.0/armv6k/fpu/crtn.o
                0x001000ac                        . = ALIGN (0x4)
 *(.text)
 .text          0x001000ac      0x240 C:/devkitPro/devkitARM/bin/../lib/gcc/arm-none-eabi/13.2.0/armv6k/fpu\libgcc.a(_divsi3.o)
                0x001000ac                __divsi3
                0x001000ac                __aeabi_idiv
                0x001002cc                __aeabi_idivmod
 .text          0x001002ec        0x4 C:/devkitPro/devkitARM/bin/../lib/gcc/arm-none-eabi/13.2.0/armv6k/fpu\libgcc.a(_dvmd_tls.o)
                0x001002ec                __aeabi_idiv0
                0x001002ec                __aeabi_ldiv0
 .text          0x001002f0      0x3c0 C:/devkitPro/devkitARM/bin/../lib/gcc/arm-none-eabi/13.2.0/armv6k/fpu\libgcc.a(_arm_addsubdf3.o)
                0x001002f0                __aeabi_drsub
                0x001002f8                __aeabi_dsub
                0x001002f8                __subdf3
                0x001002fc                __aeabi_dadd
                0x001002fc                __adddf3
                0x001005a8                __floatunsidf
                0x001005a8                __aeabi_ui2d
                0x001005cc                __floatsidf
                0x001005cc                __aeabi_i2d
                0x001005f4                __aeabi_f2d
                0x001005f4                __extendsfdf2
                0x0010063c                __floatundidf
                0x0010063c                __aeabi_ul2d
                0x00100650                __floatdidf
                0x00100650                __aeabi_l2d
 .text          0x001006b0       0x3c C:/devkitPro/devkitARM/bin/../lib/gcc/arm-none-eabi/13.2.0/armv6k/fpu\libgcc.a(_aeabi_uldivmod.o)
                0x001006b0                __aeabi_uldivmod
 *fill*         0x001006ec       0x14 
 .text          0x00100700      0x390 C:/devkitPro/devkitARM/bin/../lib/gcc/arm-none-eabi/13.2.0/../../../../arm-none-eabi/lib/armv6k/fpu\libg.a(libc_a-strcmp.o)
                0x00100708                strcmp
 .text          0x00100a90      0x20c C:/devkitPro/devkitARM/bin/../lib/gcc/arm-none-eabi/13.2.0/armv6k/fpu\libgcc.a(_udivsi3.o)
                0x00100a90                __aeabi_uidiv
                0x00100a90                __udivsi3
                0x00100c7c                __aeabi_uidivmod
 *(.text.*)
 .text.__do_global_dtors_aux
                0x00100c9c       0x40 C:/devkitPro/devkitARM/bin/../lib/gcc/arm-none-eabi/13.2.0/armv6k/fpu/crtbegin.o
 .text.frame_dummy
                0x00100cdc       0x2c C:/devkitPro/devkitARM/bin/../lib/gcc/arm-none-eabi/13.2.0/armv6k/fpu/crtbegin.o
 .text.loadTextureFromMem.constprop.0
                0x00100d08       0x40 main.o
 .text.sceneRender
                0x00100d48      0x3a8 main.o
 .text.startup.main
                0x001010f0      0x968 main.o
                0x001010f0                main
 .text.AttrInfo_Init
                0x00101a58       0x28 C:/devkitPro/libctru/lib\libcitro3d.a(attribs.o)
                0x00101a58                AttrInfo_Init
 .text.AttrInfo_AddLoader
                0x00101a80       0x94 C:/devkitPro/libctru/lib\libcitro3d.a(attribs.o)
                0x00101a80                AttrInfo_AddLoader
 .text.C3D_GetAttrInfo
                0x00101b14       0x20 C:/devkitPro/libctru/lib\libcitro3d.a(attribs.o)
                0x00101b14                C3D_GetAttrInfo
 .text.C3Di_AttrInfoBind
                0x00101b34       0x80 C:/devkitPro/libctru/lib\libcitro3d.a(attribs.o)
                0x00101b34                C3Di_AttrInfoBind
 .text.C3Di_LightEnvUpdate
                0x00101bb4        0x4 C:/devkitPro/libctru/lib\libcitro3d.a(base.o)
                0x00101bb4                C3Di_LightEnvUpdate
 .text.C3Di_LightEnvDirty
                0x00101bb8        0x4 C:/devkitPro/libctru/lib\libcitro3d.a(base.o)
                0x00101bb8                C3Di_LightEnvDirty
 .text.C3Di_ProcTexUpdate
                0x00101bbc        0x4 C:/devkitPro/libctru/lib\libcitro3d.a(base.o)
                0x00101bbc                C3Di_ProcTexUpdate
 .text.C3Di_ProcTexDirty
                0x00101bc0        0x4 C:/devkitPro/libctru/lib\libcitro3d.a(base.o)
                0x00101bc0                C3Di_ProcTexDirty
 .text.C3Di_AptEventHook
                0x00101bc4       0xb4 C:/devkitPro/libctru/lib\libcitro3d.a(base.o)
 .text.C3Di_GasUpdate
                0x00101c78        0x4 C:/devkitPro/libctru/lib\libcitro3d.a(base.o)
                0x00101c78                C3Di_GasUpdate
 .text.C3D_Init
                0x00101c7c      0x1d0 C:/devkitPro/libctru/lib\libcitro3d.a(base.o)
                0x00101c7c                C3D_Init
 .text.C3D_SetViewport
                0x00101e4c       0x98 C:/devkitPro/libctru/lib\libcitro3d.a(base.o)
                0x00101e4c                C3D_SetViewport
 .text.C3Di_UpdateContext
                0x00101ee4      0x4e8 C:/devkitPro/libctru/lib\libcitro3d.a(base.o)
                0x00101ee4                C3Di_UpdateContext
 .text.C3Di_SplitFrame
                0x001023cc       0xe0 C:/devkitPro/libctru/lib\libcitro3d.a(base.o)
                0x001023cc                C3Di_SplitFrame
 .text.C3D_Fini
                0x001024ac       0x44 C:/devkitPro/libctru/lib\libcitro3d.a(base.o)
                0x001024ac                C3D_Fini
 .text.C3D_BindProgram
                0x001024f0      0x194 C:/devkitPro/libctru/lib\libcitro3d.a(base.o)
                0x001024f0                C3D_BindProgram
 .text.BufInfo_Init
                0x00102684       0x24 C:/devkitPro/libctru/lib\libcitro3d.a(buffers.o)
                0x00102684                BufInfo_Init
 .text.BufInfo_Add
                0x001026a8       0x80 C:/devkitPro/libctru/lib\libcitro3d.a(buffers.o)
                0x001026a8                BufInfo_Add
 .text.C3D_GetBufInfo
                0x00102728       0x20 C:/devkitPro/libctru/lib\libcitro3d.a(buffers.o)
                0x00102728                C3D_GetBufInfo
 .text.C3Di_BufInfoBind
                0x00102748       0x48 C:/devkitPro/libctru/lib\libcitro3d.a(buffers.o)
                0x00102748                C3Di_BufInfoBind
 .text.C3D_DrawArrays
                0x00102790      0x148 C:/devkitPro/libctru/lib\libcitro3d.a(drawArrays.o)
                0x00102790                C3D_DrawArrays
 .text.C3D_DepthMap
                0x001028d8       0x40 C:/devkitPro/libctru/lib\libcitro3d.a(effect.o)
                0x001028d8                C3D_DepthMap
 .text.C3D_CullFace
                0x00102918       0x1c C:/devkitPro/libctru/lib\libcitro3d.a(effect.o)
                0x00102918                C3D_CullFace
 .text.C3D_StencilTest
                0x00102934       0x40 C:/devkitPro/libctru/lib\libcitro3d.a(effect.o)
                0x00102934                C3D_StencilTest
 .text.C3D_StencilOp
                0x00102974       0x24 C:/devkitPro/libctru/lib\libcitro3d.a(effect.o)
                0x00102974                C3D_StencilOp
 .text.C3D_BlendingColor
                0x00102998       0x1c C:/devkitPro/libctru/lib\libcitro3d.a(effect.o)
                0x00102998                C3D_BlendingColor
 .text.C3D_EarlyDepthTest
                0x001029b4       0x24 C:/devkitPro/libctru/lib\libcitro3d.a(effect.o)
                0x001029b4                C3D_EarlyDepthTest
 .text.C3D_DepthTest
                0x001029d8       0x2c C:/devkitPro/libctru/lib\libcitro3d.a(effect.o)
                0x001029d8                C3D_DepthTest
 .text.C3D_AlphaTest
                0x00102a04       0x2c C:/devkitPro/libctru/lib\libcitro3d.a(effect.o)
                0x00102a04                C3D_AlphaTest
 .text.C3D_AlphaBlend
                0x00102a30       0x50 C:/devkitPro/libctru/lib\libcitro3d.a(effect.o)
                0x00102a30                C3D_AlphaBlend
 .text.C3D_FragOpMode
                0x00102a80       0x30 C:/devkitPro/libctru/lib\libcitro3d.a(effect.o)
                0x00102a80                C3D_FragOpMode
 .text.C3D_FragOpShadow
                0x00102ab0       0x44 C:/devkitPro/libctru/lib\libcitro3d.a(effect.o)
                0x00102ab0                C3D_FragOpShadow
 .text.C3Di_EffectBind
                0x00102af4      0x1ac C:/devkitPro/libctru/lib\libcitro3d.a(effect.o)
                0x00102af4                C3Di_EffectBind
 .text.C3D_CalcColorBufSize
                0x00102ca0       0x1c C:/devkitPro/libctru/lib\libcitro3d.a(framebuffer.o)
                0x00102ca0                C3D_CalcColorBufSize
 .text.C3D_CalcDepthBufSize
                0x00102cbc       0x1c C:/devkitPro/libctru/lib\libcitro3d.a(framebuffer.o)
                0x00102cbc                C3D_CalcDepthBufSize
 .text.C3D_SetFrameBuf
                0x00102cd8       0x44 C:/devkitPro/libctru/lib\libcitro3d.a(framebuffer.o)
                0x00102cd8                C3D_SetFrameBuf
 .text.C3Di_FrameBufBind
                0x00102d1c      0x16c C:/devkitPro/libctru/lib\libcitro3d.a(framebuffer.o)
                0x00102d1c                C3Di_FrameBufBind
 .text.C3D_FrameBufClear
                0x00102e88       0xc8 C:/devkitPro/libctru/lib\libcitro3d.a(framebuffer.o)
                0x00102e88                C3D_FrameBufClear
 .text.C3D_FrameBufTransfer
                0x00102f50       0x44 C:/devkitPro/libctru/lib\libcitro3d.a(framebuffer.o)
                0x00102f50                C3D_FrameBufTransfer
 .text.C3D_ImmSendAttrib
                0x00102f94       0xa8 C:/devkitPro/libctru/lib\libcitro3d.a(immediate.o)
                0x00102f94                C3D_ImmSendAttrib
 .text.onVBlank0
                0x0010303c       0x4c C:/devkitPro/libctru/lib\libcitro3d.a(renderqueue.o)
 .text.onVBlank1
                0x00103088       0x4c C:/devkitPro/libctru/lib\libcitro3d.a(renderqueue.o)
 .text.C3Di_RenderTargetDestroy
                0x001030d4       0x80 C:/devkitPro/libctru/lib\libcitro3d.a(renderqueue.o)
 .text.onQueueFinish
                0x00103154       0xf4 C:/devkitPro/libctru/lib\libcitro3d.a(renderqueue.o)
 .text.C3Di_RenderQueueEnableVBlank
                0x00103248       0x38 C:/devkitPro/libctru/lib\libcitro3d.a(renderqueue.o)
                0x00103248                C3Di_RenderQueueEnableVBlank
 .text.C3Di_RenderQueueDisableVBlank
                0x00103280       0x30 C:/devkitPro/libctru/lib\libcitro3d.a(renderqueue.o)
                0x00103280                C3Di_RenderQueueDisableVBlank
 .text.C3Di_RenderQueueInit
                0x001032b0       0x60 C:/devkitPro/libctru/lib\libcitro3d.a(renderqueue.o)
                0x001032b0                C3Di_RenderQueueInit
 .text.C3Di_RenderQueueExit
                0x00103310       0xb4 C:/devkitPro/libctru/lib\libcitro3d.a(renderqueue.o)
                0x00103310                C3Di_RenderQueueExit
 .text.C3Di_RenderQueueWaitDone
                0x001033c4       0x34 C:/devkitPro/libctru/lib\libcitro3d.a(renderqueue.o)
                0x001033c4                C3Di_RenderQueueWaitDone
 .text.C3D_FrameBegin
                0x001033f8       0xe8 C:/devkitPro/libctru/lib\libcitro3d.a(renderqueue.o)
                0x001033f8                C3D_FrameBegin
 .text.C3D_FrameDrawOn
                0x001034e0       0x48 C:/devkitPro/libctru/lib\libcitro3d.a(renderqueue.o)
                0x001034e0                C3D_FrameDrawOn
 .text.C3D_FrameEnd
                0x00103528      0x1d0 C:/devkitPro/libctru/lib\libcitro3d.a(renderqueue.o)
                0x00103528                C3D_FrameEnd
 .text.C3D_RenderTargetCreate
                0x001036f8      0x170 C:/devkitPro/libctru/lib\libcitro3d.a(renderqueue.o)
                0x001036f8                C3D_RenderTargetCreate
 .text.C3D_RenderTargetSetOutput
                0x00103868       0xa8 C:/devkitPro/libctru/lib\libcitro3d.a(renderqueue.o)
                0x00103868                C3D_RenderTargetSetOutput
 .text.C3D_SyncTextureCopy
                0x00103910       0xfc C:/devkitPro/libctru/lib\libcitro3d.a(renderqueue.o)
                0x00103910                C3D_SyncTextureCopy
 .text.Tex3DSi_ImportCommon
                0x00103a0c      0x3d8 C:/devkitPro/libctru/lib\libcitro3d.a(tex3ds.o)
 .text.Tex3DS_TextureImport
                0x00103de4       0x34 C:/devkitPro/libctru/lib\libcitro3d.a(tex3ds.o)
                0x00103de4                Tex3DS_TextureImport
 .text.Tex3DS_TextureFree
                0x00103e18        0x4 C:/devkitPro/libctru/lib\libcitro3d.a(tex3ds.o)
                0x00103e18                Tex3DS_TextureFree
 .text.C3D_GetTexEnv
                0x00103e1c       0x34 C:/devkitPro/libctru/lib\libcitro3d.a(texenv.o)
                0x00103e1c                C3D_GetTexEnv
 .text.C3Di_TexEnvBind
                0x00103e50       0x24 C:/devkitPro/libctru/lib\libcitro3d.a(texenv.o)
                0x00103e50                C3Di_TexEnvBind
 .text.C3D_TexInitWithParams
                0x00103e74      0x290 C:/devkitPro/libctru/lib\libcitro3d.a(texture.o)
                0x00103e74                C3D_TexInitWithParams
 .text.C3D_TexLoadImage
                0x00104104       0xc8 C:/devkitPro/libctru/lib\libcitro3d.a(texture.o)
                0x00104104                C3D_TexLoadImage
 .text.C3D_TexBind
                0x001041cc       0x44 C:/devkitPro/libctru/lib\libcitro3d.a(texture.o)
                0x001041cc                C3D_TexBind
 .text.C3D_TexDelete
                0x00104210       0x74 C:/devkitPro/libctru/lib\libcitro3d.a(texture.o)
                0x00104210                C3D_TexDelete
 .text.C3Di_SetTex
                0x00104284      0x14c C:/devkitPro/libctru/lib\libcitro3d.a(texture.o)
                0x00104284                C3Di_SetTex
 .text.C3D_UpdateUniforms
                0x001043d0      0x290 C:/devkitPro/libctru/lib\libcitro3d.a(uniforms.o)
                0x001043d0                C3D_UpdateUniforms
 .text.C3Di_DirtyUniforms
                0x00104660       0xc0 C:/devkitPro/libctru/lib\libcitro3d.a(uniforms.o)
                0x00104660                C3Di_DirtyUniforms
 .text.C3Di_LoadShaderUniforms
                0x00104720       0xd8 C:/devkitPro/libctru/lib\libcitro3d.a(uniforms.o)
                0x00104720                C3Di_LoadShaderUniforms
 .text.C3Di_ClearShaderUniforms
                0x001047f8       0x28 C:/devkitPro/libctru/lib\libcitro3d.a(uniforms.o)
                0x001047f8                C3Di_ClearShaderUniforms
 .text.Mtx_LookAt
                0x00104820      0x12c C:/devkitPro/libctru/lib\libcitro3d.a(mtx_lookat.o)
                0x00104820                Mtx_LookAt
 .text.Mtx_PerspTilt
                0x0010494c       0x94 C:/devkitPro/libctru/lib\libcitro3d.a(mtx_persptilt.o)
                0x0010494c                Mtx_PerspTilt
 .text.Mtx_RotateX
                0x001049e0       0xa4 C:/devkitPro/libctru/lib\libcitro3d.a(mtx_rotatex.o)
                0x001049e0                Mtx_RotateX
 .text.Mtx_RotateY
                0x00104a84       0xa0 C:/devkitPro/libctru/lib\libcitro3d.a(mtx_rotatey.o)
                0x00104a84                Mtx_RotateY
 .text.Mtx_Translate
                0x00104b24       0xa4 C:/devkitPro/libctru/lib\libcitro3d.a(mtx_translate.o)
                0x00104b24                Mtx_Translate
 .text._ZL21addrMapNodeComparatorPK11rbtree_nodeS1_
                0x00104bc8       0x24 C:/devkitPro/libctru/lib\libctru.a(linear.o)
 .text._ZL21addrMapNodeDestructorP11rbtree_node
                0x00104bec        0x4 C:/devkitPro/libctru/lib\libctru.a(linear.o)
 .text.linearMemAlign
                0x00104bf0      0x120 C:/devkitPro/libctru/lib\libctru.a(linear.o)
                0x00104bf0                linearMemAlign
 .text.linearAlloc
                0x00104d10        0x8 C:/devkitPro/libctru/lib\libctru.a(linear.o)
                0x00104d10                linearAlloc
 .text.linearFree
                0x00104d18       0x5c C:/devkitPro/libctru/lib\libctru.a(linear.o)
                0x00104d18                linearFree
 .text._ZN7MemPool13CoalesceRightEP8MemBlock
                0x00104d74       0x80 C:/devkitPro/libctru/lib\libctru.a(mem_pool.o)
                0x00104d74                MemPool::CoalesceRight(MemBlock*)
 .text._ZN7MemPool8AllocateER8MemChunkmi
                0x00104df4      0x16c C:/devkitPro/libctru/lib\libctru.a(mem_pool.o)
                0x00104df4                MemPool::Allocate(MemChunk&, unsigned long, int)
 .text._ZN7MemPool10DeallocateERK8MemChunk
                0x00104f60       0xfc C:/devkitPro/libctru/lib\libctru.a(mem_pool.o)
                0x00104f60                MemPool::Deallocate(MemChunk const&)
 .text._ZN7MemPool12GetFreeSpaceEv
                0x0010505c       0x30 C:/devkitPro/libctru/lib\libctru.a(mem_pool.o)
                0x0010505c                MemPool::GetFreeSpace()
 .text._ZL21addrMapNodeComparatorPK11rbtree_nodeS1_
                0x0010508c       0x24 C:/devkitPro/libctru/lib\libctru.a(vram.o)
 .text._ZL21addrMapNodeDestructorP11rbtree_node
                0x001050b0        0x4 C:/devkitPro/libctru/lib\libctru.a(vram.o)
 .text.vramMemAlignAt
                0x001050b4      0x24c C:/devkitPro/libctru/lib\libctru.a(vram.o)
                0x001050b4                vramMemAlignAt
 .text.vramAlloc
                0x00105300        0xc C:/devkitPro/libctru/lib\libctru.a(vram.o)
                0x00105300                vramAlloc
 .text.vramAllocAt
                0x0010530c        0xc C:/devkitPro/libctru/lib\libctru.a(vram.o)
                0x0010530c                vramAllocAt
 .text.vramFree
                0x00105318       0x90 C:/devkitPro/libctru/lib\libctru.a(vram.o)
                0x00105318                vramFree
 .text.consoleHandleColorEsc
                0x001053a8      0x51c C:/devkitPro/libctru/lib\libctru.a(console.o)
 .text.consoleColorStateShift
                0x001058c4       0xb8 C:/devkitPro/libctru/lib\libctru.a(console.o)
 .text.consoleDrawChar
                0x0010597c      0x1ac C:/devkitPro/libctru/lib\libctru.a(console.o)
                0x0010597c                consoleDrawChar
 .text.consolePrintChar
                0x00105b28      0x124 C:/devkitPro/libctru/lib\libctru.a(console.o)
                0x00105b28                consolePrintChar
 .text.con_write
                0x00105c4c      0x6f4 C:/devkitPro/libctru/lib\libctru.a(console.o)
                0x00105c4c                con_write
 .text.newRow   0x00106340       0xfc C:/devkitPro/libctru/lib\libctru.a(console.o)
 .text.consoleInit
                0x0010643c      0x18c C:/devkitPro/libctru/lib\libctru.a(console.o)
                0x0010643c                consoleInit
 .text.consoleClear
                0x001065c8       0xb8 C:/devkitPro/libctru/lib\libctru.a(console.o)
                0x001065c8                consoleClear
 .text.gfxPresentFramebuffer
                0x00106680       0xd0 C:/devkitPro/libctru/lib\libctru.a(gfx.o)
 .text.gfxIsWide
                0x00106750       0x1c C:/devkitPro/libctru/lib\libctru.a(gfx.o)
                0x00106750                gfxIsWide
 .text.gfxSetScreenFormat
                0x0010676c       0xec C:/devkitPro/libctru/lib\libctru.a(gfx.o)
                0x0010676c                gfxSetScreenFormat
 .text.gfxSetDoubleBuffering
                0x00106858       0x10 C:/devkitPro/libctru/lib\libctru.a(gfx.o)
                0x00106858                gfxSetDoubleBuffering
 .text.gfxInit  0x00106868       0xe0 C:/devkitPro/libctru/lib\libctru.a(gfx.o)
                0x00106868                gfxInit
 .text.gfxInitDefault
                0x00106948       0x10 C:/devkitPro/libctru/lib\libctru.a(gfx.o)
                0x00106948                gfxInitDefault
 .text.gfxExit  0x00106958       0xb4 C:/devkitPro/libctru/lib\libctru.a(gfx.o)
                0x00106958                gfxExit
 .text.gfxGetFramebuffer
                0x00106a0c       0xa0 C:/devkitPro/libctru/lib\libctru.a(gfx.o)
                0x00106a0c                gfxGetFramebuffer
 .text.gfxFlushBuffers
                0x00106aac      0x104 C:/devkitPro/libctru/lib\libctru.a(gfx.o)
                0x00106aac                gfxFlushBuffers
 .text.gfxScreenSwapBuffers
                0x00106bb0       0x30 C:/devkitPro/libctru/lib\libctru.a(gfx.o)
                0x00106bb0                gfxScreenSwapBuffers
 .text.gfxSwapBuffersGpu
                0x00106be0       0x50 C:/devkitPro/libctru/lib\libctru.a(gfx.o)
                0x00106be0                gfxSwapBuffersGpu
 .text.osConvertVirtToPhys
                0x00106c30       0x74 C:/devkitPro/libctru/lib\libctru.a(os.o)
                0x00106c30                osConvertVirtToPhys
 .text.__ctru_speedup_config
                0x00106ca4       0x34 C:/devkitPro/libctru/lib\libctru.a(os.o)
                0x00106ca4                __ctru_speedup_config
 .text.GPUCMD_Add
                0x00106cd8      0x13c C:/devkitPro/libctru/lib\libctru.a(gpu.o)
                0x00106cd8                GPUCMD_Add
 .text.GPUCMD_Split
                0x00106e14       0xb0 C:/devkitPro/libctru/lib\libctru.a(gpu.o)
                0x00106e14                GPUCMD_Split
 .text.f32tof16
                0x00106ec4       0x34 C:/devkitPro/libctru/lib\libctru.a(gpu.o)
                0x00106ec4                f32tof16
 .text.f32tof24
                0x00106ef8       0x34 C:/devkitPro/libctru/lib\libctru.a(gpu.o)
                0x00106ef8                f32tof24
 .text.f32tof31
                0x00106f2c       0x38 C:/devkitPro/libctru/lib\libctru.a(gpu.o)
                0x00106f2c                f32tof31
 .text.GX_BindQueue
                0x00106f64       0x10 C:/devkitPro/libctru/lib\libctru.a(gx.o)
                0x00106f64                GX_BindQueue
 .text.GX_ProcessCommandList
                0x00106f74       0x78 C:/devkitPro/libctru/lib\libctru.a(gx.o)
                0x00106f74                GX_ProcessCommandList
 .text.GX_MemoryFill
                0x00106fec       0x74 C:/devkitPro/libctru/lib\libctru.a(gx.o)
                0x00106fec                GX_MemoryFill
 .text.GX_DisplayTransfer
                0x00107060       0x70 C:/devkitPro/libctru/lib\libctru.a(gx.o)
                0x00107060                GX_DisplayTransfer
 .text.GX_TextureCopy
                0x001070d0       0x74 C:/devkitPro/libctru/lib\libctru.a(gx.o)
                0x001070d0                GX_TextureCopy
 .text.gxCmdQueueDoCommands.part.0
                0x00107144       0x68 C:/devkitPro/libctru/lib\libctru.a(gxqueue.o)
 .text.gxCmdQueueInterrupt
                0x001071ac       0xc8 C:/devkitPro/libctru/lib\libctru.a(gxqueue.o)
                0x001071ac                gxCmdQueueInterrupt
 .text.gxCmdQueueClear
                0x00107274       0x4c C:/devkitPro/libctru/lib\libctru.a(gxqueue.o)
                0x00107274                gxCmdQueueClear
 .text.gxCmdQueueAdd
                0x001072c0       0xf8 C:/devkitPro/libctru/lib\libctru.a(gxqueue.o)
                0x001072c0                gxCmdQueueAdd
 .text.gxCmdQueueRun
                0x001073b8       0x80 C:/devkitPro/libctru/lib\libctru.a(gxqueue.o)
                0x001073b8                gxCmdQueueRun
 .text.gxCmdQueueStop
                0x00107438       0x60 C:/devkitPro/libctru/lib\libctru.a(gxqueue.o)
                0x00107438                gxCmdQueueStop
 .text.gxCmdQueueWait
                0x00107498       0x8c C:/devkitPro/libctru/lib\libctru.a(gxqueue.o)
                0x00107498                gxCmdQueueWait
 .text.shaderInstanceInit
                0x00107524      0x1d0 C:/devkitPro/libctru/lib\libctru.a(shaderProgram.o)
                0x00107524                shaderInstanceInit
 .text.shaderInstanceGetUniformLocation
                0x001076f4       0x18 C:/devkitPro/libctru/lib\libctru.a(shaderProgram.o)
                0x001076f4                shaderInstanceGetUniformLocation
 .text.shaderProgramInit
                0x0010770c       0x1c C:/devkitPro/libctru/lib\libctru.a(shaderProgram.o)
                0x0010770c                shaderProgramInit
 .text.shaderProgramFree
                0x00107728       0x64 C:/devkitPro/libctru/lib\libctru.a(shaderProgram.o)
                0x00107728                shaderProgramFree
 .text.shaderProgramSetVsh
                0x0010778c       0x80 C:/devkitPro/libctru/lib\libctru.a(shaderProgram.o)
                0x0010778c                shaderProgramSetVsh
 .text.shaderProgramConfigure
                0x0010780c      0x8e0 C:/devkitPro/libctru/lib\libctru.a(shaderProgram.o)
                0x0010780c                shaderProgramConfigure
 .text.DVLE_GenerateOutmap.part.0
                0x001080ec      0x1cc C:/devkitPro/libctru/lib\libctru.a(shbin.o)
 .text.DVLB_ParseFile
                0x001082b8      0x1b4 C:/devkitPro/libctru/lib\libctru.a(shbin.o)
                0x001082b8                DVLB_ParseFile
 .text.DVLB_Free
                0x0010846c       0x38 C:/devkitPro/libctru/lib\libctru.a(shbin.o)
                0x0010846c                DVLB_Free
 .text.DVLE_GetUniformRegister
                0x001084a4       0x74 C:/devkitPro/libctru/lib\libctru.a(shbin.o)
                0x001084a4                DVLE_GetUniformRegister
 .text.aptConvertScreenForCapture
                0x00108518      0x1ac C:/devkitPro/libctru/lib\libctru.a(apt.o)
 .text.aptDspSleep
                0x001086c4        0x8 C:/devkitPro/libctru/lib\libctru.a(apt.o)
                0x001086c4                aptDspSleep
 .text.aptDspWakeup
                0x001086cc        0x4 C:/devkitPro/libctru/lib\libctru.a(apt.o)
                0x001086cc                aptDspWakeup
 .text.aptDspCancel
                0x001086d0        0x4 C:/devkitPro/libctru/lib\libctru.a(apt.o)
                0x001086d0                aptDspCancel
 .text.aptSendCommand
                0x001086d4      0x158 C:/devkitPro/libctru/lib\libctru.a(apt.o)
                0x001086d4                aptSendCommand
 *fill*         0x0010882c        0x4 
 .text.aptExitProcess
                0x00108830       0x44 C:/devkitPro/libctru/lib\libctru.a(apt.o)
 .text.aptExit  0x00108874      0x38c C:/devkitPro/libctru/lib\libctru.a(apt.o)
                0x00108874                aptExit
 .text.aptHandleSleep
                0x00108c00       0xe0 C:/devkitPro/libctru/lib\libctru.a(apt.o)
                0x00108c00                aptHandleSleep
 .text.aptHook  0x00108ce0       0x30 C:/devkitPro/libctru/lib\libctru.a(apt.o)
                0x00108ce0                aptHook
 .text.aptUnhook
                0x00108d10       0x30 C:/devkitPro/libctru/lib\libctru.a(apt.o)
                0x00108d10                aptUnhook
 .text.APT_SleepIfShellClosed
                0x00108d40       0x84 C:/devkitPro/libctru/lib\libctru.a(apt.o)
                0x00108d40                APT_SleepIfShellClosed
 .text.aptSetSleepAllowed
                0x00108dc4       0x84 C:/devkitPro/libctru/lib\libctru.a(apt.o)
                0x00108dc4                aptSetSleepAllowed
 .text.APT_UnlockTransition
                0x00108e48       0x84 C:/devkitPro/libctru/lib\libctru.a(apt.o)
                0x00108e48                APT_UnlockTransition
 *fill*         0x00108ecc        0x4 
 .text.aptEventHandler
                0x00108ed0      0x4a4 C:/devkitPro/libctru/lib\libctru.a(apt.o)
 .text.APT_ReceiveParameter
                0x00109374       0xb0 C:/devkitPro/libctru/lib\libctru.a(apt.o)
                0x00109374                APT_ReceiveParameter
 .text.aptReceiveParameter.constprop.0
                0x00109424       0xac C:/devkitPro/libctru/lib\libctru.a(apt.o)
 .text.aptScreenTransfer
                0x001094d0      0x2ac C:/devkitPro/libctru/lib\libctru.a(apt.o)
 .text.aptWaitForWakeUp.isra.0
                0x0010977c      0x320 C:/devkitPro/libctru/lib\libctru.a(apt.o)
 .text.aptJumpToHomeMenu
                0x00109a9c       0xf8 C:/devkitPro/libctru/lib\libctru.a(apt.o)
                0x00109a9c                aptJumpToHomeMenu
 .text.aptMainLoop
                0x00109b94       0x48 C:/devkitPro/libctru/lib\libctru.a(apt.o)
                0x00109b94                aptMainLoop
 .text.aptInit  0x00109bdc      0x22c C:/devkitPro/libctru/lib\libctru.a(apt.o)
                0x00109bdc                aptInit
 .text.APT_CheckNew3DS
                0x00109e08       0x7c C:/devkitPro/libctru/lib\libctru.a(apt.o)
                0x00109e08                APT_CheckNew3DS
 .text.gspHardwareInit
                0x00109e84      0xc64 C:/devkitPro/libctru/lib\libctru.a(gspgpu.o)
 .text.gspInit  0x0010aae8      0x248 C:/devkitPro/libctru/lib\libctru.a(gspgpu.o)
                0x0010aae8                gspInit
 .text.gspExit  0x0010ad30       0xf0 C:/devkitPro/libctru/lib\libctru.a(gspgpu.o)
                0x0010ad30                gspExit
 .text.gspHasGpuRight
                0x0010ae20       0x10 C:/devkitPro/libctru/lib\libctru.a(gspgpu.o)
                0x0010ae20                gspHasGpuRight
 .text.gspPresentBuffer
                0x0010ae30       0xa0 C:/devkitPro/libctru/lib\libctru.a(gspgpu.o)
                0x0010ae30                gspPresentBuffer
 .text.gspSetEventCallback
                0x0010aed0       0x30 C:/devkitPro/libctru/lib\libctru.a(gspgpu.o)
                0x0010aed0                gspSetEventCallback
 .text.gspWaitForEvent
                0x0010af00       0x44 C:/devkitPro/libctru/lib\libctru.a(gspgpu.o)
                0x0010af00                gspWaitForEvent
 .text.gspWaitForAnyEvent
                0x0010af44       0x4c C:/devkitPro/libctru/lib\libctru.a(gspgpu.o)
                0x0010af44                gspWaitForAnyEvent
 .text.gspEventThreadMain
                0x0010af90      0x158 C:/devkitPro/libctru/lib\libctru.a(gspgpu.o)
 .text.gspSubmitGxCommand
                0x0010b0e8      0x130 C:/devkitPro/libctru/lib\libctru.a(gspgpu.o)
                0x0010b0e8                gspSubmitGxCommand
 .text.GSPGPU_FlushDataCache
                0x0010b218       0x50 C:/devkitPro/libctru/lib\libctru.a(gspgpu.o)
                0x0010b218                GSPGPU_FlushDataCache
 .text.GSPGPU_SetLcdForceBlack
                0x0010b268       0x34 C:/devkitPro/libctru/lib\libctru.a(gspgpu.o)
                0x0010b268                GSPGPU_SetLcdForceBlack
 .text.GSPGPU_AcquireRight
                0x0010b29c       0x68 C:/devkitPro/libctru/lib\libctru.a(gspgpu.o)
                0x0010b29c                GSPGPU_AcquireRight
 .text.GSPGPU_ReleaseRight
                0x0010b304       0x48 C:/devkitPro/libctru/lib\libctru.a(gspgpu.o)
                0x0010b304                GSPGPU_ReleaseRight
 .text.GSPGPU_ImportDisplayCaptureInfo
                0x0010b34c       0x7c C:/devkitPro/libctru/lib\libctru.a(gspgpu.o)
                0x0010b34c                GSPGPU_ImportDisplayCaptureInfo
 .text.GSPGPU_SaveVramSysArea
                0x0010b3c8       0x2c C:/devkitPro/libctru/lib\libctru.a(gspgpu.o)
                0x0010b3c8                GSPGPU_SaveVramSysArea
 .text.GSPGPU_RestoreVramSysArea
                0x0010b3f4       0x2c C:/devkitPro/libctru/lib\libctru.a(gspgpu.o)
                0x0010b3f4                GSPGPU_RestoreVramSysArea
 .text.hidShouldUseIrrst
                0x0010b420       0x24 C:/devkitPro/libctru/lib\libctru.a(hid.o)
                0x0010b420                hidShouldUseIrrst
 .text.hidInit  0x0010b444      0x18c C:/devkitPro/libctru/lib\libctru.a(hid.o)
                0x0010b444                hidInit
 .text.hidExit  0x0010b5d0       0xe8 C:/devkitPro/libctru/lib\libctru.a(hid.o)
                0x0010b5d0                hidExit
 .text.hidScanInput
                0x0010b6b8      0x2a4 C:/devkitPro/libctru/lib\libctru.a(hid.o)
                0x0010b6b8                hidScanInput
 .text.hidKeysHeld
                0x0010b95c       0x10 C:/devkitPro/libctru/lib\libctru.a(hid.o)
                0x0010b95c                hidKeysHeld
 .text.hidKeysDown
                0x0010b96c       0x10 C:/devkitPro/libctru/lib\libctru.a(hid.o)
                0x0010b96c                hidKeysDown
 .text.hidKeysUp
                0x0010b97c       0x10 C:/devkitPro/libctru/lib\libctru.a(hid.o)
                0x0010b97c                hidKeysUp
 .text.irrstInit
                0x0010b98c      0x160 C:/devkitPro/libctru/lib\libctru.a(irrst.o)
                0x0010b98c                irrstInit
 .text.irrstExit
                0x0010baec       0xcc C:/devkitPro/libctru/lib\libctru.a(irrst.o)
                0x0010baec                irrstExit
 .text.irrstScanInput
                0x0010bbb8       0xb4 C:/devkitPro/libctru/lib\libctru.a(irrst.o)
                0x0010bbb8                irrstScanInput
 .text.irrstKeysHeld
                0x0010bc6c       0x24 C:/devkitPro/libctru/lib\libctru.a(irrst.o)
                0x0010bc6c                irrstKeysHeld
 .text.ptmSysmInit
                0x0010bc90       0x74 C:/devkitPro/libctru/lib\libctru.a(ptmsysm.o)
                0x0010bc90                ptmSysmInit
 .text.ptmSysmExit
                0x0010bd04       0x3c C:/devkitPro/libctru/lib\libctru.a(ptmsysm.o)
                0x0010bd04                ptmSysmExit
 .text.PTMSYSM_ConfigureNew3DSCPU
                0x0010bd40       0x34 C:/devkitPro/libctru/lib\libctru.a(ptmsysm.o)
                0x0010bd40                PTMSYSM_ConfigureNew3DSCPU
 .text.buffer_read
                0x0010bd74       0xc4 C:/devkitPro/libctru/lib\libctru.a(decompress.o)
 .text.iov_read
                0x0010be38       0xcc C:/devkitPro/libctru/lib\libctru.a(decompress.o)
 .text.iov_memmove
                0x0010bf04      0x148 C:/devkitPro/libctru/lib\libctru.a(decompress.o)
 .text.decompress_rle
                0x0010c04c      0x1dc C:/devkitPro/libctru/lib\libctru.a(decompress.o)
 .text.decompress_lzss
                0x0010c228      0x244 C:/devkitPro/libctru/lib\libctru.a(decompress.o)
 .text.decompress_lz11
                0x0010c46c      0x428 C:/devkitPro/libctru/lib\libctru.a(decompress.o)
 .text.decompress_huff
                0x0010c894      0x2d4 C:/devkitPro/libctru/lib\libctru.a(decompress.o)
 .text.decompressHeader
                0x0010cb68       0xdc C:/devkitPro/libctru/lib\libctru.a(decompress.o)
                0x0010cb68                decompressHeader
 .text.decompressV
                0x0010cc44      0x240 C:/devkitPro/libctru/lib\libctru.a(decompress.o)
                0x0010cc44                decompressV
 .text.rbtree_find
                0x0010ce84       0x74 C:/devkitPro/libctru/lib\libctru.a(rbtree_find.o)
                0x0010ce84                rbtree_find
 .text.rbtree_init
                0x0010cef8       0x10 C:/devkitPro/libctru/lib\libctru.a(rbtree_init.o)
                0x0010cef8                rbtree_init
 .text.do_insert
                0x0010cf08      0x1b0 C:/devkitPro/libctru/lib\libctru.a(rbtree_insert.o)
 .text.rbtree_insert
                0x0010d0b8        0x8 C:/devkitPro/libctru/lib\libctru.a(rbtree_insert.o)
                0x0010d0b8                rbtree_insert
 .text.rbtree_remove
                0x0010d0c0      0x318 C:/devkitPro/libctru/lib\libctru.a(rbtree_remove.o)
                0x0010d0c0                rbtree_remove
 .text.rbtree_rotate
                0x0010d3d8       0x90 C:/devkitPro/libctru/lib\libctru.a(rbtree_rotate.o)
                0x0010d3d8                rbtree_rotate
 .text.__system_allocateHeaps
                0x0010d468      0x1e0 C:/devkitPro/libctru/lib\libctru.a(allocateHeaps.o)
                0x0010d468                __system_allocateHeaps
 .text.__libctru_init
                0x0010d648       0x38 C:/devkitPro/libctru/lib\libctru.a(ctru_init.o)
                0x0010d648                __libctru_init
 .text.__system_initArgv
                0x0010d680      0x170 C:/devkitPro/libctru/lib\libctru.a(initArgv.o)
                0x0010d680                __system_initArgv
 .text.__syscall_getreent
                0x0010d7f0       0x30 C:/devkitPro/libctru/lib\libctru.a(syscalls.o)
                0x0010d7f0                __syscall_getreent
 .text.__syscall_lock_acquire
                0x0010d820        0x4 C:/devkitPro/libctru/lib\libctru.a(syscalls.o)
                0x0010d820                __syscall_lock_acquire
 .text.__syscall_lock_release
                0x0010d824        0x4 C:/devkitPro/libctru/lib\libctru.a(syscalls.o)
                0x0010d824                __syscall_lock_release
 .text.__syscall_lock_acquire_recursive
                0x0010d828        0x4 C:/devkitPro/libctru/lib\libctru.a(syscalls.o)
                0x0010d828                __syscall_lock_acquire_recursive
 .text.__syscall_lock_release_recursive
                0x0010d82c        0x4 C:/devkitPro/libctru/lib\libctru.a(syscalls.o)
                0x0010d82c                __syscall_lock_release_recursive
 .text.__syscall_exit
                0x0010d830        0x4 C:/devkitPro/libctru/lib\libctru.a(syscalls.o)
                0x0010d830                __syscall_exit
 .text.initThreadVars
                0x0010d834       0x50 C:/devkitPro/libctru/lib\libctru.a(syscalls.o)
                0x0010d834                initThreadVars
 .text.__system_initSyscalls
                0x0010d884       0x80 C:/devkitPro/libctru/lib\libctru.a(syscalls.o)
                0x0010d884                __system_initSyscalls
 .text.svcControlMemory
                0x0010d904       0x20 C:/devkitPro/libctru/lib\libctru.a(svc.o)
                0x0010d904                svcControlMemory
 .text.svcQueryMemory
                0x0010d924       0x30 C:/devkitPro/libctru/lib\libctru.a(svc.o)
                0x0010d924                svcQueryMemory
 .text.svcExitProcess
                0x0010d954        0x8 C:/devkitPro/libctru/lib\libctru.a(svc.o)
                0x0010d954                svcExitProcess
 .text.svcCreateThread
                0x0010d95c       0x20 C:/devkitPro/libctru/lib\libctru.a(svc.o)
                0x0010d95c                svcCreateThread
 .text.svcExitThread
                0x0010d97c        0x8 C:/devkitPro/libctru/lib\libctru.a(svc.o)
                0x0010d97c                svcExitThread
 .text.svcSleepThread
                0x0010d984        0x8 C:/devkitPro/libctru/lib\libctru.a(svc.o)
                0x0010d984                svcSleepThread
 .text.svcReleaseMutex
                0x0010d98c        0x8 C:/devkitPro/libctru/lib\libctru.a(svc.o)
                0x0010d98c                svcReleaseMutex
 .text.svcCreateEvent
                0x0010d994       0x14 C:/devkitPro/libctru/lib\libctru.a(svc.o)
                0x0010d994                svcCreateEvent
 .text.svcSignalEvent
                0x0010d9a8        0x8 C:/devkitPro/libctru/lib\libctru.a(svc.o)
                0x0010d9a8                svcSignalEvent
 .text.svcClearEvent
                0x0010d9b0        0x8 C:/devkitPro/libctru/lib\libctru.a(svc.o)
                0x0010d9b0                svcClearEvent
 .text.svcMapMemoryBlock
                0x0010d9b8        0x8 C:/devkitPro/libctru/lib\libctru.a(svc.o)
                0x0010d9b8                svcMapMemoryBlock
 .text.svcUnmapMemoryBlock
                0x0010d9c0        0x8 C:/devkitPro/libctru/lib\libctru.a(svc.o)
                0x0010d9c0                svcUnmapMemoryBlock
 .text.svcCreateAddressArbiter
                0x0010d9c8       0x14 C:/devkitPro/libctru/lib\libctru.a(svc.o)
                0x0010d9c8                svcCreateAddressArbiter
 .text.svcArbitrateAddressNoTimeout
                0x0010d9dc        0x8 C:/devkitPro/libctru/lib\libctru.a(svc.o)
                0x0010d9dc                svcArbitrateAddressNoTimeout
 .text.svcCloseHandle
                0x0010d9e4        0x8 C:/devkitPro/libctru/lib\libctru.a(svc.o)
                0x0010d9e4                svcCloseHandle
 .text.svcWaitSynchronization
                0x0010d9ec        0x8 C:/devkitPro/libctru/lib\libctru.a(svc.o)
                0x0010d9ec                svcWaitSynchronization
 .text.svcWaitSynchronizationN
                0x0010d9f4       0x28 C:/devkitPro/libctru/lib\libctru.a(svc.o)
                0x0010d9f4                svcWaitSynchronizationN
 .text.svcDuplicateHandle
                0x0010da1c       0x14 C:/devkitPro/libctru/lib\libctru.a(svc.o)
                0x0010da1c                svcDuplicateHandle
 .text.svcGetSystemTick
                0x0010da30        0x8 C:/devkitPro/libctru/lib\libctru.a(svc.o)
                0x0010da30                svcGetSystemTick
 .text.svcConnectToPort
                0x0010da38       0x14 C:/devkitPro/libctru/lib\libctru.a(svc.o)
                0x0010da38                svcConnectToPort
 .text.svcSendSyncRequest
                0x0010da4c        0x8 C:/devkitPro/libctru/lib\libctru.a(svc.o)
                0x0010da4c                svcSendSyncRequest
 .text.svcGetResourceLimit
                0x0010da54       0x14 C:/devkitPro/libctru/lib\libctru.a(svc.o)
                0x0010da54                svcGetResourceLimit
 .text.svcGetResourceLimitLimitValues
                0x0010da68        0x8 C:/devkitPro/libctru/lib\libctru.a(svc.o)
                0x0010da68                svcGetResourceLimitLimitValues
 .text.svcGetResourceLimitCurrentValues
                0x0010da70        0x8 C:/devkitPro/libctru/lib\libctru.a(svc.o)
                0x0010da70                svcGetResourceLimitCurrentValues
 .text.svcBreak
                0x0010da78        0x8 C:/devkitPro/libctru/lib\libctru.a(svc.o)
                0x0010da78                svcBreak
 .text.initSystem
                0x0010da80       0x50 C:/devkitPro/libctru/lib\libctru.a(stack_adjust.o)
                0x0010da80                initSystem
 .text.__ctru_exit
                0x0010dad0       0x14 C:/devkitPro/libctru/lib\libctru.a(stack_adjust.o)
                0x0010dad0                __ctru_exit
 .text.envGetHandle
                0x0010dae4       0x84 C:/devkitPro/libctru/lib\libctru.a(env.o)
                0x0010dae4                envGetHandle
 .text.envDestroyHandles
                0x0010db68       0x50 C:/devkitPro/libctru/lib\libctru.a(env.o)
                0x0010db68                envDestroyHandles
 .text.srvInit  0x0010dbb8      0x12c C:/devkitPro/libctru/lib\libctru.a(srv.o)
                0x0010dbb8                srvInit
 .text.srvExit  0x0010dce4       0x58 C:/devkitPro/libctru/lib\libctru.a(srv.o)
                0x0010dce4                srvExit
 .text.srvEnableNotification
                0x0010dd3c       0x60 C:/devkitPro/libctru/lib\libctru.a(srv.o)
                0x0010dd3c                srvEnableNotification
 .text.srvGetServiceHandleDirect
                0x0010dd9c       0xa0 C:/devkitPro/libctru/lib\libctru.a(srv.o)
                0x0010dd9c                srvGetServiceHandleDirect
 .text.srvGetServiceHandle
                0x0010de3c       0x38 C:/devkitPro/libctru/lib\libctru.a(srv.o)
                0x0010de3c                srvGetServiceHandle
 .text.srvSubscribe
                0x0010de74       0x34 C:/devkitPro/libctru/lib\libctru.a(srv.o)
                0x0010de74                srvSubscribe
 .text.srvReceiveNotification
                0x0010dea8       0x60 C:/devkitPro/libctru/lib\libctru.a(srv.o)
                0x0010dea8                srvReceiveNotification
 .text.srvPublishToSubscriber
                0x0010df08       0x38 C:/devkitPro/libctru/lib\libctru.a(srv.o)
                0x0010df08                srvPublishToSubscriber
 .text.__sync_init
                0x0010df40        0xc C:/devkitPro/libctru/lib\libctru.a(synchronization.o)
                0x0010df40                __sync_init
 .text.__sync_fini
                0x0010df4c       0x18 C:/devkitPro/libctru/lib\libctru.a(synchronization.o)
                0x0010df4c                __sync_fini
 .text.syncArbitrateAddress
                0x0010df64       0x2c C:/devkitPro/libctru/lib\libctru.a(synchronization.o)
                0x0010df64                syncArbitrateAddress
 .text.LightLock_Lock
                0x0010df90       0xac C:/devkitPro/libctru/lib\libctru.a(synchronization.o)
                0x0010df90                LightLock_Lock
 .text.LightLock_Unlock
                0x0010e03c       0x40 C:/devkitPro/libctru/lib\libctru.a(synchronization.o)
                0x0010e03c                LightLock_Unlock
 .text.RecursiveLock_Lock
                0x0010e07c       0x30 C:/devkitPro/libctru/lib\libctru.a(synchronization.o)
                0x0010e07c                RecursiveLock_Lock
 .text.RecursiveLock_Unlock
                0x0010e0ac       0x54 C:/devkitPro/libctru/lib\libctru.a(synchronization.o)
                0x0010e0ac                RecursiveLock_Unlock
 .text.LightEvent_Init
                0x0010e100       0x40 C:/devkitPro/libctru/lib\libctru.a(synchronization.o)
                0x0010e100                LightEvent_Init
 .text.LightEvent_Clear
                0x0010e140       0xa4 C:/devkitPro/libctru/lib\libctru.a(synchronization.o)
                0x0010e140                LightEvent_Clear
 .text.LightEvent_Signal
                0x0010e1e4       0xc8 C:/devkitPro/libctru/lib\libctru.a(synchronization.o)
                0x0010e1e4                LightEvent_Signal
 .text.LightEvent_TryWait
                0x0010e2ac       0x50 C:/devkitPro/libctru/lib\libctru.a(synchronization.o)
                0x0010e2ac                LightEvent_TryWait
 .text.LightEvent_Wait
                0x0010e2fc       0xa0 C:/devkitPro/libctru/lib\libctru.a(synchronization.o)
                0x0010e2fc                LightEvent_Wait
 .text.threadCreate
                0x0010e39c      0x1d8 C:/devkitPro/libctru/lib\libctru.a(thread.o)
                0x0010e39c                threadCreate
 .text.threadFree
                0x0010e574       0x2c C:/devkitPro/libctru/lib\libctru.a(thread.o)
                0x0010e574                threadFree
 .text.threadJoin
                0x0010e5a0       0x24 C:/devkitPro/libctru/lib\libctru.a(thread.o)
                0x0010e5a0                threadJoin
 .text.threadGetCurrent
                0x0010e5c4       0x30 C:/devkitPro/libctru/lib\libctru.a(thread.o)
                0x0010e5c4                threadGetCurrent
 .text.threadExit
                0x0010e5f4       0x40 C:/devkitPro/libctru/lib\libctru.a(thread.o)
                0x0010e5f4                threadExit
 .text._thread_begin
                0x0010e634       0x20 C:/devkitPro/libctru/lib\libctru.a(thread.o)
 .text.mappableFindAddressWithin
                0x0010e654       0xb4 C:/devkitPro/libctru/lib\libctru.a(mappable.o)
 .text.mappableInit
                0x0010e708       0x28 C:/devkitPro/libctru/lib\libctru.a(mappable.o)
                0x0010e708                mappableInit
 .text.mappableAlloc
                0x0010e730       0x80 C:/devkitPro/libctru/lib\libctru.a(mappable.o)
                0x0010e730                mappableAlloc
 .text.mappableFree
                0x0010e7b0        0x4 C:/devkitPro/libctru/lib\libctru.a(mappable.o)
                0x0010e7b0                mappableFree
 .text.srvPmGetSessionHandle
                0x0010e7b4        0xc C:/devkitPro/libctru/lib\libctru.a(srvpm.o)
                0x0010e7b4                srvPmGetSessionHandle
 .text.rbtree_node_next
                0x0010e7c0       0x5c C:/devkitPro/libctru/lib\libctru.a(rbtree_iterator.o)
                0x0010e7c0                rbtree_node_next
 .text.__appExit
                0x0010e81c       0x30 C:/devkitPro/libctru/lib\libctru.a(appExit.o)
                0x0010e81c                __appExit
 .text.__appInit
                0x0010e84c       0x30 C:/devkitPro/libctru/lib\libctru.a(appInit.o)
                0x0010e84c                __appInit
 .text.__libctru_exit
                0x0010e87c       0x90 C:/devkitPro/libctru/lib\libctru.a(ctru_exit.o)
                0x0010e87c                __libctru_exit
 .text.archive_link
                0x0010e90c       0x14 C:/devkitPro/libctru/lib\libctru.a(archive_dev.o)
 .text.archive_dirreset
                0x0010e920       0x14 C:/devkitPro/libctru/lib\libctru.a(archive_dev.o)
 .text.archive_chmod
                0x0010e934       0x14 C:/devkitPro/libctru/lib\libctru.a(archive_dev.o)
 .text.error_cmp
                0x0010e948       0x24 C:/devkitPro/libctru/lib\libctru.a(archive_dev.o)
 .text.archive_translate_error
                0x0010e96c       0x50 C:/devkitPro/libctru/lib\libctru.a(archive_dev.o)
 .text.archive_seek
                0x0010e9bc       0xc8 C:/devkitPro/libctru/lib\libctru.a(archive_dev.o)
 .text._archiveInit.part.0
                0x0010ea84       0x7c C:/devkitPro/libctru/lib\libctru.a(archive_dev.o)
 .text.archiveFindDevice.part.0
                0x0010eb00       0xc4 C:/devkitPro/libctru/lib\libctru.a(archive_dev.o)
 .text.archive_utf16path
                0x0010ebc4      0x280 C:/devkitPro/libctru/lib\libctru.a(archive_dev.o)
 .text._archiveUnmountDeviceStruct.part.0
                0x0010ee44       0x9c C:/devkitPro/libctru/lib\libctru.a(archive_dev.o)
 .text.archive_fchmod
                0x0010eee0       0x14 C:/devkitPro/libctru/lib\libctru.a(archive_dev.o)
 .text.archive_statvfs
                0x0010eef4       0x14 C:/devkitPro/libctru/lib\libctru.a(archive_dev.o)
 .text._archiveMountDevice
                0x0010ef08      0x164 C:/devkitPro/libctru/lib\libctru.a(archive_dev.o)
 .text.archive_diropen
                0x0010f06c       0xe8 C:/devkitPro/libctru/lib\libctru.a(archive_dev.o)
 .text.archive_fstat
                0x0010f154       0xa4 C:/devkitPro/libctru/lib\libctru.a(archive_dev.o)
 .text.archive_fsync
                0x0010f1f8       0x6c C:/devkitPro/libctru/lib\libctru.a(archive_dev.o)
 .text.archive_close
                0x0010f264       0x6c C:/devkitPro/libctru/lib\libctru.a(archive_dev.o)
 .text.archive_dirclose
                0x0010f2d0       0x70 C:/devkitPro/libctru/lib\libctru.a(archive_dev.o)
 .text.sdmc_statvfs
                0x0010f340       0xe8 C:/devkitPro/libctru/lib\libctru.a(archive_dev.o)
 .text.archive_chdir
                0x0010f428       0xec C:/devkitPro/libctru/lib\libctru.a(archive_dev.o)
 .text.archive_ftruncate
                0x0010f514       0x7c C:/devkitPro/libctru/lib\libctru.a(archive_dev.o)
 .text.archive_read
                0x0010f590       0xac C:/devkitPro/libctru/lib\libctru.a(archive_dev.o)
 .text.archive_unlink
                0x0010f63c       0xa4 C:/devkitPro/libctru/lib\libctru.a(archive_dev.o)
 .text.archive_rmdir
                0x0010f6e0       0xbc C:/devkitPro/libctru/lib\libctru.a(archive_dev.o)
 .text.archive_mkdir
                0x0010f79c       0xdc C:/devkitPro/libctru/lib\libctru.a(archive_dev.o)
 .text.archive_stat
                0x0010f878      0x194 C:/devkitPro/libctru/lib\libctru.a(archive_dev.o)
 .text.archive_dirnext
                0x0010fa0c      0x160 C:/devkitPro/libctru/lib\libctru.a(archive_dev.o)
 .text.archive_write
                0x0010fb6c      0x124 C:/devkitPro/libctru/lib\libctru.a(archive_dev.o)
 .text.archive_open
                0x0010fc90      0x20c C:/devkitPro/libctru/lib\libctru.a(archive_dev.o)
 .text.archive_rename
                0x0010fe9c      0x278 C:/devkitPro/libctru/lib\libctru.a(archive_dev.o)
 .text.archiveMountSdmc
                0x00110114      0x19c C:/devkitPro/libctru/lib\libctru.a(archive_dev.o)
                0x00110114                archiveMountSdmc
 .text.archiveUnmountAll
                0x001102b0       0x54 C:/devkitPro/libctru/lib\libctru.a(archive_dev.o)
                0x001102b0                archiveUnmountAll
 .text.fsInit   0x00110304       0xcc C:/devkitPro/libctru/lib\libctru.a(fs.o)
                0x00110304                fsInit
 .text.fsExit   0x001103d0       0x3c C:/devkitPro/libctru/lib\libctru.a(fs.o)
                0x001103d0                fsExit
 .text.fsExemptFromSession
                0x0011040c       0x60 C:/devkitPro/libctru/lib\libctru.a(fs.o)
                0x0011040c                fsExemptFromSession
 .text.fsUnexemptFromSession
                0x0011046c       0x50 C:/devkitPro/libctru/lib\libctru.a(fs.o)
                0x0011046c                fsUnexemptFromSession
 .text.FSUSER_OpenFile
                0x001104bc       0xcc C:/devkitPro/libctru/lib\libctru.a(fs.o)
                0x001104bc                FSUSER_OpenFile
 .text.FSUSER_DeleteFile
                0x00110588       0xbc C:/devkitPro/libctru/lib\libctru.a(fs.o)
                0x00110588                FSUSER_DeleteFile
 .text.FSUSER_RenameFile
                0x00110644       0xf8 C:/devkitPro/libctru/lib\libctru.a(fs.o)
                0x00110644                FSUSER_RenameFile
 .text.FSUSER_DeleteDirectory
                0x0011073c       0xbc C:/devkitPro/libctru/lib\libctru.a(fs.o)
                0x0011073c                FSUSER_DeleteDirectory
 .text.FSUSER_CreateFile
                0x001107f8       0xd4 C:/devkitPro/libctru/lib\libctru.a(fs.o)
                0x001107f8                FSUSER_CreateFile
 .text.FSUSER_CreateDirectory
                0x001108cc       0xc4 C:/devkitPro/libctru/lib\libctru.a(fs.o)
                0x001108cc                FSUSER_CreateDirectory
 .text.FSUSER_RenameDirectory
                0x00110990       0xf8 C:/devkitPro/libctru/lib\libctru.a(fs.o)
                0x00110990                FSUSER_RenameDirectory
 .text.FSUSER_OpenDirectory
                0x00110a88       0xb4 C:/devkitPro/libctru/lib\libctru.a(fs.o)
                0x00110a88                FSUSER_OpenDirectory
 .text.FSUSER_OpenArchive
                0x00110b3c       0x94 C:/devkitPro/libctru/lib\libctru.a(fs.o)
                0x00110b3c                FSUSER_OpenArchive
 .text.FSUSER_CloseArchive
                0x00110bd0       0x8c C:/devkitPro/libctru/lib\libctru.a(fs.o)
                0x00110bd0                FSUSER_CloseArchive
 .text.FSUSER_GetSdmcArchiveResource
                0x00110c5c       0x74 C:/devkitPro/libctru/lib\libctru.a(fs.o)
                0x00110c5c                FSUSER_GetSdmcArchiveResource
 .text.FSUSER_IsSdmcWritable
                0x00110cd0       0x64 C:/devkitPro/libctru/lib\libctru.a(fs.o)
                0x00110cd0                FSUSER_IsSdmcWritable
 .text.FSFILE_Read
                0x00110d34       0x58 C:/devkitPro/libctru/lib\libctru.a(fs.o)
                0x00110d34                FSFILE_Read
 .text.FSFILE_Write
                0x00110d8c       0x60 C:/devkitPro/libctru/lib\libctru.a(fs.o)
                0x00110d8c                FSFILE_Write
 .text.FSFILE_GetSize
                0x00110dec       0x38 C:/devkitPro/libctru/lib\libctru.a(fs.o)
                0x00110dec                FSFILE_GetSize
 .text.FSFILE_SetSize
                0x00110e24       0x28 C:/devkitPro/libctru/lib\libctru.a(fs.o)
                0x00110e24                FSFILE_SetSize
 .text.FSFILE_Close
                0x00110e4c       0x3c C:/devkitPro/libctru/lib\libctru.a(fs.o)
                0x00110e4c                FSFILE_Close
 .text.FSFILE_Flush
                0x00110e88       0x24 C:/devkitPro/libctru/lib\libctru.a(fs.o)
                0x00110e88                FSFILE_Flush
 .text.FSDIR_Read
                0x00110eac       0x50 C:/devkitPro/libctru/lib\libctru.a(fs.o)
                0x00110eac                FSDIR_Read
 .text.FSDIR_Close
                0x00110efc       0x3c C:/devkitPro/libctru/lib\libctru.a(fs.o)
                0x00110efc                FSDIR_Close
 .text.decode_utf8
                0x00110f38      0x13c C:/devkitPro/libctru/lib\libctru.a(decode_utf8.o)
                0x00110f38                decode_utf8
 .text.utf16_to_utf8
                0x00111074       0xe8 C:/devkitPro/libctru/lib\libctru.a(utf16_to_utf8.o)
                0x00111074                utf16_to_utf8
 .text.utf8_to_utf16
                0x0011115c       0xc0 C:/devkitPro/libctru/lib\libctru.a(utf8_to_utf16.o)
                0x0011115c                utf8_to_utf16
 .text.__aeabi_read_tp
                0x0011121c        0xc C:/devkitPro/libctru/lib\libctru.a(readtp.o)
                0x0011121c                __aeabi_read_tp
 .text.decode_utf16
                0x00111228       0x64 C:/devkitPro/libctru/lib\libctru.a(decode_utf16.o)
                0x00111228                decode_utf16
 .text.encode_utf16
                0x0011128c       0x54 C:/devkitPro/libctru/lib\libctru.a(encode_utf16.o)
                0x0011128c                encode_utf16
 .text.encode_utf8
                0x001112e0       0xe0 C:/devkitPro/libctru/lib\libctru.a(encode_utf8.o)
                0x001112e0                encode_utf8
 .text.tanf     0x001113c0       0x70 C:/devkitPro/devkitARM/bin/../lib/gcc/arm-none-eabi/13.2.0/../../../../arm-none-eabi/lib/armv6k/fpu\libm.a(libm_a-sf_tan.o)
                0x001113c0                tanf
 .text.sinf     0x00111430      0x244 C:/devkitPro/devkitARM/bin/../lib/gcc/arm-none-eabi/13.2.0/../../../../arm-none-eabi/lib/armv6k/fpu\libm.a(libm_a-sinf.o)
                0x00111430                sinf
 *fill*         0x00111674        0x4 
 .text.cosf     0x00111678      0x22c C:/devkitPro/devkitARM/bin/../lib/gcc/arm-none-eabi/13.2.0/../../../../arm-none-eabi/lib/armv6k/fpu\libm.a(libm_a-cosf.o)
                0x00111678                cosf
 .text.with_errnof
                0x001118a4       0x24 C:/devkitPro/devkitARM/bin/../lib/gcc/arm-none-eabi/13.2.0/../../../../arm-none-eabi/lib/armv6k/fpu\libm.a(libm_a-math_errf.o)
 .text.__math_invalidf
                0x001118c8       0x1c C:/devkitPro/devkitARM/bin/../lib/gcc/arm-none-eabi/13.2.0/../../../../arm-none-eabi/lib/armv6k/fpu\libm.a(libm_a-math_errf.o)
                0x001118c8                __math_invalidf
 *fill*         0x001118e4        0x4 
 .text.sin      0x001118e8       0xc8 C:/devkitPro/devkitARM/bin/../lib/gcc/arm-none-eabi/13.2.0/../../../../arm-none-eabi/lib/armv6k/fpu\libm.a(libm_a-s_sin.o)
                0x001118e8                sin
 .text.cos      0x001119b0       0xc0 C:/devkitPro/devkitARM/bin/../lib/gcc/arm-none-eabi/13.2.0/../../../../arm-none-eabi/lib/armv6k/fpu\libm.a(libm_a-s_cos.o)
                0x001119b0                cos
 .text.__kernel_tanf
                0x00111a70      0x208 C:/devkitPro/devkitARM/bin/../lib/gcc/arm-none-eabi/13.2.0/../../../../arm-none-eabi/lib/armv6k/fpu\libm.a(libm_a-kf_tan.o)
                0x00111a70                __kernel_tanf
 .text.__ieee754_rem_pio2f
                0x00111c78      0x2c8 C:/devkitPro/devkitARM/bin/../lib/gcc/arm-none-eabi/13.2.0/../../../../arm-none-eabi/lib/armv6k/fpu\libm.a(libm_a-ef_rem_pio2.o)
                0x00111c78                __ieee754_rem_pio2f
 .text.__kernel_cos
                0x00111f40      0x158 C:/devkitPro/devkitARM/bin/../lib/gcc/arm-none-eabi/13.2.0/../../../../arm-none-eabi/lib/armv6k/fpu\libm.a(libm_a-k_cos.o)
                0x00111f40                __kernel_cos
 .text.__kernel_sin
                0x00112098       0xc0 C:/devkitPro/devkitARM/bin/../lib/gcc/arm-none-eabi/13.2.0/../../../../arm-none-eabi/lib/armv6k/fpu\libm.a(libm_a-k_sin.o)
                0x00112098                __kernel_sin
 .text.fabsf    0x00112158       0x10 C:/devkitPro/devkitARM/bin/../lib/gcc/arm-none-eabi/13.2.0/../../../../arm-none-eabi/lib/armv6k/fpu\libm.a(libm_a-sf_fabs.o)
                0x00112158                fabsf
 .text.__ieee754_rem_pio2
                0x00112168      0x308 C:/devkitPro/devkitARM/bin/../lib/gcc/arm-none-eabi/13.2.0/../../../../arm-none-eabi/lib/armv6k/fpu\libm.a(libm_a-e_rem_pio2.o)
                0x00112168                __ieee754_rem_pio2
 .text.fabs     0x00112470       0x14 C:/devkitPro/devkitARM/bin/../lib/gcc/arm-none-eabi/13.2.0/../../../../arm-none-eabi/lib/armv6k/fpu\libm.a(libm_a-s_fabs.o)
                0x00112470                fabs
 .text.__kernel_rem_pio2f
                0x00112484      0x844 C:/devkitPro/devkitARM/bin/../lib/gcc/arm-none-eabi/13.2.0/../../../../arm-none-eabi/lib/armv6k/fpu\libm.a(libm_a-kf_rem_pio2.o)
                0x00112484                __kernel_rem_pio2f
 .text.floorf   0x00112cc8       0xc0 C:/devkitPro/devkitARM/bin/../lib/gcc/arm-none-eabi/13.2.0/../../../../arm-none-eabi/lib/armv6k/fpu\libm.a(libm_a-sf_floor.o)
                0x00112cc8                floorf
 .text.__kernel_rem_pio2
                0x00112d88      0x870 C:/devkitPro/devkitARM/bin/../lib/gcc/arm-none-eabi/13.2.0/../../../../arm-none-eabi/lib/armv6k/fpu\libm.a(libm_a-k_rem_pio2.o)
                0x00112d88                __kernel_rem_pio2
 .text.scalbn   0x001135f8      0x140 C:/devkitPro/devkitARM/bin/../lib/gcc/arm-none-eabi/13.2.0/../../../../arm-none-eabi/lib/armv6k/fpu\libm.a(libm_a-s_scalbn.o)
                0x001135f8                scalbn
 .text.scalbnf  0x00113738      0x12c C:/devkitPro/devkitARM/bin/../lib/gcc/arm-none-eabi/13.2.0/../../../../arm-none-eabi/lib/armv6k/fpu\libm.a(libm_a-sf_scalbn.o)
                0x00113738                scalbnf
 *fill*         0x00113864        0x4 
 .text.floor    0x00113868      0x144 C:/devkitPro/devkitARM/bin/../lib/gcc/arm-none-eabi/13.2.0/../../../../arm-none-eabi/lib/armv6k/fpu\libm.a(libm_a-s_floor.o)
                0x00113868                floor
 .text.__udivmoddi4
                0x001139ac      0x120 C:/devkitPro/devkitARM/bin/../lib/gcc/arm-none-eabi/13.2.0/armv6k/fpu\libgcc.a(_udivmoddi4.o)
                0x001139ac                __udivmoddi4
 .text.printf   0x00113acc       0x34 C:/devkitPro/devkitARM/bin/../lib/gcc/arm-none-eabi/13.2.0/../../../../arm-none-eabi/lib/armv6k/fpu\libg.a(libc_a-printf.o)
                0x00113acc                printf
 .text.memalign
                0x00113b00       0x20 C:/devkitPro/devkitARM/bin/../lib/gcc/arm-none-eabi/13.2.0/../../../../arm-none-eabi/lib/armv6k/fpu\libg.a(libc_a-malign.o)
                0x00113b00                memalign
 .text._memalign_r
                0x00113b20      0x14c C:/devkitPro/devkitARM/bin/../lib/gcc/arm-none-eabi/13.2.0/../../../../arm-none-eabi/lib/armv6k/fpu\libg.a(libc_a-malignr.o)
                0x00113b20                _memalign_r
 .text.bsearch  0x00113c6c       0x78 C:/devkitPro/devkitARM/bin/../lib/gcc/arm-none-eabi/13.2.0/../../../../arm-none-eabi/lib/armv6k/fpu\libg.a(libc_a-bsearch.o)
                0x00113c6c                bsearch
 .text.calloc   0x00113ce4       0x20 C:/devkitPro/devkitARM/bin/../lib/gcc/arm-none-eabi/13.2.0/../../../../arm-none-eabi/lib/armv6k/fpu\libg.a(libc_a-calloc.o)
                0x00113ce4                calloc
 .text._calloc_r
                0x00113d04       0xc0 C:/devkitPro/devkitARM/bin/../lib/gcc/arm-none-eabi/13.2.0/../../../../arm-none-eabi/lib/armv6k/fpu\libg.a(libc_a-callocr.o)
                0x00113d04                _calloc_r
 .text.setvbuf  0x00113dc4      0x25c C:/devkitPro/devkitARM/bin/../lib/gcc/arm-none-eabi/13.2.0/../../../../arm-none-eabi/lib/armv6k/fpu\libg.a(libc_a-setvbuf.o)
                0x00113dc4                setvbuf
 .text.__call_exitprocs
                0x00114020        0x4 C:/devkitPro/devkitARM/bin/../lib/gcc/arm-none-eabi/13.2.0/../../../../arm-none-eabi/lib/armv6k/fpu\libg.a(libc_a-exit.o)
                0x00114020                __call_exitprocs
 .text.exit     0x00114024       0x30 C:/devkitPro/devkitARM/bin/../lib/gcc/arm-none-eabi/13.2.0/../../../../arm-none-eabi/lib/armv6k/fpu\libg.a(libc_a-exit.o)
                0x00114024                exit
 .text._malloc_trim_r
                0x00114054       0xf8 C:/devkitPro/devkitARM/bin/../lib/gcc/arm-none-eabi/13.2.0/../../../../arm-none-eabi/lib/armv6k/fpu\libg.a(libc_a-freer.o)
                0x00114054                _malloc_trim_r
 .text._free_r  0x0011414c      0x2e8 C:/devkitPro/devkitARM/bin/../lib/gcc/arm-none-eabi/13.2.0/../../../../arm-none-eabi/lib/armv6k/fpu\libg.a(libc_a-freer.o)
                0x0011414c                _free_r
 .text.malloc   0x00114434       0x18 C:/devkitPro/devkitARM/bin/../lib/gcc/arm-none-eabi/13.2.0/../../../../arm-none-eabi/lib/armv6k/fpu\libg.a(libc_a-malloc.o)
                0x00114434                malloc
 .text.free     0x0011444c       0x18 C:/devkitPro/devkitARM/bin/../lib/gcc/arm-none-eabi/13.2.0/../../../../arm-none-eabi/lib/armv6k/fpu\libg.a(libc_a-malloc.o)
                0x0011444c                free
 .text._malloc_r
                0x00114464      0x79c C:/devkitPro/devkitARM/bin/../lib/gcc/arm-none-eabi/13.2.0/../../../../arm-none-eabi/lib/armv6k/fpu\libg.a(libc_a-mallocr.o)
                0x00114464                _malloc_r
 .text.memset   0x00114c00       0xf4 C:/devkitPro/devkitARM/bin/../lib/gcc/arm-none-eabi/13.2.0/../../../../arm-none-eabi/lib/armv6k/fpu\libg.a(libc_a-memset.o)
                0x00114c00                memset
 .text.__malloc_lock
                0x00114cf4        0xc C:/devkitPro/devkitARM/bin/../lib/gcc/arm-none-eabi/13.2.0/../../../../arm-none-eabi/lib/armv6k/fpu\libg.a(libc_a-mlock.o)
                0x00114cf4                __malloc_lock
 .text.__malloc_unlock
                0x00114d00        0xc C:/devkitPro/devkitARM/bin/../lib/gcc/arm-none-eabi/13.2.0/../../../../arm-none-eabi/lib/armv6k/fpu\libg.a(libc_a-mlock.o)
                0x00114d00                __malloc_unlock
 .text.get_arg  0x00114d0c      0x64c C:/devkitPro/devkitARM/bin/../lib/gcc/arm-none-eabi/13.2.0/../../../../arm-none-eabi/lib/armv6k/fpu\libg.a(libc_a-vfprintf.o)
 .text._vfprintf_r
                0x00115358     0x3378 C:/devkitPro/devkitARM/bin/../lib/gcc/arm-none-eabi/13.2.0/../../../../arm-none-eabi/lib/armv6k/fpu\libg.a(libc_a-vfprintf.o)
                0x00115358                _vfprintf_r
 .text.__sbprintf
                0x001186d0       0xb8 C:/devkitPro/devkitARM/bin/../lib/gcc/arm-none-eabi/13.2.0/../../../../arm-none-eabi/lib/armv6k/fpu\libg.a(libc_a-vfprintf.o)
 .text.strlen   0x00118788       0x90 C:/devkitPro/devkitARM/bin/../lib/gcc/arm-none-eabi/13.2.0/../../../../arm-none-eabi/lib/armv6k/fpu\libg.a(libc_a-strlen.o)
                0x00118788                strlen
 .text.__sflush_r
                0x00118818      0x22c C:/devkitPro/devkitARM/bin/../lib/gcc/arm-none-eabi/13.2.0/../../../../arm-none-eabi/lib/armv6k/fpu\libg.a(libc_a-fflush.o)
                0x00118818                __sflush_r
 .text._fflush_r
                0x00118a44       0x94 C:/devkitPro/devkitARM/bin/../lib/gcc/arm-none-eabi/13.2.0/../../../../arm-none-eabi/lib/armv6k/fpu\libg.a(libc_a-fflush.o)
                0x00118a44                _fflush_r
 .text.strncat  0x00118ad8       0xe4 C:/devkitPro/devkitARM/bin/../lib/gcc/arm-none-eabi/13.2.0/../../../../arm-none-eabi/lib/armv6k/fpu\libg.a(libc_a-strncat.o)
                0x00118ad8                strncat
 .text.strncmp  0x00118bbc       0xe4 C:/devkitPro/devkitARM/bin/../lib/gcc/arm-none-eabi/13.2.0/../../../../arm-none-eabi/lib/armv6k/fpu\libg.a(libc_a-strncmp.o)
                0x00118bbc                strncmp
 .text._fwalk_sglue
                0x00118ca0       0x70 C:/devkitPro/devkitARM/bin/../lib/gcc/arm-none-eabi/13.2.0/../../../../arm-none-eabi/lib/armv6k/fpu\libg.a(libc_a-fwalk.o)
                0x00118ca0                _fwalk_sglue
 .text.strncpy  0x00118d10       0xc4 C:/devkitPro/devkitARM/bin/../lib/gcc/arm-none-eabi/13.2.0/../../../../arm-none-eabi/lib/armv6k/fpu\libg.a(libc_a-strncpy.o)
                0x00118d10                strncpy
 .text.stdio_exit_handler
                0x00118dd4       0x1c C:/devkitPro/devkitARM/bin/../lib/gcc/arm-none-eabi/13.2.0/../../../../arm-none-eabi/lib/armv6k/fpu\libg.a(libc_a-findfp.o)
 .text.cleanup_stdio
                0x00118df0       0x5c C:/devkitPro/devkitARM/bin/../lib/gcc/arm-none-eabi/13.2.0/../../../../arm-none-eabi/lib/armv6k/fpu\libg.a(libc_a-findfp.o)
 .text.global_stdio_init.part.0
                0x00118e4c      0x154 C:/devkitPro/devkitARM/bin/../lib/gcc/arm-none-eabi/13.2.0/../../../../arm-none-eabi/lib/armv6k/fpu\libg.a(libc_a-findfp.o)
 .text.__sinit  0x00118fa0       0x5c C:/devkitPro/devkitARM/bin/../lib/gcc/arm-none-eabi/13.2.0/../../../../arm-none-eabi/lib/armv6k/fpu\libg.a(libc_a-findfp.o)
                0x00118fa0                __sinit
 .text.__sfp_lock_acquire
                0x00118ffc        0xc C:/devkitPro/devkitARM/bin/../lib/gcc/arm-none-eabi/13.2.0/../../../../arm-none-eabi/lib/armv6k/fpu\libg.a(libc_a-findfp.o)
                0x00118ffc                __sfp_lock_acquire
 .text.__sfp_lock_release
                0x00119008        0xc C:/devkitPro/devkitARM/bin/../lib/gcc/arm-none-eabi/13.2.0/../../../../arm-none-eabi/lib/armv6k/fpu\libg.a(libc_a-findfp.o)
                0x00119008                __sfp_lock_release
 .text.strnlen  0x00119014       0x48 C:/devkitPro/devkitARM/bin/../lib/gcc/arm-none-eabi/13.2.0/../../../../arm-none-eabi/lib/armv6k/fpu\libg.a(libc_a-strnlen.o)
                0x00119014                strnlen
 .text._strtoul_l.isra.0
                0x0011905c      0x1d8 C:/devkitPro/devkitARM/bin/../lib/gcc/arm-none-eabi/13.2.0/../../../../arm-none-eabi/lib/armv6k/fpu\libg.a(libc_a-strtoul.o)
 .text.strtoul  0x00119234       0x34 C:/devkitPro/devkitARM/bin/../lib/gcc/arm-none-eabi/13.2.0/../../../../arm-none-eabi/lib/armv6k/fpu\libg.a(libc_a-strtoul.o)
                0x00119234                strtoul
 .text.__locale_mb_cur_max
                0x00119268       0x24 C:/devkitPro/devkitARM/bin/../lib/gcc/arm-none-eabi/13.2.0/../../../../arm-none-eabi/lib/armv6k/fpu\libg.a(libc_a-locale.o)
                0x00119268                __locale_mb_cur_max
 .text._localeconv_r
                0x0011928c       0x24 C:/devkitPro/devkitARM/bin/../lib/gcc/arm-none-eabi/13.2.0/../../../../arm-none-eabi/lib/armv6k/fpu\libg.a(libc_a-localeconv.o)
                0x0011928c                _localeconv_r
 .text.memchr   0x001192b0       0xe0 C:/devkitPro/devkitARM/bin/../lib/gcc/arm-none-eabi/13.2.0/../../../../arm-none-eabi/lib/armv6k/fpu\libg.a(libc_a-memchr-stub.o)
                0x001192b0                memchr
 .text.__utf8_wctomb
                0x00119390       0xf0 C:/devkitPro/devkitARM/bin/../lib/gcc/arm-none-eabi/13.2.0/../../../../arm-none-eabi/lib/armv6k/fpu\libg.a(libc_a-wctomb_r.o)
                0x00119390                __utf8_wctomb
 .text.memcpy   0x00119480      0x11c C:/devkitPro/devkitARM/bin/../lib/gcc/arm-none-eabi/13.2.0/../../../../arm-none-eabi/lib/armv6k/fpu\libg.a(libc_a-memcpy-stub.o)
                0x00119480                memcpy
 .text.__libc_init_array
                0x0011959c       0x84 C:/devkitPro/devkitARM/bin/../lib/gcc/arm-none-eabi/13.2.0/../../../../arm-none-eabi/lib/armv6k/fpu\libg.a(libc_a-init.o)
                0x0011959c                __libc_init_array
 .text.__libc_fini_array
                0x00119620       0x3c C:/devkitPro/devkitARM/bin/../lib/gcc/arm-none-eabi/13.2.0/../../../../arm-none-eabi/lib/armv6k/fpu\libg.a(libc_a-fini.o)
                0x00119620                __libc_fini_array
 .text.__errno  0x0011965c        0xc C:/devkitPro/devkitARM/bin/../lib/gcc/arm-none-eabi/13.2.0/../../../../arm-none-eabi/lib/armv6k/fpu\libg.a(libc_a-errno.o)
                0x0011965c                __errno
 .text.frexp    0x00119668       0x88 C:/devkitPro/devkitARM/bin/../lib/gcc/arm-none-eabi/13.2.0/../../../../arm-none-eabi/lib/armv6k/fpu\libg.a(libm_a-s_frexp.o)
                0x00119668                frexp
 .text.__smakebuf_r
                0x001196f0      0x12c C:/devkitPro/devkitARM/bin/../lib/gcc/arm-none-eabi/13.2.0/../../../../arm-none-eabi/lib/armv6k/fpu\libg.a(libc_a-makebuf.o)
                0x001196f0                __smakebuf_r
 .text.__swhatbuf_r
                0x0011981c       0x8c C:/devkitPro/devkitARM/bin/../lib/gcc/arm-none-eabi/13.2.0/../../../../arm-none-eabi/lib/armv6k/fpu\libg.a(libc_a-makebuf.o)
                0x0011981c                __swhatbuf_r
 .text._wcrtomb_r
                0x001198a8       0xa0 C:/devkitPro/devkitARM/bin/../lib/gcc/arm-none-eabi/13.2.0/../../../../arm-none-eabi/lib/armv6k/fpu\libg.a(libc_a-wcrtomb.o)
                0x001198a8                _wcrtomb_r
 .text._wcsrtombs_r
                0x00119948       0x28 C:/devkitPro/devkitARM/bin/../lib/gcc/arm-none-eabi/13.2.0/../../../../arm-none-eabi/lib/armv6k/fpu\libg.a(libc_a-wcsrtombs.o)
                0x00119948                _wcsrtombs_r
 .text.__sread  0x00119970       0x44 C:/devkitPro/devkitARM/bin/../lib/gcc/arm-none-eabi/13.2.0/../../../../arm-none-eabi/lib/armv6k/fpu\libg.a(libc_a-stdio.o)
                0x00119970                __sread
 .text.__swrite
                0x001199b4       0x68 C:/devkitPro/devkitARM/bin/../lib/gcc/arm-none-eabi/13.2.0/../../../../arm-none-eabi/lib/armv6k/fpu\libg.a(libc_a-stdio.o)
                0x001199b4                __swrite
 .text.__sseek  0x00119a1c       0x44 C:/devkitPro/devkitARM/bin/../lib/gcc/arm-none-eabi/13.2.0/../../../../arm-none-eabi/lib/armv6k/fpu\libg.a(libc_a-stdio.o)
                0x00119a1c                __sseek
 .text.__sclose
                0x00119a60        0x8 C:/devkitPro/devkitARM/bin/../lib/gcc/arm-none-eabi/13.2.0/../../../../arm-none-eabi/lib/armv6k/fpu\libg.a(libc_a-stdio.o)
                0x00119a60                __sclose
 .text.get_arg  0x00119a68      0x64c C:/devkitPro/devkitARM/bin/../lib/gcc/arm-none-eabi/13.2.0/../../../../arm-none-eabi/lib/armv6k/fpu\libg.a(libc_a-vfiprintf.o)
 .text.__sprint_r
                0x0011a0b4       0x30 C:/devkitPro/devkitARM/bin/../lib/gcc/arm-none-eabi/13.2.0/../../../../arm-none-eabi/lib/armv6k/fpu\libg.a(libc_a-vfiprintf.o)
                0x0011a0b4                __sprint_r
 .text._vfiprintf_r
                0x0011a0e4     0x2304 C:/devkitPro/devkitARM/bin/../lib/gcc/arm-none-eabi/13.2.0/../../../../arm-none-eabi/lib/armv6k/fpu\libg.a(libc_a-vfiprintf.o)
                0x0011a0e4                _vfiprintf_r
 .text.__sbprintf
                0x0011c3e8       0xb8 C:/devkitPro/devkitARM/bin/../lib/gcc/arm-none-eabi/13.2.0/../../../../arm-none-eabi/lib/armv6k/fpu\libg.a(libc_a-vfiprintf.o)
 .text.__swsetup_r
                0x0011c4a0      0x138 C:/devkitPro/devkitARM/bin/../lib/gcc/arm-none-eabi/13.2.0/../../../../arm-none-eabi/lib/armv6k/fpu\libg.a(libc_a-wsetup.o)
                0x0011c4a0                __swsetup_r
 .text.quorem   0x0011c5d8      0x1b4 C:/devkitPro/devkitARM/bin/../lib/gcc/arm-none-eabi/13.2.0/../../../../arm-none-eabi/lib/armv6k/fpu\libg.a(libc_a-dtoa.o)
 *fill*         0x0011c78c        0x4 
 .text._dtoa_r  0x0011c790     0x1218 C:/devkitPro/devkitARM/bin/../lib/gcc/arm-none-eabi/13.2.0/../../../../arm-none-eabi/lib/armv6k/fpu\libg.a(libc_a-dtoa.o)
                0x0011c790                _dtoa_r
 .text.strchr   0x0011d9a8      0x130 C:/devkitPro/devkitARM/bin/../lib/gcc/arm-none-eabi/13.2.0/../../../../arm-none-eabi/lib/armv6k/fpu\libg.a(libc_a-strchr.o)
                0x0011d9a8                strchr
 .text._fclose_r
                0x0011dad8      0x148 C:/devkitPro/devkitARM/bin/../lib/gcc/arm-none-eabi/13.2.0/../../../../arm-none-eabi/lib/armv6k/fpu\libg.a(libc_a-fclose.o)
                0x0011dad8                _fclose_r
 .text.memmove  0x0011dc20      0x150 C:/devkitPro/devkitARM/bin/../lib/gcc/arm-none-eabi/13.2.0/../../../../arm-none-eabi/lib/armv6k/fpu\libg.a(libc_a-memmove.o)
                0x0011dc20                memmove
 .text._Balloc  0x0011dd70       0x88 C:/devkitPro/devkitARM/bin/../lib/gcc/arm-none-eabi/13.2.0/../../../../arm-none-eabi/lib/armv6k/fpu\libg.a(libc_a-mprec.o)
                0x0011dd70                _Balloc
 .text._Bfree   0x0011ddf8       0x1c C:/devkitPro/devkitARM/bin/../lib/gcc/arm-none-eabi/13.2.0/../../../../arm-none-eabi/lib/armv6k/fpu\libg.a(libc_a-mprec.o)
                0x0011ddf8                _Bfree
 .text.__multadd
                0x0011de14       0xf4 C:/devkitPro/devkitARM/bin/../lib/gcc/arm-none-eabi/13.2.0/../../../../arm-none-eabi/lib/armv6k/fpu\libg.a(libc_a-mprec.o)
                0x0011de14                __multadd
 .text.__hi0bits
                0x0011df08       0x60 C:/devkitPro/devkitARM/bin/../lib/gcc/arm-none-eabi/13.2.0/../../../../arm-none-eabi/lib/armv6k/fpu\libg.a(libc_a-mprec.o)
                0x0011df08                __hi0bits
 .text.__lo0bits
                0x0011df68       0x9c C:/devkitPro/devkitARM/bin/../lib/gcc/arm-none-eabi/13.2.0/../../../../arm-none-eabi/lib/armv6k/fpu\libg.a(libc_a-mprec.o)
                0x0011df68                __lo0bits
 .text.__i2b    0x0011e004       0xa4 C:/devkitPro/devkitARM/bin/../lib/gcc/arm-none-eabi/13.2.0/../../../../arm-none-eabi/lib/armv6k/fpu\libg.a(libc_a-mprec.o)
                0x0011e004                __i2b
 .text.__multiply
                0x0011e0a8      0x204 C:/devkitPro/devkitARM/bin/../lib/gcc/arm-none-eabi/13.2.0/../../../../arm-none-eabi/lib/armv6k/fpu\libg.a(libc_a-mprec.o)
                0x0011e0a8                __multiply
 .text.__pow5mult
                0x0011e2ac      0x128 C:/devkitPro/devkitARM/bin/../lib/gcc/arm-none-eabi/13.2.0/../../../../arm-none-eabi/lib/armv6k/fpu\libg.a(libc_a-mprec.o)
                0x0011e2ac                __pow5mult
 .text.__lshift
                0x0011e3d4      0x140 C:/devkitPro/devkitARM/bin/../lib/gcc/arm-none-eabi/13.2.0/../../../../arm-none-eabi/lib/armv6k/fpu\libg.a(libc_a-mprec.o)
                0x0011e3d4                __lshift
 .text.__mcmp   0x0011e514       0x58 C:/devkitPro/devkitARM/bin/../lib/gcc/arm-none-eabi/13.2.0/../../../../arm-none-eabi/lib/armv6k/fpu\libg.a(libc_a-mprec.o)
                0x0011e514                __mcmp
 .text.__mdiff  0x0011e56c      0x1fc C:/devkitPro/devkitARM/bin/../lib/gcc/arm-none-eabi/13.2.0/../../../../arm-none-eabi/lib/armv6k/fpu\libg.a(libc_a-mprec.o)
                0x0011e56c                __mdiff
 .text.__d2b    0x0011e768      0x124 C:/devkitPro/devkitARM/bin/../lib/gcc/arm-none-eabi/13.2.0/../../../../arm-none-eabi/lib/armv6k/fpu\libg.a(libc_a-mprec.o)
                0x0011e768                __d2b
 .text.__sfvwrite_r
                0x0011e88c      0x4b4 C:/devkitPro/devkitARM/bin/../lib/gcc/arm-none-eabi/13.2.0/../../../../arm-none-eabi/lib/armv6k/fpu\libg.a(libc_a-fvwrite.o)
                0x0011e88c                __sfvwrite_r
 .text._realloc_r
                0x0011ed40      0x4a0 C:/devkitPro/devkitARM/bin/../lib/gcc/arm-none-eabi/13.2.0/../../../../arm-none-eabi/lib/armv6k/fpu\libg.a(libc_a-reallocr.o)
                0x0011ed40                _realloc_r
 .text.__utf8_mbtowc
                0x0011f1e0      0x2f8 C:/devkitPro/devkitARM/bin/../lib/gcc/arm-none-eabi/13.2.0/../../../../arm-none-eabi/lib/armv6k/fpu\libg.a(libc_a-mbtowc_r.o)
                0x0011f1e0                __utf8_mbtowc
 .text._wcsnrtombs_l
                0x0011f4d8      0x188 C:/devkitPro/devkitARM/bin/../lib/gcc/arm-none-eabi/13.2.0/../../../../arm-none-eabi/lib/armv6k/fpu\libg.a(libc_a-wcsnrtombs.o)
                0x0011f4d8                _wcsnrtombs_l
 .text._wcsnrtombs_r
                0x0011f660       0x64 C:/devkitPro/devkitARM/bin/../lib/gcc/arm-none-eabi/13.2.0/../../../../arm-none-eabi/lib/armv6k/fpu\libg.a(libc_a-wcsnrtombs.o)
                0x0011f660                _wcsnrtombs_r
 .text.__assert_func
                0x0011f6c4       0x5c C:/devkitPro/devkitARM/bin/../lib/gcc/arm-none-eabi/13.2.0/../../../../arm-none-eabi/lib/armv6k/fpu\libg.a(libc_a-assert.o)
                0x0011f6c4                __assert_func
 .text.fiprintf
                0x0011f720       0x3c C:/devkitPro/devkitARM/bin/../lib/gcc/arm-none-eabi/13.2.0/../../../../arm-none-eabi/lib/armv6k/fpu\libg.a(libc_a-fiprintf.o)
                0x0011f720                fiprintf
 .text.abort    0x0011f75c       0x14 C:/devkitPro/devkitARM/bin/../lib/gcc/arm-none-eabi/13.2.0/../../../../arm-none-eabi/lib/armv6k/fpu\libg.a(libc_a-abort.o)
                0x0011f75c                abort
 .text._raise_r
                0x0011f770       0x90 C:/devkitPro/devkitARM/bin/../lib/gcc/arm-none-eabi/13.2.0/../../../../arm-none-eabi/lib/armv6k/fpu\libg.a(libc_a-signal.o)
                0x0011f770                _raise_r
 .text.raise    0x0011f800       0x18 C:/devkitPro/devkitARM/bin/../lib/gcc/arm-none-eabi/13.2.0/../../../../arm-none-eabi/lib/armv6k/fpu\libg.a(libc_a-signal.o)
                0x0011f800                raise
 .text._exit    0x0011f818       0x20 C:/devkitPro/devkitARM/bin/../lib/gcc/arm-none-eabi/13.2.0/../../../../arm-none-eabi/lib/armv6k/fpu\libsysbase.a(libsysbase_libsysbase_a-_exit.o)
                0x0011f818                _exit
 .text.chdir    0x0011f838      0x13c C:/devkitPro/devkitARM/bin/../lib/gcc/arm-none-eabi/13.2.0/../../../../arm-none-eabi/lib/armv6k/fpu\libsysbase.a(libsysbase_libsysbase_a-chdir.o)
                0x0011f838                chdir
 .text._concatenate_path
                0x0011f974      0x1cc C:/devkitPro/devkitARM/bin/../lib/gcc/arm-none-eabi/13.2.0/../../../../arm-none-eabi/lib/armv6k/fpu\libsysbase.a(libsysbase_libsysbase_a-concatenate.o)
                0x0011f974                _concatenate_path
 .text._fstat_r
                0x0011fb40       0x78 C:/devkitPro/devkitARM/bin/../lib/gcc/arm-none-eabi/13.2.0/../../../../arm-none-eabi/lib/armv6k/fpu\libsysbase.a(libsysbase_libsysbase_a-fstat.o)
                0x0011fb40                _fstat_r
 .text._getpid_r
                0x0011fbb8       0x14 C:/devkitPro/devkitARM/bin/../lib/gcc/arm-none-eabi/13.2.0/../../../../arm-none-eabi/lib/armv6k/fpu\libsysbase.a(libsysbase_libsysbase_a-getpid.o)
                0x0011fbb8                _getpid_r
 .text.__getreent
                0x0011fbcc       0x2c C:/devkitPro/devkitARM/bin/../lib/gcc/arm-none-eabi/13.2.0/../../../../arm-none-eabi/lib/armv6k/fpu\libsysbase.a(libsysbase_libsysbase_a-getreent.o)
                0x0011fbcc                __getreent
 .text.__get_handle
                0x0011fbf8       0x3c C:/devkitPro/devkitARM/bin/../lib/gcc/arm-none-eabi/13.2.0/../../../../arm-none-eabi/lib/armv6k/fpu\libsysbase.a(libsysbase_libsysbase_a-handle_manager.o)
                0x0011fbf8                __get_handle
 .text._close_r
                0x0011fc34       0xf4 C:/devkitPro/devkitARM/bin/../lib/gcc/arm-none-eabi/13.2.0/../../../../arm-none-eabi/lib/armv6k/fpu\libsysbase.a(libsysbase_libsysbase_a-handle_manager.o)
                0x0011fc34                _close_r
 .text.null_write
                0x0011fd28        0x8 C:/devkitPro/devkitARM/bin/../lib/gcc/arm-none-eabi/13.2.0/../../../../arm-none-eabi/lib/armv6k/fpu\libsysbase.a(libsysbase_libsysbase_a-iosupport.o)
 .text.setDefaultDevice
                0x0011fd30       0x18 C:/devkitPro/devkitARM/bin/../lib/gcc/arm-none-eabi/13.2.0/../../../../arm-none-eabi/lib/armv6k/fpu\libsysbase.a(libsysbase_libsysbase_a-iosupport.o)
                0x0011fd30                setDefaultDevice
 .text.FindDevice
                0x0011fd48       0xc8 C:/devkitPro/devkitARM/bin/../lib/gcc/arm-none-eabi/13.2.0/../../../../arm-none-eabi/lib/armv6k/fpu\libsysbase.a(libsysbase_libsysbase_a-iosupport.o)
                0x0011fd48                FindDevice
 .text.RemoveDevice
                0x0011fe10       0x28 C:/devkitPro/devkitARM/bin/../lib/gcc/arm-none-eabi/13.2.0/../../../../arm-none-eabi/lib/armv6k/fpu\libsysbase.a(libsysbase_libsysbase_a-iosupport.o)
                0x0011fe10                RemoveDevice
 .text.AddDevice
                0x0011fe38       0x9c C:/devkitPro/devkitARM/bin/../lib/gcc/arm-none-eabi/13.2.0/../../../../arm-none-eabi/lib/armv6k/fpu\libsysbase.a(libsysbase_libsysbase_a-iosupport.o)
                0x0011fe38                AddDevice
 .text.GetDeviceOpTab
                0x0011fed4       0x20 C:/devkitPro/devkitARM/bin/../lib/gcc/arm-none-eabi/13.2.0/../../../../arm-none-eabi/lib/armv6k/fpu\libsysbase.a(libsysbase_libsysbase_a-iosupport.o)
                0x0011fed4                GetDeviceOpTab
 .text._isatty_r
                0x0011fef4        0x8 C:/devkitPro/devkitARM/bin/../lib/gcc/arm-none-eabi/13.2.0/../../../../arm-none-eabi/lib/armv6k/fpu\libsysbase.a(libsysbase_libsysbase_a-isatty.o)
                0x0011fef4                _isatty_r
 .text._kill_r  0x0011fefc       0x14 C:/devkitPro/devkitARM/bin/../lib/gcc/arm-none-eabi/13.2.0/../../../../arm-none-eabi/lib/armv6k/fpu\libsysbase.a(libsysbase_libsysbase_a-kill.o)
                0x0011fefc                _kill_r
 .text._lseek_r
                0x0011ff10       0x84 C:/devkitPro/devkitARM/bin/../lib/gcc/arm-none-eabi/13.2.0/../../../../arm-none-eabi/lib/armv6k/fpu\libsysbase.a(libsysbase_libsysbase_a-lseek.o)
                0x0011ff10                _lseek_r
 .text._read_r  0x0011ff94       0x80 C:/devkitPro/devkitARM/bin/../lib/gcc/arm-none-eabi/13.2.0/../../../../arm-none-eabi/lib/armv6k/fpu\libsysbase.a(libsysbase_libsysbase_a-read.o)
                0x0011ff94                _read_r
 .text._sbrk_r  0x00120014       0x78 C:/devkitPro/devkitARM/bin/../lib/gcc/arm-none-eabi/13.2.0/../../../../arm-none-eabi/lib/armv6k/fpu\libsysbase.a(libsysbase_libsysbase_a-sbrk.o)
                0x00120014                _sbrk_r
 .text.__libc_lock_acquire
                0x0012008c       0x1c C:/devkitPro/devkitARM/bin/../lib/gcc/arm-none-eabi/13.2.0/../../../../arm-none-eabi/lib/armv6k/fpu\libsysbase.a(libsysbase_libsysbase_a-syscall_support.o)
                0x0012008c                __libc_lock_acquire
 .text.__libc_lock_release
                0x001200a8       0x1c C:/devkitPro/devkitARM/bin/../lib/gcc/arm-none-eabi/13.2.0/../../../../arm-none-eabi/lib/armv6k/fpu\libsysbase.a(libsysbase_libsysbase_a-syscall_support.o)
                0x001200a8                __libc_lock_release
 .text.__libc_lock_acquire_recursive
                0x001200c4       0x1c C:/devkitPro/devkitARM/bin/../lib/gcc/arm-none-eabi/13.2.0/../../../../arm-none-eabi/lib/armv6k/fpu\libsysbase.a(libsysbase_libsysbase_a-syscall_support.o)
                0x001200c4                __libc_lock_acquire_recursive
 .text.__libc_lock_release_recursive
                0x001200e0       0x1c C:/devkitPro/devkitARM/bin/../lib/gcc/arm-none-eabi/13.2.0/../../../../arm-none-eabi/lib/armv6k/fpu\libsysbase.a(libsysbase_libsysbase_a-syscall_support.o)
                0x001200e0                __libc_lock_release_recursive
 .text._write_r
                0x001200fc       0x80 C:/devkitPro/devkitARM/bin/../lib/gcc/arm-none-eabi/13.2.0/../../../../arm-none-eabi/lib/armv6k/fpu\libsysbase.a(libsysbase_libsysbase_a-write.o)
                0x001200fc                _write_r
 .text.strrchr  0x0012017c       0x48 C:/devkitPro/devkitARM/bin/../lib/gcc/arm-none-eabi/13.2.0/../../../../arm-none-eabi/lib/armv6k/fpu\libg.a(libc_a-strrchr.o)
                0x0012017c                strrchr
 *(.glue_7)
 .glue_7        0x001201c4        0x0 linker stubs
 *(.glue_7t)
 .glue_7t       0x001201c4        0x0 linker stubs
 *(.stub)
 *(.gnu.warning)
 *(.gnu.linkonce.t*)
                0x001201c4                        . = ALIGN (0x4)
 *(.fini)
 .fini          0x001201c4        0xc C:/devkitPro/devkitARM/bin/../lib/gcc/arm-none-eabi/13.2.0/armv6k/fpu/crti.o
                0x001201c4                _fini
 .fini          0x001201d0        0xc C:/devkitPro/devkitARM/bin/../lib/gcc/arm-none-eabi/13.2.0/armv6k/fpu/crtn.o
                0x001201dc                        . = ALIGN (0x4)

.vfp11_veneer   0x001201dc        0x0
 .vfp11_veneer  0x001201dc        0x0 linker stubs

.v4_bx          0x001201dc        0x0
 .v4_bx         0x001201dc        0x0 linker stubs

.iplt           0x001201dc        0x0
 .iplt          0x001201dc        0x0 C:/devkitPro/devkitARM/bin/../lib/gcc/arm-none-eabi/13.2.0/../../../../arm-none-eabi/lib/armv6k/fpu/3dsx_crt0.o
                0x00121000                        . = ALIGN (0x1000)

.rodata         0x00121000   0xa67cac
 *(.rodata)
 .rodata        0x00121000   0x9c2784 main.o
                0x00121040                gasData
 .rodata        0x00ae3784        0xc C:/devkitPro/libctru/lib\libctru.a(archive_dev.o)
 *(.roda)
 *(.rodata.*)
 .rodata.vshader_shbin
                0x00ae3790      0x20c vshader.shbin.o
                0x00ae3790                vshader_shbin
                0x00ae3998                vshader_shbin_size
                0x00ae3998                vshader_shbin_end
 .rodata.people_t3x
                0x00ae399c    0x106a9 people.t3x.o
                0x00ae399c                people_t3x
                0x00af4045                people_t3x_end
 *fill*         0x00af4045        0x3 
 .rodata.road_t3x
                0x00af4048    0x1b8dd road.t3x.o
                0x00af4048                road_t3x
                0x00b0f925                road_t3x_end
 *fill*         0x00b0f925        0x3 
 .rodata.stop_t3x
                0x00b0f928    0x4e82d stop.t3x.o
                0x00b0f928                stop_t3x
                0x00b5e155                stop_t3x_end
 *fill*         0x00b5e155        0x3 
 .rodata.tvBase_t3x
                0x00b5e158    0x1ed0d tvBase.t3x.o
                0x00b5e158                tvBase_t3x
                0x00b7ce65                tvBase_t3x_end
 *fill*         0x00b7ce65        0x3 
 .rodata.tvDisplay_t3x
                0x00b7ce68      0xbe5 tvDisplay.t3x.o
                0x00b7ce68                tvDisplay_t3x
                0x00b7da4d                tvDisplay_t3x_end
 *fill*         0x00b7da4d        0x3 
 .rodata.tvStand_t3x
                0x00b7da50     0x9a5d tvStand.t3x.o
                0x00b7da50                tvStand_t3x
                0x00b874ad                tvStand_t3x_end
 *fill*         0x00b874ad        0x3 
 .rodata.str1.4
                0x00b874b0      0x25b main.o
                                 0x88 (size before relaxing)
 *fill*         0x00b8770b        0x1 
 .rodata.depthFmtSizes
                0x00b8770c        0x4 C:/devkitPro/libctru/lib\libcitro3d.a(framebuffer.o)
 .rodata.colorFmtSizes
                0x00b87710        0x5 C:/devkitPro/libctru/lib\libcitro3d.a(framebuffer.o)
 *fill*         0x00b87715        0x3 
 .rodata.CSWTCH.19
                0x00b87718       0x38 C:/devkitPro/libctru/lib\libcitro3d.a(texture.o)
 .rodata.str1.4
                0x00b87750       0x10 C:/devkitPro/libctru/lib\libctru.a(console.o)
 .rodata.dotab_stdout
                0x00b87750       0x80 C:/devkitPro/libctru/lib\libctru.a(console.o)
 .rodata.grayScale
                0x00b877d0       0x18 C:/devkitPro/libctru/lib\libctru.a(console.o)
 .rodata.colorCube
                0x00b877e8        0x6 C:/devkitPro/libctru/lib\libctru.a(console.o)
 *fill*         0x00b877ee        0x2 
 .rodata.colorTable
                0x00b877f0       0x30 C:/devkitPro/libctru/lib\libctru.a(console.o)
 .rodata.aptSendCommand.str1.4
                0x00b87820       0x16 C:/devkitPro/libctru/lib\libctru.a(apt.o)
 .rodata.morton_y.2
                0x00b87820        0x8 C:/devkitPro/libctru/lib\libctru.a(apt.o)
 .rodata.morton_x.3
                0x00b87828        0x8 C:/devkitPro/libctru/lib\libctru.a(apt.o)
 .rodata.s_sleepWakeEvents.4
                0x00b87830        0x8 C:/devkitPro/libctru/lib\libctru.a(apt.o)
 .rodata.gspInit.str1.4
                0x00b87838        0x9 C:/devkitPro/libctru/lib\libctru.a(gspgpu.o)
 .rodata.hidInit.str1.4
                0x00b87838       0x15 C:/devkitPro/libctru/lib\libctru.a(hid.o)
 .rodata.irrstInit.str1.4
                0x00b87838        0x7 C:/devkitPro/libctru/lib\libctru.a(irrst.o)
 .rodata.ptmSysmInit.str1.4
                0x00b87838        0x9 C:/devkitPro/libctru/lib\libctru.a(ptmsysm.o)
 .rodata.__system_initArgv.str1.4
                0x00b87838        0xa C:/devkitPro/libctru/lib\libctru.a(initArgv.o)
 .rodata.default_font_bin
                0x00b87838      0x800 C:/devkitPro/libctru/lib\libctru.a(default_font.bin.o)
                0x00b87838                default_font_bin
                0x00b88038                default_font_bin_end
 .rodata.srvInit.str1.4
                0x00b88038        0x5 C:/devkitPro/libctru/lib\libctru.a(srv.o)
 .rodata.archive_utf16path.str1.4
                0x00b88038        0x2 C:/devkitPro/libctru/lib\libctru.a(archive_dev.o)
 .rodata._archiveUnmountDeviceStruct.part.0.str1.4
                0x00b88038        0x2 C:/devkitPro/libctru/lib\libctru.a(archive_dev.o)
 .rodata._archiveMountDevice.str1.4
                0x00b88038        0xc C:/devkitPro/libctru/lib\libctru.a(archive_dev.o)
 .rodata.archiveMountSdmc.str1.4
                0x00b88038        0x5 C:/devkitPro/libctru/lib\libctru.a(archive_dev.o)
 .rodata.error_table
                0x00b88038       0x30 C:/devkitPro/libctru/lib\libctru.a(archive_dev.o)
 .rodata.str1.4